mysql> show databases;
+----------------------+
| Database             |
+----------------------+
| information_schema   |
| c9                   |
| milestoneProjectFour |
| mysql                |
| performance_schema   |
| phpmyadmin           |
+----------------------+
6 rows in set (0.00 sec)

mysql> USE milestoneProjectFour
Database changed
mysql> CREATE TABLE Recipe (Name VARCHAR(40), Image VARCHAR(150), Blurb VARCHAR(100), PRIMARY KEY (RecipeId), FOREIGN KEY(UserId) REFERENCES Users(UserId), PrepTime TIME, CookTime TIME, Difficulty TINYINT(1), Serves TINYINT(1));
ERROR 1072 (42000): Key column 'RecipeId' doesn't exist in table
mysql> CREATE TABLE Recipe (Id INT NOT NULL AUTO_INCREMENT, Name VARCHAR(40), Image VARCHAR(150), Blurb VARCHAR(100),  PrepTime TIME, CookTime TIME, Difficulty TINYINT NOT NULL, Serves TINYINT NOT NULL);
ERROR 1075 (42000): Incorrect table definition; there can be only one auto column and it must be defined as a key
mysql> CREATE TABLE Recipe (Id INT NOT NULL AUTO_INCREMENT PRIMARY KEY, Name VARCHAR(40), Image VARCHAR(150), Blurb VARCHAR(100), PrepTime TIME, CookTime TIME, Difficulty TINYINT NOT NULL, Serves TINYINT NOT NULL);
Query OK, 0 rows affected (0.01 sec)

mysql> show tables
    -> ;
+--------------------------------+
| Tables_in_milestoneProjectFour |
+--------------------------------+
| Recipe                         |
+--------------------------------+
1 row in set (0.00 sec)

mysql> CREATE TABLE Users (Id INT NOT NULL AUTO_INCREMENT PRIMARY KEY, Username VARCHAR(10), Password CHAR(32));
Query OK, 0 rows affected (0.02 sec)

mysql> show tables;
+--------------------------------+
| Tables_in_milestoneProjectFour |
+--------------------------------+
| Recipe                         |
| Users                          |
+--------------------------------+
2 rows in set (0.00 sec)

mysql> RENAME TABLE Recipe to Recipes;
Query OK, 0 rows affected (0.01 sec)

mysql> show tables;
+--------------------------------+
| Tables_in_milestoneProjectFour |
+--------------------------------+
| Recipes                        |
| Users                          |
+--------------------------------+
2 rows in set (0.00 sec)

mysql> CREATE TABLE RecipeCreators (UserId INT NOT NULL, RecipeId INT NOT NULL); 
Query OK, 0 rows affected (0.01 sec)

mysql> show tables
    -> ;
+--------------------------------+
| Tables_in_milestoneProjectFour |
+--------------------------------+
| RecipeCreators                 |
| Recipes                        |
| Users                          |
+--------------------------------+
3 rows in set (0.00 sec)

mysql> CREATE TABLE UserFavourites (UserId INT NOT NULL, RecipeId INT NOT NULL);
Query OK, 0 rows affected (0.01 sec)

mysql> CREATE TABLE Reviews (UserId INT NOT NULL, RecipeId INT NOT NULL, Score TINYINT NOT NULL);
Query OK, 0 rows affected (0.01 sec)

mysql> show tables;
+--------------------------------+
| Tables_in_milestoneProjectFour |
+--------------------------------+
| RecipeCreators                 |
| Recipes                        |
| Reviews                        |
| UserFavourites                 |
| Users                          |
+--------------------------------+
5 rows in set (0.00 sec)

mysql> ALTER TABLE Recipes
    -> 
    -> dd;
ERROR 1064 (42000): You have an error in your SQL syntax; check the manual that corresponds to your MySQL server version for the right syntax to use near 'dd' at line 3
mysql> SELECT * FROM Recipes
    -> ;
Empty set (0.00 sec)

mysql> SHOW CREATE VIEW Recipes
    -> ;
ERROR 1347 (HY000): 'milestoneProjectFour.Recipes' is not VIEW
mysql> ALTER TABLE Recipies 
    -> ADD UserId int NOT NULL FOREIGN KEY REFERENCES Users(Id);
ERROR 1064 (42000): You have an error in your SQL syntax; check the manual that corresponds to your MySQL server version for the right syntax to use near 'FOREIGN KEY REFERENCES Users(Id)' at line 2
mysql> ALTER TABLE Recipies 
    -> ADD UserId INT ;
ERROR 1146 (42S02): Table 'milestoneProjectFour.Recipies' doesn't exist
mysql> ALTER TABLE Recipes  ADD UserId INT;
Query OK, 0 rows affected (0.06 sec)
Records: 0  Duplicates: 0  Warnings: 0

mysql> ALTER TABLE Recipes  ADD UserId INT;
ERROR 1060 (42S21): Duplicate column name 'UserId'
mysql> ALTER TABLE Recipes 
    -> ADD FOREIGN KEY(UserId) REFERENCES Users(Id);
Query OK, 0 rows affected (0.04 sec)
Records: 0  Duplicates: 0  Warnings: 0

mysql> CREATE TABLE Categories (Id INT NOT NULL AUTO_INCREMENT PRIMARY KEY, Name VARCHAR(20));
Query OK, 0 rows affected (0.01 sec)

mysql> CREATE TABLE RecipeCategories (RecipeId INT NOT NULL, CategoryId INT NOT NULL, FOREIGN KEY (RecipeId) REFERENCES Recipes(Id),  FOREIGN KEY (CategoryId) REFERENCES Categories(Id));
Query OK, 0 rows affected (0.02 sec)

mysql> show tables
    -> ;
+--------------------------------+
| Tables_in_milestoneProjectFour |
+--------------------------------+
| Categories                     |
| RecipeCategories               |
| RecipeCreators                 |
| Recipes                        |
| Reviews                        |
| UserFavourites                 |
| Users                          |
+--------------------------------+
7 rows in set (0.00 sec)

mysql> ALTER TABLE UserFavourites
    -> ADD FOREIGN KEY(UserId) REFERENCES Users(Id);
Query OK, 0 rows affected (0.04 sec)
Records: 0  Duplicates: 0  Warnings: 0

mysql> ALTER TABLE UserFavourites ADD FOREIGN KEY(RecipeId) REFERENCES Recipes(Id);
Query OK, 0 rows affected (0.03 sec)
Records: 0  Duplicates: 0  Warnings: 0

mysql> ALTER TABLE Reviews  ADD FOREIGN KEY(UserId) REFERENCES Users(Id);
Query OK, 0 rows affected (0.04 sec)
Records: 0  Duplicates: 0  Warnings: 0

mysql> ALTER TABLE Reviews  ADD FOREIGN KEY(RecipeId) REFERENCES Recipes(Id);
Query OK, 0 rows affected (0.04 sec)
Records: 0  Duplicates: 0  Warnings: 0

mysql> ALTER TABLE RecipeCreators  ADD FOREIGN KEY(RecipeId) REFERENCES Recipes(Id);
Query OK, 0 rows affected (0.04 sec)
Records: 0  Duplicates: 0  Warnings: 0

mysql> ALTER TABLE RecipeCreators  ADD FOREIGN KEY(UserId) REFERENCES Users(Id);
Query OK, 0 rows affected (0.04 sec)
Records: 0  Duplicates: 0  Warnings: 0

mysql> CREATE TABLE Ingredients (Id INT NOT NULL AUTO_INCREMENT PRIMARY KEY, Name VARCHAR(15));
Query OK, 0 rows affected (0.02 sec)

mysql> CREATE TABLE RecipeIngredients(RecipeId INT NOT NULL, IngredientId INT NOT NULL, Quantity VARCHAR(20), Additional VARCHAR(30),  FOREIGN KEY(RecipeId) REFERENCES Recipes(Id), FOREIGN KEY(IngredientId) REFERENCES Ingredients(Id);
ERROR 1064 (42000): You have an error in your SQL syntax; check the manual that corresponds to your MySQL server version for the right syntax to use near '' at line 1
mysql> CREATE TABLE RecipeIngredients(RecipeId INT NOT NULL, IngredientId INT NOT NULL, Quantity VARCHAR(20), Additional VARCHAR(30),  FOREIGN KEY(RecipeId) REFERENCES Recipes(Id), FOREIGN KEY(IngredientId) REFERENCES Ingredients(Id));
Query OK, 0 rows affected (0.02 sec)

mysql> view tables
    -> ;
ERROR 1064 (42000): You have an error in your SQL syntax; check the manual that corresponds to your MySQL server version for the right syntax to use near 'view tables' at line 1
mysql> view tables;
ERROR 1064 (42000): You have an error in your SQL syntax; check the manual that corresponds to your MySQL server version for the right syntax to use near 'view tables' at line 1
mysql> show tables'
    '> ;
    '> sdd;
    '> 
    '> ;
    '> ;'
    -> ;
ERROR 1064 (42000): You have an error in your SQL syntax; check the manual that corresponds to your MySQL server version for the right syntax to use near ''
;
sdd;

;
;'' at line 1
mysql> show tables;
+--------------------------------+
| Tables_in_milestoneProjectFour |
+--------------------------------+
| Categories                     |
| Ingredients                    |
| RecipeCategories               |
| RecipeCreators                 |
| RecipeIngredients              |
| Recipes                        |
| Reviews                        |
| UserFavourites                 |
| Users                          |
+--------------------------------+
9 rows in set (0.00 sec)

mysql> ALTER TABLE Recipes 
    -> ADD Instructions JSON;
ERROR 1064 (42000): You have an error in your SQL syntax; check the manual that corresponds to your MySQL server version for the right syntax to use near 'JSON' at line 2
mysql> ALTER TABLE Recipes
    -> Add Instructions JSON;
ERROR 1064 (42000): You have an error in your SQL syntax; check the manual that corresponds to your MySQL server version for the right syntax to use near 'JSON' at line 2
mysql> ALTER TABLE Recipes Add Instructions TEXT;
Query OK, 0 rows affected (0.04 sec)
Records: 0  Duplicates: 0  Warnings: 0

mysql> ALTER TABLE Recipes 
    -> DROP COLUMN Image;
Query OK, 0 rows affected (0.04 sec)
Records: 0  Duplicates: 0  Warnings: 0

mysql> ALTER TABLE RECIPES
    -> ddd;
ERROR 1064 (42000): You have an error in your SQL syntax; check the manual that corresponds to your MySQL server version for the right syntax to use near 'ddd' at line 2
mysql> ALTER TABLE Recipes
    -> Add Image BLOB;
Query OK, 0 rows affected (0.03 sec)
Records: 0  Duplicates: 0  Warnings: 0

mysql> kill -9 $(lsof -i :8080 -t); 
ERROR 1064 (42000): You have an error in your SQL syntax; check the manual that corresponds to your MySQL server version for the right syntax to use near '$(lsof -i :8080 -t)' at line 1
mysql> INSERT INTO Recipes
    -> VALUES "a dish name";
ERROR 2006 (HY000): MySQL server has gone away
No connection. Trying to reconnect...
Connection id:    173
Current database: milestoneProjectFour

ERROR 1064 (42000): You have an error in your SQL syntax; check the manual that corresponds to your MySQL server version for the right syntax to use near '"a dish name"' at line 2
mysql> INSERT INTO Recipes VALUES dish;
ERROR 1064 (42000): You have an error in your SQL syntax; check the manual that corresponds to your MySQL server version for the right syntax to use near 'dish' at line 1
mysql> INSERT INTO Recipes (Name, UserId, Difficulty, Serves, Blurb, PrepTime, CookTime, Instructions)
    -> VALUES ("Chicken Fillet Role", "123", "1", "4", "From spar. Good chicken fillet", "11:12:00", "04:10:00", "['First do this', 'Then do that', 'Then this']");
ERROR 1452 (23000): Cannot add or update a child row: a foreign key constraint fails (`milestoneProjectFour`.`Recipes`, CONSTRAINT `Recipes_ibfk_1` FOREIGN KEY (`UserId`) REFERENCES `Users` (`Id`))
mysql> SET FOREIGN_KEY_CHECKS=0
    -> ;
Query OK, 0 rows affected (0.01 sec)

mysql> INSERT INTO Recipes (Name, UserId, Difficulty, Serves, Blurb, PrepTime, CookTime, Instructions) VALUES ("Chicken Fillet Role", "123", "1", "4", "From spar. Good chicken fillet", "11:12:00", "04:10:00", "['First do this', 'Then do that', 'Then this']");
Query OK, 1 row affected (0.01 sec)

mysql> show index from recipes 
    -> l
    -> ;
ERROR 1064 (42000): You have an error in your SQL syntax; check the manual that corresponds to your MySQL server version for the right syntax to use near 'l' at line 2
mysql> show index from Recipes;
+---------+------------+----------+--------------+-------------+-----------+-------------+----------+--------+------+------------+---------+---------------+
| Table   | Non_unique | Key_name | Seq_in_index | Column_name | Collation | Cardinality | Sub_part | Packed | Null | Index_type | Comment | Index_comment |
+---------+------------+----------+--------------+-------------+-----------+-------------+----------+--------+------+------------+---------+---------------+
| Recipes |          0 | PRIMARY  |            1 | Id          | A         |           3 |     NULL | NULL   |      | BTREE      |         |               |
| Recipes |          1 | UserId   |            1 | UserId      | A         |           3 |     NULL | NULL   |      | BTREE      |         |               |
+---------+------------+----------+--------------+-------------+-----------+-------------+----------+--------+------+------------+---------+---------------+
2 rows in set (0.00 sec)

mysql> describe Recipes;
+--------------+--------------+------+-----+---------+----------------+
| Field        | Type         | Null | Key | Default | Extra          |
+--------------+--------------+------+-----+---------+----------------+
| Id           | int(11)      | NO   | PRI | NULL    | auto_increment |
| Name         | varchar(40)  | NO   |     | NULL    |                |
| UserId       | int(11)      | NO   | MUL | NULL    |                |
| Image        | blob         | YES  |     | NULL    |                |
| Difficulty   | tinyint(4)   | NO   |     | NULL    |                |
| Serves       | tinyint(4)   | NO   |     | NULL    |                |
| Blurb        | varchar(100) | NO   |     | NULL    |                |
| PrepTime     | time         | NO   |     | NULL    |                |
| CookTime     | time         | NO   |     | NULL    |                |
| Instructions | text         | NO   |     | NULL    |                |
+--------------+--------------+------+-----+---------+----------------+
10 rows in set (0.01 sec)

mysql> SELECT * FROM Recipes
    -> ;
+----+---------------------+--------+-------+------------+--------+--------------------------------+----------+----------+------------------------------------------------+
| Id | Name                | UserId | Image | Difficulty | Serves | Blurb                          | PrepTime | CookTime | Instructions                                   |
+----+---------------------+--------+-------+------------+--------+--------------------------------+----------+----------+------------------------------------------------+
|  2 | Chicken Fillet Role |    123 | NULL  |          1 |      4 | From spar. Good chicken fillet | 11:12:00 | 04:10:00 | ['First do this', 'Then do that', 'Then this'] |
|  5 | Chicken Fillet Role |    123 | NULL  |          1 |      4 | From spar. Good chicken fillet | 11:12:00 | 04:10:00 | ['First do this', 'Then do that', 'Then this'] |
|  6 | Chicken Fillet Role |    123 | NULL  |          1 |      4 | From spar. Good chicken fillet | 11:12:00 | 04:10:00 | ['First do this', 'Then do that', 'Then this'] |
+----+---------------------+--------+-------+------------+--------+--------------------------------+----------+----------+------------------------------------------------+
3 rows in set (0.00 sec)

mysql> SELECT * FROM Recipes 
    -> ;
ERROR 2006 (HY000): MySQL server has gone away
No connection. Trying to reconnect...
Connection id:    348
Current database: milestoneProjectFour

+----+---------------------+--------+-------+------------+--------+--------------------------------+----------+----------+--------------------------------------------------------+
| Id | Name                | UserId | Image | Difficulty | Serves | Blurb                          | PrepTime | CookTime | Instructions                                           |
+----+---------------------+--------+-------+------------+--------+--------------------------------+----------+----------+--------------------------------------------------------+
|  2 | Chicken Fillet Role |    123 | NULL  |          1 |      4 | From spar. Good chicken fillet | 11:12:00 | 04:10:00 | ['First do this', 'Then do that', 'Then this']         |
|  5 | Chicken Fillet Role |    123 | NULL  |          1 |      4 | From spar. Good chicken fillet | 11:12:00 | 04:10:00 | ['First do this', 'Then do that', 'Then this']         |
|  6 | Chicken Fillet Role |    123 | NULL  |          1 |      4 | From spar. Good chicken fillet | 11:12:00 | 04:10:00 | ['First do this', 'Then do that', 'Then this']         |
|  7 | Chicken Fillet Role |    123 | NULL  |          1 |      4 | From spar. Good chicken fillet | 11:12:00 | 04:10:00 | ['First do this', 'Then do that', 'Then this']         |
|  8 | Chicken Fillet Role |    123 | NULL  |          1 |      4 | From spar. Good chicken fillet | 11:12:00 | 04:10:00 | ['First do this', 'Then do that', 'Then this']         |
|  9 | Chicken Fillet Role |    123 | NULL  |          1 |      4 | From spar. Good chicken fillet | 11:12:00 | 04:10:00 | ['First do this', 'Then do that', 'Then this']         |
| 10 | Chicken Fillet Role |    123 | NULL  |          1 |      4 | From spar. Good chicken fillet | 11:12:00 | 04:10:00 | ['First do this', 'Then do that', 'Then this']         |
| 11 | Chicken Fillet Role |    123 | NULL  |          1 |      4 | From spar. Good chicken fillet | 11:12:00 | 04:10:00 | ['First do this', 'Then do that', 'Then this']         |
| 12 | Chicken Fillet Role |    123 | NULL  |          1 |      4 | a short blurb                  | 04:20:00 | 01:00:00 | {}                                                     |
| 13 | Pie                 |    123 | NULL  |          1 |      4 | A short blurb                  | 01:00:00 | 03:15:00 | ['First Instruction ', 'Second ', 'And then a third '] |
+----+---------------------+--------+-------+------------+--------+--------------------------------+----------+----------+--------------------------------------------------------+
10 rows in set (0.13 sec)

mysql> SELECT * FROM Recipes ;
+----+---------------------+--------+-------+------------+--------+--------------------------------+----------+----------+--------------------------------------------------------+
| Id | Name                | UserId | Image | Difficulty | Serves | Blurb                          | PrepTime | CookTime | Instructions                                           |
+----+---------------------+--------+-------+------------+--------+--------------------------------+----------+----------+--------------------------------------------------------+
|  2 | Chicken Fillet Role |    123 | NULL  |          1 |      4 | From spar. Good chicken fillet | 11:12:00 | 04:10:00 | ['First do this', 'Then do that', 'Then this']         |
|  5 | Chicken Fillet Role |    123 | NULL  |          1 |      4 | From spar. Good chicken fillet | 11:12:00 | 04:10:00 | ['First do this', 'Then do that', 'Then this']         |
|  6 | Chicken Fillet Role |    123 | NULL  |          1 |      4 | From spar. Good chicken fillet | 11:12:00 | 04:10:00 | ['First do this', 'Then do that', 'Then this']         |
|  7 | Chicken Fillet Role |    123 | NULL  |          1 |      4 | From spar. Good chicken fillet | 11:12:00 | 04:10:00 | ['First do this', 'Then do that', 'Then this']         |
|  8 | Chicken Fillet Role |    123 | NULL  |          1 |      4 | From spar. Good chicken fillet | 11:12:00 | 04:10:00 | ['First do this', 'Then do that', 'Then this']         |
|  9 | Chicken Fillet Role |    123 | NULL  |          1 |      4 | From spar. Good chicken fillet | 11:12:00 | 04:10:00 | ['First do this', 'Then do that', 'Then this']         |
| 10 | Chicken Fillet Role |    123 | NULL  |          1 |      4 | From spar. Good chicken fillet | 11:12:00 | 04:10:00 | ['First do this', 'Then do that', 'Then this']         |
| 11 | Chicken Fillet Role |    123 | NULL  |          1 |      4 | From spar. Good chicken fillet | 11:12:00 | 04:10:00 | ['First do this', 'Then do that', 'Then this']         |
| 12 | Chicken Fillet Role |    123 | NULL  |          1 |      4 | a short blurb                  | 04:20:00 | 01:00:00 | {}                                                     |
| 13 | Pie                 |    123 | NULL  |          1 |      4 | A short blurb                  | 01:00:00 | 03:15:00 | ['First Instruction ', 'Second ', 'And then a third '] |
| 14 | Pasta               |    123 | NULL  |          1 |      4 | Pasta dish                     | 02:20:00 | 03:15:00 | ['Cook the pasta', 'Eat the pasta']                    |
+----+---------------------+--------+-------+------------+--------+--------------------------------+----------+----------+--------------------------------------------------------+
11 rows in set (0.00 sec)

mysql> SELECT * FROM Recipes ;
+----+---------------------+--------+------------------------------------------------------------+------------+--------+--------------------------------+----------+----------+--------------------------------------------------------+
| Id | Name                | UserId | Image                                                      | Difficulty | Serves | Blurb                          | PrepTime | CookTime | Instructions                                           |
+----+---------------------+--------+------------------------------------------------------------+------------+--------+--------------------------------+----------+----------+--------------------------------------------------------+
|  2 | Chicken Fillet Role |    123 | NULL                                                       |          1 |      4 | From spar. Good chicken fillet | 11:12:00 | 04:10:00 | ['First do this', 'Then do that', 'Then this']         |
|  5 | Chicken Fillet Role |    123 | NULL                                                       |          1 |      4 | From spar. Good chicken fillet | 11:12:00 | 04:10:00 | ['First do this', 'Then do that', 'Then this']         |
|  6 | Chicken Fillet Role |    123 | NULL                                                       |          1 |      4 | From spar. Good chicken fillet | 11:12:00 | 04:10:00 | ['First do this', 'Then do that', 'Then this']         |
|  7 | Chicken Fillet Role |    123 | NULL                                                       |          1 |      4 | From spar. Good chicken fillet | 11:12:00 | 04:10:00 | ['First do this', 'Then do that', 'Then this']         |
|  8 | Chicken Fillet Role |    123 | NULL                                                       |          1 |      4 | From spar. Good chicken fillet | 11:12:00 | 04:10:00 | ['First do this', 'Then do that', 'Then this']         |
|  9 | Chicken Fillet Role |    123 | NULL                                                       |          1 |      4 | From spar. Good chicken fillet | 11:12:00 | 04:10:00 | ['First do this', 'Then do that', 'Then this']         |
| 10 | Chicken Fillet Role |    123 | NULL                                                       |          1 |      4 | From spar. Good chicken fillet | 11:12:00 | 04:10:00 | ['First do this', 'Then do that', 'Then this']         |
| 11 | Chicken Fillet Role |    123 | NULL                                                       |          1 |      4 | From spar. Good chicken fillet | 11:12:00 | 04:10:00 | ['First do this', 'Then do that', 'Then this']         |
| 12 | Chicken Fillet Role |    123 | NULL                                                       |          1 |      4 | a short blurb                  | 04:20:00 | 01:00:00 | {}                                                     |
| 13 | Pie                 |    123 | NULL                                                       |          1 |      4 | A short blurb                  | 01:00:00 | 03:15:00 | ['First Instruction ', 'Second ', 'And then a third '] |
| 14 | Pasta               |    123 | NULL                                                       |          1 |      4 | Pasta dish                     | 02:20:00 | 03:15:00 | ['Cook the pasta', 'Eat the pasta']                    |
| 15 | Chicken             |    123 | NULL                                                       |          1 |      4 | A short blurb                  | 02:20:00 | 03:15:00 | ['Here is an example']                                 |
| 16 | Chicken Curry       |    123 | NULL                                                       |          1 |      4 | blurb                          | 02:20:00 | 03:15:00 | ['instruction']                                        |
| 17 | Chicken Curry       |    123 | NULL                                                       |          1 |      4 | Burb blurb                     | 02:20:00 | 03:15:00 | ['Here is an instruction']                             |
| 18 | Chicken Curry       |    123 | NULL                                                       |          1 |      4 | blurb                          | 02:20:00 | 03:15:00 | ['instruction ']                                       |
| 19 |                     |      0 | <FileStorage: 'IMG_20170420_104258392.jpg' ('image/jpeg')> |          0 |      0 |                                | 00:00:00 | 00:00:00 |                                                        |
+----+---------------------+--------+------------------------------------------------------------+------------+--------+--------------------------------+----------+----------+--------------------------------------------------------+
16 rows in set (0.00 sec)

mysql> SELECT * FROM Recipes ;
+----+---------------------+--------+------------------------------------------------------------+------------+--------+--------------------------------+----------+----------+--------------------------------------------------------+
| Id | Name                | UserId | Image                                                      | Difficulty | Serves | Blurb                          | PrepTime | CookTime | Instructions                                           |
+----+---------------------+--------+------------------------------------------------------------+------------+--------+--------------------------------+----------+----------+--------------------------------------------------------+
|  2 | Chicken Fillet Role |    123 | NULL                                                       |          1 |      4 | From spar. Good chicken fillet | 11:12:00 | 04:10:00 | ['First do this', 'Then do that', 'Then this']         |
|  5 | Chicken Fillet Role |    123 | NULL                                                       |          1 |      4 | From spar. Good chicken fillet | 11:12:00 | 04:10:00 | ['First do this', 'Then do that', 'Then this']         |
|  6 | Chicken Fillet Role |    123 | NULL                                                       |          1 |      4 | From spar. Good chicken fillet | 11:12:00 | 04:10:00 | ['First do this', 'Then do that', 'Then this']         |
|  7 | Chicken Fillet Role |    123 | NULL                                                       |          1 |      4 | From spar. Good chicken fillet | 11:12:00 | 04:10:00 | ['First do this', 'Then do that', 'Then this']         |
|  8 | Chicken Fillet Role |    123 | NULL                                                       |          1 |      4 | From spar. Good chicken fillet | 11:12:00 | 04:10:00 | ['First do this', 'Then do that', 'Then this']         |
|  9 | Chicken Fillet Role |    123 | NULL                                                       |          1 |      4 | From spar. Good chicken fillet | 11:12:00 | 04:10:00 | ['First do this', 'Then do that', 'Then this']         |
| 10 | Chicken Fillet Role |    123 | NULL                                                       |          1 |      4 | From spar. Good chicken fillet | 11:12:00 | 04:10:00 | ['First do this', 'Then do that', 'Then this']         |
| 11 | Chicken Fillet Role |    123 | NULL                                                       |          1 |      4 | From spar. Good chicken fillet | 11:12:00 | 04:10:00 | ['First do this', 'Then do that', 'Then this']         |
| 12 | Chicken Fillet Role |    123 | NULL                                                       |          1 |      4 | a short blurb                  | 04:20:00 | 01:00:00 | {}                                                     |
| 13 | Pie                 |    123 | NULL                                                       |          1 |      4 | A short blurb                  | 01:00:00 | 03:15:00 | ['First Instruction ', 'Second ', 'And then a third '] |
| 14 | Pasta               |    123 | NULL                                                       |          1 |      4 | Pasta dish                     | 02:20:00 | 03:15:00 | ['Cook the pasta', 'Eat the pasta']                    |
| 15 | Chicken             |    123 | NULL                                                       |          1 |      4 | A short blurb                  | 02:20:00 | 03:15:00 | ['Here is an example']                                 |
| 16 | Chicken Curry       |    123 | NULL                                                       |          1 |      4 | blurb                          | 02:20:00 | 03:15:00 | ['instruction']                                        |
| 17 | Chicken Curry       |    123 | NULL                                                       |          1 |      4 | Burb blurb                     | 02:20:00 | 03:15:00 | ['Here is an instruction']                             |
| 18 | Chicken Curry       |    123 | NULL                                                       |          1 |      4 | blurb                          | 02:20:00 | 03:15:00 | ['instruction ']                                       |
| 19 |                     |      0 | <FileStorage: 'IMG_20170420_104258392.jpg' ('image/jpeg')> |          0 |      0 |                                | 00:00:00 | 00:00:00 |                                                        |
| 20 | Chicken Curry       |    123 | NULL                                                       |          1 |      4 | no image upload                | 02:20:00 | 03:15:00 | ['f']                                                  |
+----+---------------------+--------+------------------------------------------------------------+------------+--------+--------------------------------+----------+----------+--------------------------------------------------------+
17 rows in set (0.00 sec)

mysql> SELECT * FROM Recipes ;
+----+---------------------+--------+------------------------------------------------------------+------------+--------+--------------------------------+----------+----------+--------------------------------------------------------+
| Id | Name                | UserId | Image                                                      | Difficulty | Serves | Blurb                          | PrepTime | CookTime | Instructions                                           |
+----+---------------------+--------+------------------------------------------------------------+------------+--------+--------------------------------+----------+----------+--------------------------------------------------------+
|  2 | Chicken Fillet Role |    123 | NULL                                                       |          1 |      4 | From spar. Good chicken fillet | 11:12:00 | 04:10:00 | ['First do this', 'Then do that', 'Then this']         |
|  5 | Chicken Fillet Role |    123 | NULL                                                       |          1 |      4 | From spar. Good chicken fillet | 11:12:00 | 04:10:00 | ['First do this', 'Then do that', 'Then this']         |
|  6 | Chicken Fillet Role |    123 | NULL                                                       |          1 |      4 | From spar. Good chicken fillet | 11:12:00 | 04:10:00 | ['First do this', 'Then do that', 'Then this']         |
|  7 | Chicken Fillet Role |    123 | NULL                                                       |          1 |      4 | From spar. Good chicken fillet | 11:12:00 | 04:10:00 | ['First do this', 'Then do that', 'Then this']         |
|  8 | Chicken Fillet Role |    123 | NULL                                                       |          1 |      4 | From spar. Good chicken fillet | 11:12:00 | 04:10:00 | ['First do this', 'Then do that', 'Then this']         |
|  9 | Chicken Fillet Role |    123 | NULL                                                       |          1 |      4 | From spar. Good chicken fillet | 11:12:00 | 04:10:00 | ['First do this', 'Then do that', 'Then this']         |
| 10 | Chicken Fillet Role |    123 | NULL                                                       |          1 |      4 | From spar. Good chicken fillet | 11:12:00 | 04:10:00 | ['First do this', 'Then do that', 'Then this']         |
| 11 | Chicken Fillet Role |    123 | NULL                                                       |          1 |      4 | From spar. Good chicken fillet | 11:12:00 | 04:10:00 | ['First do this', 'Then do that', 'Then this']         |
| 12 | Chicken Fillet Role |    123 | NULL                                                       |          1 |      4 | a short blurb                  | 04:20:00 | 01:00:00 | {}                                                     |
| 13 | Pie                 |    123 | NULL                                                       |          1 |      4 | A short blurb                  | 01:00:00 | 03:15:00 | ['First Instruction ', 'Second ', 'And then a third '] |
| 14 | Pasta               |    123 | NULL                                                       |          1 |      4 | Pasta dish                     | 02:20:00 | 03:15:00 | ['Cook the pasta', 'Eat the pasta']                    |
| 15 | Chicken             |    123 | NULL                                                       |          1 |      4 | A short blurb                  | 02:20:00 | 03:15:00 | ['Here is an example']                                 |
| 16 | Chicken Curry       |    123 | NULL                                                       |          1 |      4 | blurb                          | 02:20:00 | 03:15:00 | ['instruction']                                        |
| 17 | Chicken Curry       |    123 | NULL                                                       |          1 |      4 | Burb blurb                     | 02:20:00 | 03:15:00 | ['Here is an instruction']                             |
| 18 | Chicken Curry       |    123 | NULL                                                       |          1 |      4 | blurb                          | 02:20:00 | 03:15:00 | ['instruction ']                                       |
| 19 |                     |      0 | <FileStorage: 'IMG_20170420_104258392.jpg' ('image/jpeg')> |          0 |      0 |                                | 00:00:00 | 00:00:00 |                                                        |
| 20 | Chicken Curry       |    123 | NULL                                                       |          1 |      4 | no image upload                | 02:20:00 | 03:15:00 | ['f']                                                  |
+----+---------------------+--------+------------------------------------------------------------+------------+--------+--------------------------------+----------+----------+--------------------------------------------------------+
17 rows in set (0.00 sec)

mysql> SELECT * FROM Recipes ;
+----+---------------------+--------+------------------------------------------------------------+------------+--------+--------------------------------+----------+----------+--------------------------------------------------------+
| Id | Name                | UserId | Image                                                      | Difficulty | Serves | Blurb                          | PrepTime | CookTime | Instructions                                           |
+----+---------------------+--------+------------------------------------------------------------+------------+--------+--------------------------------+----------+----------+--------------------------------------------------------+
|  2 | Chicken Fillet Role |    123 | NULL                                                       |          1 |      4 | From spar. Good chicken fillet | 11:12:00 | 04:10:00 | ['First do this', 'Then do that', 'Then this']         |
|  5 | Chicken Fillet Role |    123 | NULL                                                       |          1 |      4 | From spar. Good chicken fillet | 11:12:00 | 04:10:00 | ['First do this', 'Then do that', 'Then this']         |
|  6 | Chicken Fillet Role |    123 | NULL                                                       |          1 |      4 | From spar. Good chicken fillet | 11:12:00 | 04:10:00 | ['First do this', 'Then do that', 'Then this']         |
|  7 | Chicken Fillet Role |    123 | NULL                                                       |          1 |      4 | From spar. Good chicken fillet | 11:12:00 | 04:10:00 | ['First do this', 'Then do that', 'Then this']         |
|  8 | Chicken Fillet Role |    123 | NULL                                                       |          1 |      4 | From spar. Good chicken fillet | 11:12:00 | 04:10:00 | ['First do this', 'Then do that', 'Then this']         |
|  9 | Chicken Fillet Role |    123 | NULL                                                       |          1 |      4 | From spar. Good chicken fillet | 11:12:00 | 04:10:00 | ['First do this', 'Then do that', 'Then this']         |
| 10 | Chicken Fillet Role |    123 | NULL                                                       |          1 |      4 | From spar. Good chicken fillet | 11:12:00 | 04:10:00 | ['First do this', 'Then do that', 'Then this']         |
| 11 | Chicken Fillet Role |    123 | NULL                                                       |          1 |      4 | From spar. Good chicken fillet | 11:12:00 | 04:10:00 | ['First do this', 'Then do that', 'Then this']         |
| 12 | Chicken Fillet Role |    123 | NULL                                                       |          1 |      4 | a short blurb                  | 04:20:00 | 01:00:00 | {}                                                     |
| 13 | Pie                 |    123 | NULL                                                       |          1 |      4 | A short blurb                  | 01:00:00 | 03:15:00 | ['First Instruction ', 'Second ', 'And then a third '] |
| 14 | Pasta               |    123 | NULL                                                       |          1 |      4 | Pasta dish                     | 02:20:00 | 03:15:00 | ['Cook the pasta', 'Eat the pasta']                    |
| 15 | Chicken             |    123 | NULL                                                       |          1 |      4 | A short blurb                  | 02:20:00 | 03:15:00 | ['Here is an example']                                 |
| 16 | Chicken Curry       |    123 | NULL                                                       |          1 |      4 | blurb                          | 02:20:00 | 03:15:00 | ['instruction']                                        |
| 17 | Chicken Curry       |    123 | NULL                                                       |          1 |      4 | Burb blurb                     | 02:20:00 | 03:15:00 | ['Here is an instruction']                             |
| 18 | Chicken Curry       |    123 | NULL                                                       |          1 |      4 | blurb                          | 02:20:00 | 03:15:00 | ['instruction ']                                       |
| 19 |                     |      0 | <FileStorage: 'IMG_20170420_104258392.jpg' ('image/jpeg')> |          0 |      0 |                                | 00:00:00 | 00:00:00 |                                                        |
| 20 | Chicken Curry       |    123 | NULL                                                       |          1 |      4 | no image upload                | 02:20:00 | 03:15:00 | ['f']                                                  |
+----+---------------------+--------+------------------------------------------------------------+------------+--------+--------------------------------+----------+----------+--------------------------------------------------------+
17 rows in set (0.00 sec)

mysql> SELECT * FROM Recipes ;
+----+---------------------+--------+------------------------------------------------------------+------------+--------+--------------------------------+----------+----------+--------------------------------------------------------+
| Id | Name                | UserId | Image                                                      | Difficulty | Serves | Blurb                          | PrepTime | CookTime | Instructions                                           |
+----+---------------------+--------+------------------------------------------------------------+------------+--------+--------------------------------+----------+----------+--------------------------------------------------------+
|  2 | Chicken Fillet Role |    123 | NULL                                                       |          1 |      4 | From spar. Good chicken fillet | 11:12:00 | 04:10:00 | ['First do this', 'Then do that', 'Then this']         |
|  5 | Chicken Fillet Role |    123 | NULL                                                       |          1 |      4 | From spar. Good chicken fillet | 11:12:00 | 04:10:00 | ['First do this', 'Then do that', 'Then this']         |
|  6 | Chicken Fillet Role |    123 | NULL                                                       |          1 |      4 | From spar. Good chicken fillet | 11:12:00 | 04:10:00 | ['First do this', 'Then do that', 'Then this']         |
|  7 | Chicken Fillet Role |    123 | NULL                                                       |          1 |      4 | From spar. Good chicken fillet | 11:12:00 | 04:10:00 | ['First do this', 'Then do that', 'Then this']         |
|  8 | Chicken Fillet Role |    123 | NULL                                                       |          1 |      4 | From spar. Good chicken fillet | 11:12:00 | 04:10:00 | ['First do this', 'Then do that', 'Then this']         |
|  9 | Chicken Fillet Role |    123 | NULL                                                       |          1 |      4 | From spar. Good chicken fillet | 11:12:00 | 04:10:00 | ['First do this', 'Then do that', 'Then this']         |
| 10 | Chicken Fillet Role |    123 | NULL                                                       |          1 |      4 | From spar. Good chicken fillet | 11:12:00 | 04:10:00 | ['First do this', 'Then do that', 'Then this']         |
| 11 | Chicken Fillet Role |    123 | NULL                                                       |          1 |      4 | From spar. Good chicken fillet | 11:12:00 | 04:10:00 | ['First do this', 'Then do that', 'Then this']         |
| 12 | Chicken Fillet Role |    123 | NULL                                                       |          1 |      4 | a short blurb                  | 04:20:00 | 01:00:00 | {}                                                     |
| 13 | Pie                 |    123 | NULL                                                       |          1 |      4 | A short blurb                  | 01:00:00 | 03:15:00 | ['First Instruction ', 'Second ', 'And then a third '] |
| 14 | Pasta               |    123 | NULL                                                       |          1 |      4 | Pasta dish                     | 02:20:00 | 03:15:00 | ['Cook the pasta', 'Eat the pasta']                    |
| 15 | Chicken             |    123 | NULL                                                       |          1 |      4 | A short blurb                  | 02:20:00 | 03:15:00 | ['Here is an example']                                 |
| 16 | Chicken Curry       |    123 | NULL                                                       |          1 |      4 | blurb                          | 02:20:00 | 03:15:00 | ['instruction']                                        |
| 17 | Chicken Curry       |    123 | NULL                                                       |          1 |      4 | Burb blurb                     | 02:20:00 | 03:15:00 | ['Here is an instruction']                             |
| 18 | Chicken Curry       |    123 | NULL                                                       |          1 |      4 | blurb                          | 02:20:00 | 03:15:00 | ['instruction ']                                       |
| 19 |                     |      0 | <FileStorage: 'IMG_20170420_104258392.jpg' ('image/jpeg')> |          0 |      0 |                                | 00:00:00 | 00:00:00 |                                                        |
| 20 | Chicken Curry       |    123 | NULL                                                       |          1 |      4 | no image upload                | 02:20:00 | 03:15:00 | ['f']                                                  |
| 21 | Chicken Curry       |    123 | <FileStorage: 'ut4.PNG' ('image/png')>                     |          1 |      4 | no gab in pic img title        | 02:20:00 | 03:15:00 | ['dd']                                                 |
+----+---------------------+--------+------------------------------------------------------------+------------+--------+--------------------------------+----------+----------+--------------------------------------------------------+
18 rows in set (0.00 sec)

mysql> SELECT * FROM Recipes ;
+----+---------------------+--------+------------------------------------------------------------+------------+--------+--------------------------------+----------+----------+--------------------------------------------------------+
| Id | Name                | UserId | Image                                                      | Difficulty | Serves | Blurb                          | PrepTime | CookTime | Instructions                                           |
+----+---------------------+--------+------------------------------------------------------------+------------+--------+--------------------------------+----------+----------+--------------------------------------------------------+
|  2 | Chicken Fillet Role |    123 | NULL                                                       |          1 |      4 | From spar. Good chicken fillet | 11:12:00 | 04:10:00 | ['First do this', 'Then do that', 'Then this']         |
|  5 | Chicken Fillet Role |    123 | NULL                                                       |          1 |      4 | From spar. Good chicken fillet | 11:12:00 | 04:10:00 | ['First do this', 'Then do that', 'Then this']         |
|  6 | Chicken Fillet Role |    123 | NULL                                                       |          1 |      4 | From spar. Good chicken fillet | 11:12:00 | 04:10:00 | ['First do this', 'Then do that', 'Then this']         |
|  7 | Chicken Fillet Role |    123 | NULL                                                       |          1 |      4 | From spar. Good chicken fillet | 11:12:00 | 04:10:00 | ['First do this', 'Then do that', 'Then this']         |
|  8 | Chicken Fillet Role |    123 | NULL                                                       |          1 |      4 | From spar. Good chicken fillet | 11:12:00 | 04:10:00 | ['First do this', 'Then do that', 'Then this']         |
|  9 | Chicken Fillet Role |    123 | NULL                                                       |          1 |      4 | From spar. Good chicken fillet | 11:12:00 | 04:10:00 | ['First do this', 'Then do that', 'Then this']         |
| 10 | Chicken Fillet Role |    123 | NULL                                                       |          1 |      4 | From spar. Good chicken fillet | 11:12:00 | 04:10:00 | ['First do this', 'Then do that', 'Then this']         |
| 11 | Chicken Fillet Role |    123 | NULL                                                       |          1 |      4 | From spar. Good chicken fillet | 11:12:00 | 04:10:00 | ['First do this', 'Then do that', 'Then this']         |
| 12 | Chicken Fillet Role |    123 | NULL                                                       |          1 |      4 | a short blurb                  | 04:20:00 | 01:00:00 | {}                                                     |
| 13 | Pie                 |    123 | NULL                                                       |          1 |      4 | A short blurb                  | 01:00:00 | 03:15:00 | ['First Instruction ', 'Second ', 'And then a third '] |
| 14 | Pasta               |    123 | NULL                                                       |          1 |      4 | Pasta dish                     | 02:20:00 | 03:15:00 | ['Cook the pasta', 'Eat the pasta']                    |
| 15 | Chicken             |    123 | NULL                                                       |          1 |      4 | A short blurb                  | 02:20:00 | 03:15:00 | ['Here is an example']                                 |
| 16 | Chicken Curry       |    123 | NULL                                                       |          1 |      4 | blurb                          | 02:20:00 | 03:15:00 | ['instruction']                                        |
| 17 | Chicken Curry       |    123 | NULL                                                       |          1 |      4 | Burb blurb                     | 02:20:00 | 03:15:00 | ['Here is an instruction']                             |
| 18 | Chicken Curry       |    123 | NULL                                                       |          1 |      4 | blurb                          | 02:20:00 | 03:15:00 | ['instruction ']                                       |
| 19 |                     |      0 | <FileStorage: 'IMG_20170420_104258392.jpg' ('image/jpeg')> |          0 |      0 |                                | 00:00:00 | 00:00:00 |                                                        |
| 20 | Chicken Curry       |    123 | NULL                                                       |          1 |      4 | no image upload                | 02:20:00 | 03:15:00 | ['f']                                                  |
| 21 | Chicken Curry       |    123 | <FileStorage: 'ut4.PNG' ('image/png')>                     |          1 |      4 | no gab in pic img title        | 02:20:00 | 03:15:00 | ['dd']                                                 |
| 22 | Chicken Curry       |    123 | <FileStorage: 'Visa photo.gif' ('image/gif')>              |          1 |      4 | Gab in title                   | 02:20:00 | 03:15:00 | ['ddddd']                                              |
+----+---------------------+--------+------------------------------------------------------------+------------+--------+--------------------------------+----------+----------+--------------------------------------------------------+
19 rows in set (0.00 sec)

mysql> show tables;
+--------------------------------+
| Tables_in_milestoneProjectFour |
+--------------------------------+
| Categories                     |
| Ingredients                    |
| RecipeCategories               |
| RecipeCreators                 |
| RecipeIngredients              |
| Recipes                        |
| Reviews                        |
| UserFavourites                 |
| Users                          |
+--------------------------------+
9 rows in set (0.02 sec)

mysql> describe Categories;
+-------+-------------+------+-----+---------+----------------+
| Field | Type        | Null | Key | Default | Extra          |
+-------+-------------+------+-----+---------+----------------+
| Id    | int(11)     | NO   | PRI | NULL    | auto_increment |
| Name  | varchar(20) | YES  |     | NULL    |                |
+-------+-------------+------+-----+---------+----------------+
2 rows in set (0.07 sec)

mysql> describe RecipeCatagories;
ERROR 1146 (42S02): Table 'milestoneProjectFour.RecipeCatagories' doesn't exist
mysql> describe RecipeCategorie; 
ERROR 1146 (42S02): Table 'milestoneProjectFour.RecipeCategorie' doesn't exist
mysql> describe RecipeCategories;
+------------+---------+------+-----+---------+-------+
| Field      | Type    | Null | Key | Default | Extra |
+------------+---------+------+-----+---------+-------+
| RecipeId   | int(11) | NO   | MUL | NULL    |       |
| CategoryId | int(11) | NO   | MUL | NULL    |       |
+------------+---------+------+-----+---------+-------+
2 rows in set (0.00 sec)

mysql> INSERT INTO Categories VALUES ("Healthy");
ERROR 1136 (21S01): Column count doesn't match value count at row 1
mysql> INSERT INTO Categories(Name) VALUES ("Healthy");
Query OK, 1 row affected (0.01 sec)

mysql> INSERT INTO Categories(Name) VALUES ("Family & Kids");
Query OK, 1 row affected (0.00 sec)

mysql> INSERT INTO Categories(Name) VALUES ("Cakes & Baking");
Query OK, 1 row affected (0.01 sec)

mysql> INSERT INTO Categories(Name) VALUES ("Cuisines");
Query OK, 1 row affected (0.01 sec)

mysql> INSERT INTO Categories(Name) VALUES ("Events");
Query OK, 1 row affected (0.01 sec)

mysql> INSERT INTO Categories(Name) VALUES ("Everyday");
Query OK, 1 row affected (0.01 sec)

mysql> INSERT INTO Categories(Name) VALUES ("Seasonal");
Query OK, 1 row affected (0.01 sec)

mysql> INSERT INTO Categories(Name) VALUES ("Special Diets");
Query OK, 1 row affected (0.01 sec)

mysql> INSERT INTO Categories(Name) VALUES ("Vegetarian");
Query OK, 1 row affected (0.00 sec)

mysql> INSERT INTO Categories(Name) VALUES ("Breakfast");
Query OK, 1 row affected (0.00 sec)

mysql> INSERT INTO Categories(Name) VALUES ("Starter");
Query OK, 1 row affected (0.01 sec)

mysql> INSERT INTO Categories(Name) VALUES ("Main Course");
Query OK, 1 row affected (0.01 sec)

mysql> INSERT INTO Categories(Name) VALUES ("Desert");
Query OK, 1 row affected (0.01 sec)

mysql> INSERT INTO Categories(Name) VALUES ("Dinner");
Query OK, 1 row affected (0.01 sec)

mysql> INSERT INTO Categories(Name) VALUES ("Soup");
Query OK, 1 row affected (0.01 sec)

mysql> SELECT * FROM Categories 
    -> ;
+----+----------------+
| Id | Name           |
+----+----------------+
|  1 | Healthy        |
|  2 | Family & Kids  |
|  3 | Cakes & Baking |
|  4 | Cuisines       |
|  5 | Events         |
|  6 | Everyday       |
|  7 | Seasonal       |
|  8 | Special Diets  |
|  9 | Vegetarian     |
| 10 | Breakfast      |
| 11 | Starter        |
| 12 | Main Course    |
| 13 | Desert         |
| 14 | Dinner         |
| 15 | Soup           |
| 16 | Indian         |
| 17 | Chinese        |
| 18 | Thai           |
| 19 | Asian          |
| 20 | Italian        |
| 21 | French         |
| 22 | Spanish        |
| 23 | European       |
| 24 | Mexican        |
| 25 | Latin American |
| 26 | African        |
| 27 | American       |
| 28 | Australian     |
| 29 | British        |
| 30 | Irish          |
| 31 | Jewish         |
+----+----------------+
31 rows in set (0.01 sec)

mysql> INSERT IGNORE INTO Categories(Name) Values ("Jewish");
Query OK, 1 row affected (0.01 sec)

mysql> SELECT * FROM Categories ;
+----+----------------+
| Id | Name           |
+----+----------------+
|  1 | Healthy        |
|  2 | Family & Kids  |
|  3 | Cakes & Baking |
|  4 | Cuisines       |
|  5 | Events         |
|  6 | Everyday       |
|  7 | Seasonal       |
|  8 | Special Diets  |
|  9 | Vegetarian     |
| 10 | Breakfast      |
| 11 | Starter        |
| 12 | Main Course    |
| 13 | Desert         |
| 14 | Dinner         |
| 15 | Soup           |
| 16 | Indian         |
| 17 | Chinese        |
| 18 | Thai           |
| 19 | Asian          |
| 20 | Italian        |
| 21 | French         |
| 22 | Spanish        |
| 23 | European       |
| 24 | Mexican        |
| 25 | Latin American |
| 26 | African        |
| 27 | American       |
| 28 | Australian     |
| 29 | British        |
| 30 | Irish          |
| 31 | Jewish         |
| 32 | Jewish         |
+----+----------------+
32 rows in set (0.00 sec)

mysql> DELETE FROM Categories WHERE Id = "31";
Query OK, 1 row affected (0.02 sec)

mysql> SELECT * FROM Categories ;
+----+----------------+
| Id | Name           |
+----+----------------+
|  1 | Healthy        |
|  2 | Family & Kids  |
|  3 | Cakes & Baking |
|  4 | Cuisines       |
|  5 | Events         |
|  6 | Everyday       |
|  7 | Seasonal       |
|  8 | Special Diets  |
|  9 | Vegetarian     |
| 10 | Breakfast      |
| 11 | Starter        |
| 12 | Main Course    |
| 13 | Desert         |
| 14 | Dinner         |
| 15 | Soup           |
| 16 | Indian         |
| 17 | Chinese        |
| 18 | Thai           |
| 19 | Asian          |
| 20 | Italian        |
| 21 | French         |
| 22 | Spanish        |
| 23 | European       |
| 24 | Mexican        |
| 25 | Latin American |
| 26 | African        |
| 27 | American       |
| 28 | Australian     |
| 29 | British        |
| 30 | Irish          |
| 32 | Jewish         |
+----+----------------+
31 rows in set (0.00 sec)

mysql> REPLACE INTO Categories(Name) Values ("Irish");
Query OK, 1 row affected (0.01 sec)

mysql> SELECT * FROM Categories ;
+----+----------------+
| Id | Name           |
+----+----------------+
|  1 | Healthy        |
|  2 | Family & Kids  |
|  3 | Cakes & Baking |
|  4 | Cuisines       |
|  5 | Events         |
|  6 | Everyday       |
|  7 | Seasonal       |
|  8 | Special Diets  |
|  9 | Vegetarian     |
| 10 | Breakfast      |
| 11 | Starter        |
| 12 | Main Course    |
| 13 | Desert         |
| 14 | Dinner         |
| 15 | Soup           |
| 16 | Indian         |
| 17 | Chinese        |
| 18 | Thai           |
| 19 | Asian          |
| 20 | Italian        |
| 21 | French         |
| 22 | Spanish        |
| 23 | European       |
| 24 | Mexican        |
| 25 | Latin American |
| 26 | African        |
| 27 | American       |
| 28 | Australian     |
| 29 | British        |
| 30 | Irish          |
| 32 | Jewish         |
| 33 | Irish          |
+----+----------------+
32 rows in set (0.00 sec)

mysql> DELETE FROM Categories WHERE Id = "33";
Query OK, 1 row affected (0.01 sec)

mysql> INSERT INTO Categories(Name)
    -> SELECT * FROM Categories AS tmp
    -> WHERE ;
ERROR 1064 (42000): You have an error in your SQL syntax; check the manual that corresponds to your MySQL server version for the right syntax to use near '' at line 3
mysql> INSERT INTO Categories(Name) 
    -> try:
    ->             instructions_list.append(request.form["instruction-{}".format(counter)])
    ->         except Exception as e:
    ->             end_of_instructions = True
    ->             
    ->         counter+=1;
ERROR 1064 (42000): You have an error in your SQL syntax; check the manual that corresponds to your MySQL server version for the right syntax to use near 'try:
            instructions_list.append(request.form["instruction-{}".format(c' at line 2
mysql> INSERT INTO Categories(Name) 
    -> SELECT * FROM (SELECT 'John', 'Doe', '022') AS tmp
    -> ;
ERROR 1136 (21S01): Column count doesn't match value count at row 1
mysql> INSERT INTO Categories(Name) 
    -> SELECT * FROM (SELECT "Irish" ) AS tmp
    -> WHERE NOT EXISTS (SELECT Name FROM Categories WHERE name = "Irish") LIMIT 1;
Query OK, 0 rows affected (0.01 sec)
Records: 0  Duplicates: 0  Warnings: 0

mysql> INSERT INTO Categories(Name)  SELECT * FROM (SELECT "Dutch" ) AS tmp WHERE NOT EXISTS (SELECT Name FROM Categories WHERE name = "Dutch") LIMIT 1;
Query OK, 1 row affected (0.01 sec)
Records: 1  Duplicates: 0  Warnings: 0

mysql> SELECT * FROM Categories ;
+----+----------------+
| Id | Name           |
+----+----------------+
|  1 | Healthy        |
|  2 | Family & Kids  |
|  3 | Cakes & Baking |
|  4 | Cuisines       |
|  5 | Events         |
|  6 | Everyday       |
|  7 | Seasonal       |
|  8 | Special Diets  |
|  9 | Vegetarian     |
| 10 | Breakfast      |
| 11 | Starter        |
| 12 | Main Course    |
| 13 | Desert         |
| 14 | Dinner         |
| 15 | Soup           |
| 16 | Indian         |
| 17 | Chinese        |
| 18 | Thai           |
| 19 | Asian          |
| 20 | Italian        |
| 21 | French         |
| 22 | Spanish        |
| 23 | European       |
| 24 | Mexican        |
| 25 | Latin American |
| 26 | African        |
| 27 | American       |
| 28 | Australian     |
| 29 | British        |
| 30 | Irish          |
| 32 | Jewish         |
| 34 | Dutch          |
+----+----------------+
32 rows in set (0.00 sec)

mysql> DELETE FROM Categories WHERE Id = "34";
Query OK, 1 row affected (0.02 sec)

mysql> SELECT * FROM Categories ;
+----+----------------+
| Id | Name           |
+----+----------------+
|  1 | Healthy        |
|  2 | Family & Kids  |
|  3 | Cakes & Baking |
|  4 | Cuisines       |
|  5 | Events         |
|  6 | Everyday       |
|  7 | Seasonal       |
|  8 | Special Diets  |
|  9 | Vegetarian     |
| 10 | Breakfast      |
| 11 | Starter        |
| 12 | Main Course    |
| 13 | Desert         |
| 14 | Dinner         |
| 15 | Soup           |
| 16 | Indian         |
| 17 | Chinese        |
| 18 | Thai           |
| 19 | Asian          |
| 20 | Italian        |
| 21 | French         |
| 22 | Spanish        |
| 23 | European       |
| 24 | Mexican        |
| 25 | Latin American |
| 26 | African        |
| 27 | American       |
| 28 | Australian     |
| 29 | British        |
| 30 | Irish          |
| 32 | Jewish         |
+----+----------------+
31 rows in set (0.00 sec)

mysql> SELECT * FROM Categories ;
+----+----------------+
| Id | Name           |
+----+----------------+
|  1 | Healthy        |
|  2 | Family & Kids  |
|  3 | Cakes & Baking |
|  4 | Cuisines       |
|  5 | Events         |
|  6 | Everyday       |
|  7 | Seasonal       |
|  8 | Special Diets  |
|  9 | Vegetarian     |
| 10 | Breakfast      |
| 11 | Starter        |
| 12 | Main Course    |
| 13 | Desert         |
| 14 | Dinner         |
| 15 | Soup           |
| 16 | Indian         |
| 17 | Chinese        |
| 18 | Thai           |
| 19 | Asian          |
| 20 | Italian        |
| 21 | French         |
| 22 | Spanish        |
| 23 | European       |
| 24 | Mexican        |
| 25 | Latin American |
| 26 | African        |
| 27 | American       |
| 28 | Australian     |
| 29 | British        |
| 30 | Irish          |
| 32 | Jewish         |
+----+----------------+
31 rows in set (0.00 sec)

mysql> SELECT * FROM Categories ;
+----+----------------------+
| Id | Name                 |
+----+----------------------+
|  1 | Healthy              |
|  2 | Family & Kids        |
|  3 | Cakes & Baking       |
|  4 | Cuisines             |
|  5 | Events               |
|  6 | Everyday             |
|  7 | Seasonal             |
|  8 | Special Diets        |
|  9 | Vegetarian           |
| 10 | Breakfast            |
| 11 | Starter              |
| 12 | Main Course          |
| 13 | Desert               |
| 14 | Dinner               |
| 15 | Soup                 |
| 16 | Indian               |
| 17 | Chinese              |
| 18 | Thai                 |
| 19 | Asian                |
| 20 | Italian              |
| 21 | French               |
| 22 | Spanish              |
| 23 | European             |
| 24 | Mexican              |
| 25 | Latin American       |
| 26 | African              |
| 27 | American             |
| 28 | Australian           |
| 29 | British              |
| 30 | Irish                |
| 32 | Jewish               |
| 35 | <built-in method cap |
| 36 | <built-in method cap |
| 37 | <built-in method cap |
+----+----------------------+
34 rows in set (0.00 sec)

mysql> SELECT * FROM Categories ;
+----+----------------------+
| Id | Name                 |
+----+----------------------+
|  1 | Healthy              |
|  2 | Family & Kids        |
|  3 | Cakes & Baking       |
|  4 | Cuisines             |
|  5 | Events               |
|  6 | Everyday             |
|  7 | Seasonal             |
|  8 | Special Diets        |
|  9 | Vegetarian           |
| 10 | Breakfast            |
| 11 | Starter              |
| 12 | Main Course          |
| 13 | Desert               |
| 14 | Dinner               |
| 15 | Soup                 |
| 16 | Indian               |
| 17 | Chinese              |
| 18 | Thai                 |
| 19 | Asian                |
| 20 | Italian              |
| 21 | French               |
| 22 | Spanish              |
| 23 | European             |
| 24 | Mexican              |
| 25 | Latin American       |
| 26 | African              |
| 27 | American             |
| 28 | Australian           |
| 29 | British              |
| 30 | Irish                |
| 32 | Jewish               |
| 35 | <built-in method cap |
| 36 | <built-in method cap |
| 37 | <built-in method cap |
| 38 | <built-in method cap |
| 39 | <built-in method cap |
| 40 | <built-in method cap |
| 41 | <built-in method cap |
+----+----------------------+
38 rows in set (0.00 sec)

mysql> SELECT * FROM Categories ;
+----+----------------------+
| Id | Name                 |
+----+----------------------+
|  1 | Healthy              |
|  2 | Family & Kids        |
|  3 | Cakes & Baking       |
|  4 | Cuisines             |
|  5 | Events               |
|  6 | Everyday             |
|  7 | Seasonal             |
|  8 | Special Diets        |
|  9 | Vegetarian           |
| 10 | Breakfast            |
| 11 | Starter              |
| 12 | Main Course          |
| 13 | Desert               |
| 14 | Dinner               |
| 15 | Soup                 |
| 16 | Indian               |
| 17 | Chinese              |
| 18 | Thai                 |
| 19 | Asian                |
| 20 | Italian              |
| 21 | French               |
| 22 | Spanish              |
| 23 | European             |
| 24 | Mexican              |
| 25 | Latin American       |
| 26 | African              |
| 27 | American             |
| 28 | Australian           |
| 29 | British              |
| 30 | Irish                |
| 32 | Jewish               |
| 35 | <built-in method cap |
| 36 | <built-in method cap |
| 37 | <built-in method cap |
| 38 | <built-in method cap |
| 39 | <built-in method cap |
| 40 | <built-in method cap |
| 41 | <built-in method cap |
| 42 | Test                 |
+----+----------------------+
39 rows in set (0.00 sec)

mysql> DELETE FROM Categories WHERE Name  = "<built-in method cap";
Query OK, 7 rows affected (0.01 sec)

mysql> SELECT * FROM Categories ;
+----+----------------+
| Id | Name           |
+----+----------------+
|  1 | Healthy        |
|  2 | Family & Kids  |
|  3 | Cakes & Baking |
|  4 | Cuisines       |
|  5 | Events         |
|  6 | Everyday       |
|  7 | Seasonal       |
|  8 | Special Diets  |
|  9 | Vegetarian     |
| 10 | Breakfast      |
| 11 | Starter        |
| 12 | Main Course    |
| 13 | Desert         |
| 14 | Dinner         |
| 15 | Soup           |
| 16 | Indian         |
| 17 | Chinese        |
| 18 | Thai           |
| 19 | Asian          |
| 20 | Italian        |
| 21 | French         |
| 22 | Spanish        |
| 23 | European       |
| 24 | Mexican        |
| 25 | Latin American |
| 26 | African        |
| 27 | American       |
| 28 | Australian     |
| 29 | British        |
| 30 | Irish          |
| 32 | Jewish         |
| 42 | Test           |
| 43 | Another test   |
+----+----------------+
33 rows in set (0.00 sec)

mysql> DELETE FROM Categories WHERE Name  = "Test";
Query OK, 1 row affected (0.00 sec)

mysql> DELETE FROM Categories WHERE Name  = "Another Test";
Query OK, 1 row affected (0.01 sec)

mysql> SELECT * FROM Ingredients;
ERROR 2006 (HY000): MySQL server has gone away
No connection. Trying to reconnect...
Connection id:    437
Current database: milestoneProjectFour

+----+-------+
| Id | Name  |
+----+-------+
|  3 | Suger |
|  4 | Salt  |
+----+-------+
2 rows in set (0.04 sec)

mysql> SELECT * FROM Ingredients;
+----+-------+
| Id | Name  |
+----+-------+
|  3 | Suger |
|  4 | Salt  |
|  5 | Water |
+----+-------+
3 rows in set (0.00 sec)

mysql> describe RecipeIngredient; 
ERROR 1146 (42S02): Table 'milestoneProjectFour.RecipeIngredient' doesn't exist
mysql> describe RecipeIngredients;
+--------------+-------------+------+-----+---------+-------+
| Field        | Type        | Null | Key | Default | Extra |
+--------------+-------------+------+-----+---------+-------+
| RecipeId     | int(11)     | NO   | MUL | NULL    |       |
| IngredientId | int(11)     | NO   | MUL | NULL    |       |
| Quantity     | varchar(20) | YES  |     | NULL    |       |
| Additional   | varchar(30) | YES  |     | NULL    |       |
+--------------+-------------+------+-----+---------+-------+
4 rows in set (0.00 sec)

mysql> ALTER TABLE RecipeIngredients DROP COLUMN Extra;
ERROR 1091 (42000): Can't DROP 'Extra'; check that column/key exists
mysql> ALTER TABLE RecipeIngredients DROP COLUMN Extra;
ERROR 1091 (42000): Can't DROP 'Extra'; check that column/key exists
mysql> ALTER TABLE RecipeIngredients DROP Extra;
ERROR 1091 (42000): Can't DROP 'Extra'; check that column/key exists
mysql> SELECT * FROM RecipeIngredients;
Empty set (0.00 sec)

mysql> describe RecipeIngredients;
+--------------+-------------+------+-----+---------+-------+
| Field        | Type        | Null | Key | Default | Extra |
+--------------+-------------+------+-----+---------+-------+
| RecipeId     | int(11)     | NO   | MUL | NULL    |       |
| IngredientId | int(11)     | NO   | MUL | NULL    |       |
| Quantity     | varchar(20) | YES  |     | NULL    |       |
| Additional   | varchar(30) | YES  |     | NULL    |       |
+--------------+-------------+------+-----+---------+-------+
4 rows in set (0.00 sec)

mysql> ALTER TABLE RecipeIngredients DROP Additional;
Query OK, 0 rows affected (0.10 sec)
Records: 0  Duplicates: 0  Warnings: 0

mysql> describe RecipeIngredients;
+--------------+-------------+------+-----+---------+-------+
| Field        | Type        | Null | Key | Default | Extra |
+--------------+-------------+------+-----+---------+-------+
| RecipeId     | int(11)     | NO   | MUL | NULL    |       |
| IngredientId | int(11)     | NO   | MUL | NULL    |       |
| Quantity     | varchar(20) | YES  |     | NULL    |       |
+--------------+-------------+------+-----+---------+-------+
3 rows in set (0.01 sec)

mysql> describe Recipes;
+--------------+--------------+------+-----+---------+----------------+
| Field        | Type         | Null | Key | Default | Extra          |
+--------------+--------------+------+-----+---------+----------------+
| Id           | int(11)      | NO   | PRI | NULL    | auto_increment |
| Name         | varchar(40)  | NO   |     | NULL    |                |
| UserId       | int(11)      | NO   | MUL | NULL    |                |
| Image        | blob         | YES  |     | NULL    |                |
| Difficulty   | tinyint(4)   | NO   |     | NULL    |                |
| Serves       | tinyint(4)   | NO   |     | NULL    |                |
| Blurb        | varchar(100) | NO   |     | NULL    |                |
| PrepTime     | time         | NO   |     | NULL    |                |
| CookTime     | time         | NO   |     | NULL    |                |
| Instructions | text         | NO   |     | NULL    |                |
+--------------+--------------+------+-----+---------+----------------+
10 rows in set (0.00 sec)

mysql> SELECT * FROM RecipeIngredients;
Empty set (0.00 sec)

mysql> SELECT * FROM Recipes;
+----+---------------------+--------+------------------------------------------------------------+------------+--------+--------------------------------+----------+----------+--------------------------------------------------------+
| Id | Name                | UserId | Image                                                      | Difficulty | Serves | Blurb                          | PrepTime | CookTime | Instructions                                           |
+----+---------------------+--------+------------------------------------------------------------+------------+--------+--------------------------------+----------+----------+--------------------------------------------------------+
|  2 | Chicken Fillet Role |    123 | NULL                                                       |          1 |      4 | From spar. Good chicken fillet | 11:12:00 | 04:10:00 | ['First do this', 'Then do that', 'Then this']         |
|  5 | Chicken Fillet Role |    123 | NULL                                                       |          1 |      4 | From spar. Good chicken fillet | 11:12:00 | 04:10:00 | ['First do this', 'Then do that', 'Then this']         |
|  6 | Chicken Fillet Role |    123 | NULL                                                       |          1 |      4 | From spar. Good chicken fillet | 11:12:00 | 04:10:00 | ['First do this', 'Then do that', 'Then this']         |
|  7 | Chicken Fillet Role |    123 | NULL                                                       |          1 |      4 | From spar. Good chicken fillet | 11:12:00 | 04:10:00 | ['First do this', 'Then do that', 'Then this']         |
|  8 | Chicken Fillet Role |    123 | NULL                                                       |          1 |      4 | From spar. Good chicken fillet | 11:12:00 | 04:10:00 | ['First do this', 'Then do that', 'Then this']         |
|  9 | Chicken Fillet Role |    123 | NULL                                                       |          1 |      4 | From spar. Good chicken fillet | 11:12:00 | 04:10:00 | ['First do this', 'Then do that', 'Then this']         |
| 10 | Chicken Fillet Role |    123 | NULL                                                       |          1 |      4 | From spar. Good chicken fillet | 11:12:00 | 04:10:00 | ['First do this', 'Then do that', 'Then this']         |
| 11 | Chicken Fillet Role |    123 | NULL                                                       |          1 |      4 | From spar. Good chicken fillet | 11:12:00 | 04:10:00 | ['First do this', 'Then do that', 'Then this']         |
| 12 | Chicken Fillet Role |    123 | NULL                                                       |          1 |      4 | a short blurb                  | 04:20:00 | 01:00:00 | {}                                                     |
| 13 | Pie                 |    123 | NULL                                                       |          1 |      4 | A short blurb                  | 01:00:00 | 03:15:00 | ['First Instruction ', 'Second ', 'And then a third '] |
| 14 | Pasta               |    123 | NULL                                                       |          1 |      4 | Pasta dish                     | 02:20:00 | 03:15:00 | ['Cook the pasta', 'Eat the pasta']                    |
| 15 | Chicken             |    123 | NULL                                                       |          1 |      4 | A short blurb                  | 02:20:00 | 03:15:00 | ['Here is an example']                                 |
| 16 | Chicken Curry       |    123 | NULL                                                       |          1 |      4 | blurb                          | 02:20:00 | 03:15:00 | ['instruction']                                        |
| 17 | Chicken Curry       |    123 | NULL                                                       |          1 |      4 | Burb blurb                     | 02:20:00 | 03:15:00 | ['Here is an instruction']                             |
| 18 | Chicken Curry       |    123 | NULL                                                       |          1 |      4 | blurb                          | 02:20:00 | 03:15:00 | ['instruction ']                                       |
| 19 |                     |      0 | <FileStorage: 'IMG_20170420_104258392.jpg' ('image/jpeg')> |          0 |      0 |                                | 00:00:00 | 00:00:00 |                                                        |
| 20 | Chicken Curry       |    123 | NULL                                                       |          1 |      4 | no image upload                | 02:20:00 | 03:15:00 | ['f']                                                  |
| 21 | Chicken Curry       |    123 | <FileStorage: 'ut4.PNG' ('image/png')>                     |          1 |      4 | no gab in pic img title        | 02:20:00 | 03:15:00 | ['dd']                                                 |
| 22 | Chicken Curry       |    123 | <FileStorage: 'Visa photo.gif' ('image/gif')>              |          1 |      4 | Gab in title                   | 02:20:00 | 03:15:00 | ['ddddd']                                              |
| 23 | Chicken Curry       |    123 | NULL                                                       |          1 |      4 | A short Blurb                  | 02:20:00 | 03:15:00 | ['dd']                                                 |
| 24 | Chicken Curry       |    123 | NULL                                                       |          1 |      4 | A short Blurb                  | 02:20:00 | 03:15:00 | ['c']                                                  |
| 25 | Chicken Curry       |    123 | NULL                                                       |          1 |      4 | A short Blurb                  | 02:20:00 | 03:15:00 | ['d']                                                  |
| 26 | Chicken Curry       |    123 | NULL                                                       |          1 |      4 | A short Blurb                  | 02:20:00 | 03:15:00 | ['dd']                                                 |
| 27 | Chicken Curry       |    123 | NULL                                                       |          1 |      4 | A short Blurb                  | 02:20:00 | 03:15:00 | ['ddd']                                                |
| 28 | Chicken Curry       |    123 | NULL                                                       |          1 |      4 | A short Blurb                  | 02:20:00 | 03:15:00 | ['xxx']                                                |
| 29 | Chicken Curry       |    123 | NULL                                                       |          1 |      4 | A short Blurb                  | 02:20:00 | 03:15:00 | ['d']                                                  |
| 30 | Chicken Curry       |    123 | NULL                                                       |          1 |      4 | A short Blurb                  | 02:20:00 | 03:15:00 | ['c']                                                  |
| 31 | Chicken Curry       |    123 | NULL                                                       |          1 |      4 | A short Blurb                  | 02:20:00 | 03:15:00 | ['c']                                                  |
| 32 | Chicken Curry       |    123 | NULL                                                       |          1 |      4 | A short Blurb                  | 02:20:00 | 03:15:00 | ['fff']                                                |
| 33 | Chicken Curry       |    123 | NULL                                                       |          1 |      4 | A short Blurb                  | 02:20:00 | 03:15:00 | ['c']                                                  |
| 34 | Chicken Curry       |    123 | NULL                                                       |          1 |      4 | A short Blurb                  | 02:20:00 | 03:15:00 | ['ff']                                                 |
| 35 | Chicken Curry       |    123 | NULL                                                       |          1 |      4 | A short Blurb                  | 02:20:00 | 03:15:00 | ['dd']                                                 |
| 36 | Chicken Curry       |    123 | NULL                                                       |          1 |      4 | A short Blurb                  | 02:20:00 | 03:15:00 | ['cc']                                                 |
| 37 | Chicken Curry       |    123 | NULL                                                       |          1 |      4 | A short Blurb                  | 02:20:00 | 03:15:00 | ['ss']                                                 |
| 38 | Chicken Curry       |    123 | NULL                                                       |          2 |      6 | TEST BLURB                     | 02:20:00 | 03:15:00 | ['An instruction']                                     |
| 39 | Chicken Curry       |    123 | NULL                                                       |          2 |      6 | TEST BLURB                     | 02:20:00 | 03:15:00 | ['An instruction']                                     |
| 40 | Chicken Curry       |    123 | NULL                                                       |          1 |      4 | TEST BLAH                      | 02:20:00 | 03:15:00 | ['d']                                                  |
| 41 | Chicken Curry       |    123 | NULL                                                       |          1 |      4 | TEST BLAH                      | 02:20:00 | 03:15:00 | ['d']                                                  |
| 42 | Chicken Curry       |    123 | NULL                                                       |          1 |      4 | TEST BLURB                     | 02:20:00 | 03:15:00 | ['D']                                                  |
| 43 | Chicken Curry       |    123 | NULL                                                       |          1 |      4 | TEST BLURB                     | 02:20:00 | 03:15:00 | ['D']                                                  |
| 44 | Chicken Curry       |    123 | NULL                                                       |          1 |      4 | A short Blurb                  | 02:20:00 | 03:15:00 | ['dd']                                                 |
| 45 | Chicken Curry       |    123 | NULL                                                       |          1 |      4 | A short Blurb                  | 02:20:00 | 03:15:00 | ['d']                                                  |
| 46 | Chicken Curry       |    123 | NULL                                                       |          1 |      4 | A short Blurb                  | 02:20:00 | 03:15:00 | ['d']                                                  |
| 47 | Chicken Curry       |    123 | NULL                                                       |          1 |      4 | A short Blurb                  | 02:20:00 | 03:15:00 | ['d']                                                  |
| 48 | Chicken Curry       |    123 | NULL                                                       |          1 |      4 | A short Blurb                  | 02:20:00 | 03:15:00 | ['dd']                                                 |
| 49 | Chicken Curry       |    123 | NULL                                                       |          1 |      4 | A short Blurb                  | 02:20:00 | 03:15:00 | ['d']                                                  |
| 50 | Chicken Curry       |    123 | NULL                                                       |          1 |      4 | A short Blurb                  | 02:20:00 | 03:15:00 | ['d']                                                  |
| 51 | Chicken Curry       |    123 | NULL                                                       |          1 |      4 | A short Blurb                  | 02:20:00 | 03:15:00 | ['s']                                                  |
| 52 | Chicken Curry       |    123 | NULL                                                       |          1 |      4 | A short Blurb                  | 02:20:00 | 03:15:00 | ['d']                                                  |
| 53 | Chicken Curry       |    123 | NULL                                                       |          1 |      4 | A short Blurb                  | 02:20:00 | 03:15:00 | ['d']                                                  |
| 54 | Chicken Curry       |    123 | NULL                                                       |          1 |      4 | A short Blurb                  | 02:20:00 | 03:15:00 | ['d']                                                  |
| 55 | Chicken Curry       |    123 | NULL                                                       |          1 |      4 | A short Blurb                  | 02:20:00 | 03:15:00 | ['d']                                                  |
| 56 | Chicken Curry       |    123 | NULL                                                       |          1 |      4 | A short Blurb                  | 02:20:00 | 03:15:00 | ['d']                                                  |
| 57 | Chicken Curry       |    123 | NULL                                                       |          1 |      4 | A short Blurb                  | 02:20:00 | 03:15:00 | ['d']                                                  |
| 58 | Chicken Curry       |    123 | NULL                                                       |          1 |      4 | A short Blurb                  | 02:20:00 | 03:15:00 | ['d']                                                  |
| 59 | Chicken Curry       |    123 | NULL                                                       |          1 |      4 | A short Blurb                  | 02:20:00 | 03:15:00 | ['d']                                                  |
| 60 | Chicken Curry       |    123 | NULL                                                       |          1 |      4 | A short Blurb                  | 02:20:00 | 03:15:00 | ['ssa']                                                |
| 61 | Chicken Curry       |    123 | NULL                                                       |          1 |      4 | A short Blurb                  | 02:20:00 | 03:15:00 | ['sss']                                                |
| 62 | Chicken Curry       |    123 | NULL                                                       |          1 |      4 | A short Blurb                  | 02:20:00 | 03:15:00 | ['d']                                                  |
| 63 | Chicken Curry       |    123 | NULL                                                       |          1 |      4 | A short Blurb                  | 02:20:00 | 03:15:00 | ['Test Instructions']                                  |
| 64 | Chicken Curry       |    123 | NULL                                                       |          1 |      4 | A short Blurb                  | 02:20:00 | 03:15:00 | ['Test Instructions']                                  |
| 65 | Chicken Curry       |    123 | NULL                                                       |          1 |      4 | A short Blurb                  | 02:20:00 | 03:15:00 | ['Test Instructions']                                  |
| 66 | Chicken Curry       |    123 | NULL                                                       |          1 |      4 | A short Blurb                  | 02:20:00 | 03:15:00 | ['Test Instructions']                                  |
| 67 | Chicken Curry       |    123 | NULL                                                       |          1 |      4 | A short Blurb                  | 02:20:00 | 03:15:00 | ['Test Instructions']                                  |
| 68 | Chicken Curry       |    123 | NULL                                                       |          1 |      4 | A short Blurb                  | 02:20:00 | 03:15:00 | ['Test Instructions']                                  |
| 69 | Chicken Curry       |    123 | NULL                                                       |          1 |      4 | A short Blurb                  | 02:20:00 | 03:15:00 | ['Test Instructions']                                  |
| 70 | Beef Curry          |    123 | NULL                                                       |          1 |      4 | A short Blurb                  | 02:20:00 | 03:15:00 | ['Test Instructions']                                  |
| 71 | Chicken Curry       |    123 | NULL                                                       |          1 |      4 | A short Blurb                  | 02:20:00 | 03:15:00 | ['Test Instructions']                                  |
| 72 | Stew                |    123 | NULL                                                       |          1 |      4 | A short Blurb                  | 02:20:00 | 03:15:00 | ['Test Instructions']                                  |
| 73 | Chicken Curry       |    123 | NULL                                                       |          1 |      4 | A short Blurb                  | 02:20:00 | 03:15:00 | ['Test Instructions']                                  |
| 74 | Chicken Curry       |    123 | NULL                                                       |          1 |      4 | A short Blurb                  | 02:20:00 | 03:15:00 | ['Test Instructions']                                  |
| 75 | Chicken Curry       |    123 | NULL                                                       |          1 |      4 | A short Blurb                  | 02:20:00 | 03:15:00 | ['Test Instructions']                                  |
| 76 | Chicken Curry       |    123 | NULL                                                       |          1 |      4 | A short Blurb                  | 02:20:00 | 03:15:00 | ['Test Instructions']                                  |
| 77 | Chicken Curry       |    123 | NULL                                                       |          1 |      4 | A short Blurbd                 | 02:20:00 | 03:15:00 | ['Test Instructions']                                  |
| 78 | Chicken Curry       |    123 | NULL                                                       |          1 |      4 | A short Blurb                  | 02:20:00 | 03:15:00 | ['Test Instructions']                                  |
+----+---------------------+--------+------------------------------------------------------------+------------+--------+--------------------------------+----------+----------+--------------------------------------------------------+
75 rows in set (0.00 sec)

mysql> SELECT * FROM RecipeIngredients;
Empty set (0.00 sec)

mysql> SELECT * FROM RecipeIngredients;
Empty set (0.00 sec)

mysql> SELECT * FROM Recipes;
+----+---------------------+--------+------------------------------------------------------------+------------+--------+--------------------------------+----------+----------+--------------------------------------------------------+
| Id | Name                | UserId | Image                                                      | Difficulty | Serves | Blurb                          | PrepTime | CookTime | Instructions                                           |
+----+---------------------+--------+------------------------------------------------------------+------------+--------+--------------------------------+----------+----------+--------------------------------------------------------+
|  2 | Chicken Fillet Role |    123 | NULL                                                       |          1 |      4 | From spar. Good chicken fillet | 11:12:00 | 04:10:00 | ['First do this', 'Then do that', 'Then this']         |
|  5 | Chicken Fillet Role |    123 | NULL                                                       |          1 |      4 | From spar. Good chicken fillet | 11:12:00 | 04:10:00 | ['First do this', 'Then do that', 'Then this']         |
|  6 | Chicken Fillet Role |    123 | NULL                                                       |          1 |      4 | From spar. Good chicken fillet | 11:12:00 | 04:10:00 | ['First do this', 'Then do that', 'Then this']         |
|  7 | Chicken Fillet Role |    123 | NULL                                                       |          1 |      4 | From spar. Good chicken fillet | 11:12:00 | 04:10:00 | ['First do this', 'Then do that', 'Then this']         |
|  8 | Chicken Fillet Role |    123 | NULL                                                       |          1 |      4 | From spar. Good chicken fillet | 11:12:00 | 04:10:00 | ['First do this', 'Then do that', 'Then this']         |
|  9 | Chicken Fillet Role |    123 | NULL                                                       |          1 |      4 | From spar. Good chicken fillet | 11:12:00 | 04:10:00 | ['First do this', 'Then do that', 'Then this']         |
| 10 | Chicken Fillet Role |    123 | NULL                                                       |          1 |      4 | From spar. Good chicken fillet | 11:12:00 | 04:10:00 | ['First do this', 'Then do that', 'Then this']         |
| 11 | Chicken Fillet Role |    123 | NULL                                                       |          1 |      4 | From spar. Good chicken fillet | 11:12:00 | 04:10:00 | ['First do this', 'Then do that', 'Then this']         |
| 12 | Chicken Fillet Role |    123 | NULL                                                       |          1 |      4 | a short blurb                  | 04:20:00 | 01:00:00 | {}                                                     |
| 13 | Pie                 |    123 | NULL                                                       |          1 |      4 | A short blurb                  | 01:00:00 | 03:15:00 | ['First Instruction ', 'Second ', 'And then a third '] |
| 14 | Pasta               |    123 | NULL                                                       |          1 |      4 | Pasta dish                     | 02:20:00 | 03:15:00 | ['Cook the pasta', 'Eat the pasta']                    |
| 15 | Chicken             |    123 | NULL                                                       |          1 |      4 | A short blurb                  | 02:20:00 | 03:15:00 | ['Here is an example']                                 |
| 16 | Chicken Curry       |    123 | NULL                                                       |          1 |      4 | blurb                          | 02:20:00 | 03:15:00 | ['instruction']                                        |
| 17 | Chicken Curry       |    123 | NULL                                                       |          1 |      4 | Burb blurb                     | 02:20:00 | 03:15:00 | ['Here is an instruction']                             |
| 18 | Chicken Curry       |    123 | NULL                                                       |          1 |      4 | blurb                          | 02:20:00 | 03:15:00 | ['instruction ']                                       |
| 19 |                     |      0 | <FileStorage: 'IMG_20170420_104258392.jpg' ('image/jpeg')> |          0 |      0 |                                | 00:00:00 | 00:00:00 |                                                        |
| 20 | Chicken Curry       |    123 | NULL                                                       |          1 |      4 | no image upload                | 02:20:00 | 03:15:00 | ['f']                                                  |
| 21 | Chicken Curry       |    123 | <FileStorage: 'ut4.PNG' ('image/png')>                     |          1 |      4 | no gab in pic img title        | 02:20:00 | 03:15:00 | ['dd']                                                 |
| 22 | Chicken Curry       |    123 | <FileStorage: 'Visa photo.gif' ('image/gif')>              |          1 |      4 | Gab in title                   | 02:20:00 | 03:15:00 | ['ddddd']                                              |
| 23 | Chicken Curry       |    123 | NULL                                                       |          1 |      4 | A short Blurb                  | 02:20:00 | 03:15:00 | ['dd']                                                 |
| 24 | Chicken Curry       |    123 | NULL                                                       |          1 |      4 | A short Blurb                  | 02:20:00 | 03:15:00 | ['c']                                                  |
| 25 | Chicken Curry       |    123 | NULL                                                       |          1 |      4 | A short Blurb                  | 02:20:00 | 03:15:00 | ['d']                                                  |
| 26 | Chicken Curry       |    123 | NULL                                                       |          1 |      4 | A short Blurb                  | 02:20:00 | 03:15:00 | ['dd']                                                 |
| 27 | Chicken Curry       |    123 | NULL                                                       |          1 |      4 | A short Blurb                  | 02:20:00 | 03:15:00 | ['ddd']                                                |
| 28 | Chicken Curry       |    123 | NULL                                                       |          1 |      4 | A short Blurb                  | 02:20:00 | 03:15:00 | ['xxx']                                                |
| 29 | Chicken Curry       |    123 | NULL                                                       |          1 |      4 | A short Blurb                  | 02:20:00 | 03:15:00 | ['d']                                                  |
| 30 | Chicken Curry       |    123 | NULL                                                       |          1 |      4 | A short Blurb                  | 02:20:00 | 03:15:00 | ['c']                                                  |
| 31 | Chicken Curry       |    123 | NULL                                                       |          1 |      4 | A short Blurb                  | 02:20:00 | 03:15:00 | ['c']                                                  |
| 32 | Chicken Curry       |    123 | NULL                                                       |          1 |      4 | A short Blurb                  | 02:20:00 | 03:15:00 | ['fff']                                                |
| 33 | Chicken Curry       |    123 | NULL                                                       |          1 |      4 | A short Blurb                  | 02:20:00 | 03:15:00 | ['c']                                                  |
| 34 | Chicken Curry       |    123 | NULL                                                       |          1 |      4 | A short Blurb                  | 02:20:00 | 03:15:00 | ['ff']                                                 |
| 35 | Chicken Curry       |    123 | NULL                                                       |          1 |      4 | A short Blurb                  | 02:20:00 | 03:15:00 | ['dd']                                                 |
| 36 | Chicken Curry       |    123 | NULL                                                       |          1 |      4 | A short Blurb                  | 02:20:00 | 03:15:00 | ['cc']                                                 |
| 37 | Chicken Curry       |    123 | NULL                                                       |          1 |      4 | A short Blurb                  | 02:20:00 | 03:15:00 | ['ss']                                                 |
| 38 | Chicken Curry       |    123 | NULL                                                       |          2 |      6 | TEST BLURB                     | 02:20:00 | 03:15:00 | ['An instruction']                                     |
| 39 | Chicken Curry       |    123 | NULL                                                       |          2 |      6 | TEST BLURB                     | 02:20:00 | 03:15:00 | ['An instruction']                                     |
| 40 | Chicken Curry       |    123 | NULL                                                       |          1 |      4 | TEST BLAH                      | 02:20:00 | 03:15:00 | ['d']                                                  |
| 41 | Chicken Curry       |    123 | NULL                                                       |          1 |      4 | TEST BLAH                      | 02:20:00 | 03:15:00 | ['d']                                                  |
| 42 | Chicken Curry       |    123 | NULL                                                       |          1 |      4 | TEST BLURB                     | 02:20:00 | 03:15:00 | ['D']                                                  |
| 43 | Chicken Curry       |    123 | NULL                                                       |          1 |      4 | TEST BLURB                     | 02:20:00 | 03:15:00 | ['D']                                                  |
| 44 | Chicken Curry       |    123 | NULL                                                       |          1 |      4 | A short Blurb                  | 02:20:00 | 03:15:00 | ['dd']                                                 |
| 45 | Chicken Curry       |    123 | NULL                                                       |          1 |      4 | A short Blurb                  | 02:20:00 | 03:15:00 | ['d']                                                  |
| 46 | Chicken Curry       |    123 | NULL                                                       |          1 |      4 | A short Blurb                  | 02:20:00 | 03:15:00 | ['d']                                                  |
| 47 | Chicken Curry       |    123 | NULL                                                       |          1 |      4 | A short Blurb                  | 02:20:00 | 03:15:00 | ['d']                                                  |
| 48 | Chicken Curry       |    123 | NULL                                                       |          1 |      4 | A short Blurb                  | 02:20:00 | 03:15:00 | ['dd']                                                 |
| 49 | Chicken Curry       |    123 | NULL                                                       |          1 |      4 | A short Blurb                  | 02:20:00 | 03:15:00 | ['d']                                                  |
| 50 | Chicken Curry       |    123 | NULL                                                       |          1 |      4 | A short Blurb                  | 02:20:00 | 03:15:00 | ['d']                                                  |
| 51 | Chicken Curry       |    123 | NULL                                                       |          1 |      4 | A short Blurb                  | 02:20:00 | 03:15:00 | ['s']                                                  |
| 52 | Chicken Curry       |    123 | NULL                                                       |          1 |      4 | A short Blurb                  | 02:20:00 | 03:15:00 | ['d']                                                  |
| 53 | Chicken Curry       |    123 | NULL                                                       |          1 |      4 | A short Blurb                  | 02:20:00 | 03:15:00 | ['d']                                                  |
| 54 | Chicken Curry       |    123 | NULL                                                       |          1 |      4 | A short Blurb                  | 02:20:00 | 03:15:00 | ['d']                                                  |
| 55 | Chicken Curry       |    123 | NULL                                                       |          1 |      4 | A short Blurb                  | 02:20:00 | 03:15:00 | ['d']                                                  |
| 56 | Chicken Curry       |    123 | NULL                                                       |          1 |      4 | A short Blurb                  | 02:20:00 | 03:15:00 | ['d']                                                  |
| 57 | Chicken Curry       |    123 | NULL                                                       |          1 |      4 | A short Blurb                  | 02:20:00 | 03:15:00 | ['d']                                                  |
| 58 | Chicken Curry       |    123 | NULL                                                       |          1 |      4 | A short Blurb                  | 02:20:00 | 03:15:00 | ['d']                                                  |
| 59 | Chicken Curry       |    123 | NULL                                                       |          1 |      4 | A short Blurb                  | 02:20:00 | 03:15:00 | ['d']                                                  |
| 60 | Chicken Curry       |    123 | NULL                                                       |          1 |      4 | A short Blurb                  | 02:20:00 | 03:15:00 | ['ssa']                                                |
| 61 | Chicken Curry       |    123 | NULL                                                       |          1 |      4 | A short Blurb                  | 02:20:00 | 03:15:00 | ['sss']                                                |
| 62 | Chicken Curry       |    123 | NULL                                                       |          1 |      4 | A short Blurb                  | 02:20:00 | 03:15:00 | ['d']                                                  |
| 63 | Chicken Curry       |    123 | NULL                                                       |          1 |      4 | A short Blurb                  | 02:20:00 | 03:15:00 | ['Test Instructions']                                  |
| 64 | Chicken Curry       |    123 | NULL                                                       |          1 |      4 | A short Blurb                  | 02:20:00 | 03:15:00 | ['Test Instructions']                                  |
| 65 | Chicken Curry       |    123 | NULL                                                       |          1 |      4 | A short Blurb                  | 02:20:00 | 03:15:00 | ['Test Instructions']                                  |
| 66 | Chicken Curry       |    123 | NULL                                                       |          1 |      4 | A short Blurb                  | 02:20:00 | 03:15:00 | ['Test Instructions']                                  |
| 67 | Chicken Curry       |    123 | NULL                                                       |          1 |      4 | A short Blurb                  | 02:20:00 | 03:15:00 | ['Test Instructions']                                  |
| 68 | Chicken Curry       |    123 | NULL                                                       |          1 |      4 | A short Blurb                  | 02:20:00 | 03:15:00 | ['Test Instructions']                                  |
| 69 | Chicken Curry       |    123 | NULL                                                       |          1 |      4 | A short Blurb                  | 02:20:00 | 03:15:00 | ['Test Instructions']                                  |
| 70 | Beef Curry          |    123 | NULL                                                       |          1 |      4 | A short Blurb                  | 02:20:00 | 03:15:00 | ['Test Instructions']                                  |
| 71 | Chicken Curry       |    123 | NULL                                                       |          1 |      4 | A short Blurb                  | 02:20:00 | 03:15:00 | ['Test Instructions']                                  |
| 72 | Stew                |    123 | NULL                                                       |          1 |      4 | A short Blurb                  | 02:20:00 | 03:15:00 | ['Test Instructions']                                  |
| 73 | Chicken Curry       |    123 | NULL                                                       |          1 |      4 | A short Blurb                  | 02:20:00 | 03:15:00 | ['Test Instructions']                                  |
| 74 | Chicken Curry       |    123 | NULL                                                       |          1 |      4 | A short Blurb                  | 02:20:00 | 03:15:00 | ['Test Instructions']                                  |
| 75 | Chicken Curry       |    123 | NULL                                                       |          1 |      4 | A short Blurb                  | 02:20:00 | 03:15:00 | ['Test Instructions']                                  |
| 76 | Chicken Curry       |    123 | NULL                                                       |          1 |      4 | A short Blurb                  | 02:20:00 | 03:15:00 | ['Test Instructions']                                  |
| 77 | Chicken Curry       |    123 | NULL                                                       |          1 |      4 | A short Blurbd                 | 02:20:00 | 03:15:00 | ['Test Instructions']                                  |
| 78 | Chicken Curry       |    123 | NULL                                                       |          1 |      4 | A short Blurb                  | 02:20:00 | 03:15:00 | ['Test Instructions']                                  |
| 79 | Chicken Curry       |    123 | NULL                                                       |          1 |      4 | A short Blurb                  | 02:20:00 | 03:15:00 | ['Test Instructions']                                  |
| 80 | Chicken Curry       |    123 | NULL                                                       |          1 |      4 | A short Blurb                  | 02:20:00 | 03:15:00 | ['Test Instructions']                                  |
| 81 | Chicken Curry       |    123 | NULL                                                       |          1 |      4 | A short Blurb                  | 02:20:00 | 03:15:00 | ['Test Instructions']                                  |
| 82 | Chicken Curry       |    123 | NULL                                                       |          1 |      4 | A short Blurb                  | 02:20:00 | 03:15:00 | ['Test Instructions']                                  |
| 83 | Chicken Curry       |    123 | NULL                                                       |          1 |      4 | A short Blurb                  | 02:20:00 | 03:15:00 | ['Test Instructions']                                  |
| 84 | Chicken Curry       |    123 | NULL                                                       |          1 |      4 | A short Blurb                  | 02:20:00 | 03:15:00 | ['Test Instructions']                                  |
| 85 | Chicken Curry       |    123 | NULL                                                       |          1 |      4 | A short Blurb                  | 02:20:00 | 03:15:00 | ['Test Instructions']                                  |
+----+---------------------+--------+------------------------------------------------------------+------------+--------+--------------------------------+----------+----------+--------------------------------------------------------+
82 rows in set (0.00 sec)

mysql> SELECT * FROM Recipes;
+----+---------------------+--------+------------------------------------------------------------+------------+--------+--------------------------------+----------+----------+--------------------------------------------------------+
| Id | Name                | UserId | Image                                                      | Difficulty | Serves | Blurb                          | PrepTime | CookTime | Instructions                                           |
+----+---------------------+--------+------------------------------------------------------------+------------+--------+--------------------------------+----------+----------+--------------------------------------------------------+
|  2 | Chicken Fillet Role |    123 | NULL                                                       |          1 |      4 | From spar. Good chicken fillet | 11:12:00 | 04:10:00 | ['First do this', 'Then do that', 'Then this']         |
|  5 | Chicken Fillet Role |    123 | NULL                                                       |          1 |      4 | From spar. Good chicken fillet | 11:12:00 | 04:10:00 | ['First do this', 'Then do that', 'Then this']         |
|  6 | Chicken Fillet Role |    123 | NULL                                                       |          1 |      4 | From spar. Good chicken fillet | 11:12:00 | 04:10:00 | ['First do this', 'Then do that', 'Then this']         |
|  7 | Chicken Fillet Role |    123 | NULL                                                       |          1 |      4 | From spar. Good chicken fillet | 11:12:00 | 04:10:00 | ['First do this', 'Then do that', 'Then this']         |
|  8 | Chicken Fillet Role |    123 | NULL                                                       |          1 |      4 | From spar. Good chicken fillet | 11:12:00 | 04:10:00 | ['First do this', 'Then do that', 'Then this']         |
|  9 | Chicken Fillet Role |    123 | NULL                                                       |          1 |      4 | From spar. Good chicken fillet | 11:12:00 | 04:10:00 | ['First do this', 'Then do that', 'Then this']         |
| 10 | Chicken Fillet Role |    123 | NULL                                                       |          1 |      4 | From spar. Good chicken fillet | 11:12:00 | 04:10:00 | ['First do this', 'Then do that', 'Then this']         |
| 11 | Chicken Fillet Role |    123 | NULL                                                       |          1 |      4 | From spar. Good chicken fillet | 11:12:00 | 04:10:00 | ['First do this', 'Then do that', 'Then this']         |
| 12 | Chicken Fillet Role |    123 | NULL                                                       |          1 |      4 | a short blurb                  | 04:20:00 | 01:00:00 | {}                                                     |
| 13 | Pie                 |    123 | NULL                                                       |          1 |      4 | A short blurb                  | 01:00:00 | 03:15:00 | ['First Instruction ', 'Second ', 'And then a third '] |
| 14 | Pasta               |    123 | NULL                                                       |          1 |      4 | Pasta dish                     | 02:20:00 | 03:15:00 | ['Cook the pasta', 'Eat the pasta']                    |
| 15 | Chicken             |    123 | NULL                                                       |          1 |      4 | A short blurb                  | 02:20:00 | 03:15:00 | ['Here is an example']                                 |
| 16 | Chicken Curry       |    123 | NULL                                                       |          1 |      4 | blurb                          | 02:20:00 | 03:15:00 | ['instruction']                                        |
| 17 | Chicken Curry       |    123 | NULL                                                       |          1 |      4 | Burb blurb                     | 02:20:00 | 03:15:00 | ['Here is an instruction']                             |
| 18 | Chicken Curry       |    123 | NULL                                                       |          1 |      4 | blurb                          | 02:20:00 | 03:15:00 | ['instruction ']                                       |
| 19 |                     |      0 | <FileStorage: 'IMG_20170420_104258392.jpg' ('image/jpeg')> |          0 |      0 |                                | 00:00:00 | 00:00:00 |                                                        |
| 20 | Chicken Curry       |    123 | NULL                                                       |          1 |      4 | no image upload                | 02:20:00 | 03:15:00 | ['f']                                                  |
| 21 | Chicken Curry       |    123 | <FileStorage: 'ut4.PNG' ('image/png')>                     |          1 |      4 | no gab in pic img title        | 02:20:00 | 03:15:00 | ['dd']                                                 |
| 22 | Chicken Curry       |    123 | <FileStorage: 'Visa photo.gif' ('image/gif')>              |          1 |      4 | Gab in title                   | 02:20:00 | 03:15:00 | ['ddddd']                                              |
| 23 | Chicken Curry       |    123 | NULL                                                       |          1 |      4 | A short Blurb                  | 02:20:00 | 03:15:00 | ['dd']                                                 |
| 24 | Chicken Curry       |    123 | NULL                                                       |          1 |      4 | A short Blurb                  | 02:20:00 | 03:15:00 | ['c']                                                  |
| 25 | Chicken Curry       |    123 | NULL                                                       |          1 |      4 | A short Blurb                  | 02:20:00 | 03:15:00 | ['d']                                                  |
| 26 | Chicken Curry       |    123 | NULL                                                       |          1 |      4 | A short Blurb                  | 02:20:00 | 03:15:00 | ['dd']                                                 |
| 27 | Chicken Curry       |    123 | NULL                                                       |          1 |      4 | A short Blurb                  | 02:20:00 | 03:15:00 | ['ddd']                                                |
| 28 | Chicken Curry       |    123 | NULL                                                       |          1 |      4 | A short Blurb                  | 02:20:00 | 03:15:00 | ['xxx']                                                |
| 29 | Chicken Curry       |    123 | NULL                                                       |          1 |      4 | A short Blurb                  | 02:20:00 | 03:15:00 | ['d']                                                  |
| 30 | Chicken Curry       |    123 | NULL                                                       |          1 |      4 | A short Blurb                  | 02:20:00 | 03:15:00 | ['c']                                                  |
| 31 | Chicken Curry       |    123 | NULL                                                       |          1 |      4 | A short Blurb                  | 02:20:00 | 03:15:00 | ['c']                                                  |
| 32 | Chicken Curry       |    123 | NULL                                                       |          1 |      4 | A short Blurb                  | 02:20:00 | 03:15:00 | ['fff']                                                |
| 33 | Chicken Curry       |    123 | NULL                                                       |          1 |      4 | A short Blurb                  | 02:20:00 | 03:15:00 | ['c']                                                  |
| 34 | Chicken Curry       |    123 | NULL                                                       |          1 |      4 | A short Blurb                  | 02:20:00 | 03:15:00 | ['ff']                                                 |
| 35 | Chicken Curry       |    123 | NULL                                                       |          1 |      4 | A short Blurb                  | 02:20:00 | 03:15:00 | ['dd']                                                 |
| 36 | Chicken Curry       |    123 | NULL                                                       |          1 |      4 | A short Blurb                  | 02:20:00 | 03:15:00 | ['cc']                                                 |
| 37 | Chicken Curry       |    123 | NULL                                                       |          1 |      4 | A short Blurb                  | 02:20:00 | 03:15:00 | ['ss']                                                 |
| 38 | Chicken Curry       |    123 | NULL                                                       |          2 |      6 | TEST BLURB                     | 02:20:00 | 03:15:00 | ['An instruction']                                     |
| 39 | Chicken Curry       |    123 | NULL                                                       |          2 |      6 | TEST BLURB                     | 02:20:00 | 03:15:00 | ['An instruction']                                     |
| 40 | Chicken Curry       |    123 | NULL                                                       |          1 |      4 | TEST BLAH                      | 02:20:00 | 03:15:00 | ['d']                                                  |
| 41 | Chicken Curry       |    123 | NULL                                                       |          1 |      4 | TEST BLAH                      | 02:20:00 | 03:15:00 | ['d']                                                  |
| 42 | Chicken Curry       |    123 | NULL                                                       |          1 |      4 | TEST BLURB                     | 02:20:00 | 03:15:00 | ['D']                                                  |
| 43 | Chicken Curry       |    123 | NULL                                                       |          1 |      4 | TEST BLURB                     | 02:20:00 | 03:15:00 | ['D']                                                  |
| 44 | Chicken Curry       |    123 | NULL                                                       |          1 |      4 | A short Blurb                  | 02:20:00 | 03:15:00 | ['dd']                                                 |
| 45 | Chicken Curry       |    123 | NULL                                                       |          1 |      4 | A short Blurb                  | 02:20:00 | 03:15:00 | ['d']                                                  |
| 46 | Chicken Curry       |    123 | NULL                                                       |          1 |      4 | A short Blurb                  | 02:20:00 | 03:15:00 | ['d']                                                  |
| 47 | Chicken Curry       |    123 | NULL                                                       |          1 |      4 | A short Blurb                  | 02:20:00 | 03:15:00 | ['d']                                                  |
| 48 | Chicken Curry       |    123 | NULL                                                       |          1 |      4 | A short Blurb                  | 02:20:00 | 03:15:00 | ['dd']                                                 |
| 49 | Chicken Curry       |    123 | NULL                                                       |          1 |      4 | A short Blurb                  | 02:20:00 | 03:15:00 | ['d']                                                  |
| 50 | Chicken Curry       |    123 | NULL                                                       |          1 |      4 | A short Blurb                  | 02:20:00 | 03:15:00 | ['d']                                                  |
| 51 | Chicken Curry       |    123 | NULL                                                       |          1 |      4 | A short Blurb                  | 02:20:00 | 03:15:00 | ['s']                                                  |
| 52 | Chicken Curry       |    123 | NULL                                                       |          1 |      4 | A short Blurb                  | 02:20:00 | 03:15:00 | ['d']                                                  |
| 53 | Chicken Curry       |    123 | NULL                                                       |          1 |      4 | A short Blurb                  | 02:20:00 | 03:15:00 | ['d']                                                  |
| 54 | Chicken Curry       |    123 | NULL                                                       |          1 |      4 | A short Blurb                  | 02:20:00 | 03:15:00 | ['d']                                                  |
| 55 | Chicken Curry       |    123 | NULL                                                       |          1 |      4 | A short Blurb                  | 02:20:00 | 03:15:00 | ['d']                                                  |
| 56 | Chicken Curry       |    123 | NULL                                                       |          1 |      4 | A short Blurb                  | 02:20:00 | 03:15:00 | ['d']                                                  |
| 57 | Chicken Curry       |    123 | NULL                                                       |          1 |      4 | A short Blurb                  | 02:20:00 | 03:15:00 | ['d']                                                  |
| 58 | Chicken Curry       |    123 | NULL                                                       |          1 |      4 | A short Blurb                  | 02:20:00 | 03:15:00 | ['d']                                                  |
| 59 | Chicken Curry       |    123 | NULL                                                       |          1 |      4 | A short Blurb                  | 02:20:00 | 03:15:00 | ['d']                                                  |
| 60 | Chicken Curry       |    123 | NULL                                                       |          1 |      4 | A short Blurb                  | 02:20:00 | 03:15:00 | ['ssa']                                                |
| 61 | Chicken Curry       |    123 | NULL                                                       |          1 |      4 | A short Blurb                  | 02:20:00 | 03:15:00 | ['sss']                                                |
| 62 | Chicken Curry       |    123 | NULL                                                       |          1 |      4 | A short Blurb                  | 02:20:00 | 03:15:00 | ['d']                                                  |
| 63 | Chicken Curry       |    123 | NULL                                                       |          1 |      4 | A short Blurb                  | 02:20:00 | 03:15:00 | ['Test Instructions']                                  |
| 64 | Chicken Curry       |    123 | NULL                                                       |          1 |      4 | A short Blurb                  | 02:20:00 | 03:15:00 | ['Test Instructions']                                  |
| 65 | Chicken Curry       |    123 | NULL                                                       |          1 |      4 | A short Blurb                  | 02:20:00 | 03:15:00 | ['Test Instructions']                                  |
| 66 | Chicken Curry       |    123 | NULL                                                       |          1 |      4 | A short Blurb                  | 02:20:00 | 03:15:00 | ['Test Instructions']                                  |
| 67 | Chicken Curry       |    123 | NULL                                                       |          1 |      4 | A short Blurb                  | 02:20:00 | 03:15:00 | ['Test Instructions']                                  |
| 68 | Chicken Curry       |    123 | NULL                                                       |          1 |      4 | A short Blurb                  | 02:20:00 | 03:15:00 | ['Test Instructions']                                  |
| 69 | Chicken Curry       |    123 | NULL                                                       |          1 |      4 | A short Blurb                  | 02:20:00 | 03:15:00 | ['Test Instructions']                                  |
| 70 | Beef Curry          |    123 | NULL                                                       |          1 |      4 | A short Blurb                  | 02:20:00 | 03:15:00 | ['Test Instructions']                                  |
| 71 | Chicken Curry       |    123 | NULL                                                       |          1 |      4 | A short Blurb                  | 02:20:00 | 03:15:00 | ['Test Instructions']                                  |
| 72 | Stew                |    123 | NULL                                                       |          1 |      4 | A short Blurb                  | 02:20:00 | 03:15:00 | ['Test Instructions']                                  |
| 73 | Chicken Curry       |    123 | NULL                                                       |          1 |      4 | A short Blurb                  | 02:20:00 | 03:15:00 | ['Test Instructions']                                  |
| 74 | Chicken Curry       |    123 | NULL                                                       |          1 |      4 | A short Blurb                  | 02:20:00 | 03:15:00 | ['Test Instructions']                                  |
| 75 | Chicken Curry       |    123 | NULL                                                       |          1 |      4 | A short Blurb                  | 02:20:00 | 03:15:00 | ['Test Instructions']                                  |
| 76 | Chicken Curry       |    123 | NULL                                                       |          1 |      4 | A short Blurb                  | 02:20:00 | 03:15:00 | ['Test Instructions']                                  |
| 77 | Chicken Curry       |    123 | NULL                                                       |          1 |      4 | A short Blurbd                 | 02:20:00 | 03:15:00 | ['Test Instructions']                                  |
| 78 | Chicken Curry       |    123 | NULL                                                       |          1 |      4 | A short Blurb                  | 02:20:00 | 03:15:00 | ['Test Instructions']                                  |
| 79 | Chicken Curry       |    123 | NULL                                                       |          1 |      4 | A short Blurb                  | 02:20:00 | 03:15:00 | ['Test Instructions']                                  |
| 80 | Chicken Curry       |    123 | NULL                                                       |          1 |      4 | A short Blurb                  | 02:20:00 | 03:15:00 | ['Test Instructions']                                  |
| 81 | Chicken Curry       |    123 | NULL                                                       |          1 |      4 | A short Blurb                  | 02:20:00 | 03:15:00 | ['Test Instructions']                                  |
| 82 | Chicken Curry       |    123 | NULL                                                       |          1 |      4 | A short Blurb                  | 02:20:00 | 03:15:00 | ['Test Instructions']                                  |
| 83 | Chicken Curry       |    123 | NULL                                                       |          1 |      4 | A short Blurb                  | 02:20:00 | 03:15:00 | ['Test Instructions']                                  |
| 84 | Chicken Curry       |    123 | NULL                                                       |          1 |      4 | A short Blurb                  | 02:20:00 | 03:15:00 | ['Test Instructions']                                  |
| 85 | Chicken Curry       |    123 | NULL                                                       |          1 |      4 | A short Blurb                  | 02:20:00 | 03:15:00 | ['Test Instructions']                                  |
+----+---------------------+--------+------------------------------------------------------------+------------+--------+--------------------------------+----------+----------+--------------------------------------------------------+
82 rows in set (0.00 sec)

mysql> SELECT * FROM Recipes;
+----+---------------------+--------+------------------------------------------------------------+------------+--------+--------------------------------+----------+----------+--------------------------------------------------------+
| Id | Name                | UserId | Image                                                      | Difficulty | Serves | Blurb                          | PrepTime | CookTime | Instructions                                           |
+----+---------------------+--------+------------------------------------------------------------+------------+--------+--------------------------------+----------+----------+--------------------------------------------------------+
|  2 | Chicken Fillet Role |    123 | NULL                                                       |          1 |      4 | From spar. Good chicken fillet | 11:12:00 | 04:10:00 | ['First do this', 'Then do that', 'Then this']         |
|  5 | Chicken Fillet Role |    123 | NULL                                                       |          1 |      4 | From spar. Good chicken fillet | 11:12:00 | 04:10:00 | ['First do this', 'Then do that', 'Then this']         |
|  6 | Chicken Fillet Role |    123 | NULL                                                       |          1 |      4 | From spar. Good chicken fillet | 11:12:00 | 04:10:00 | ['First do this', 'Then do that', 'Then this']         |
|  7 | Chicken Fillet Role |    123 | NULL                                                       |          1 |      4 | From spar. Good chicken fillet | 11:12:00 | 04:10:00 | ['First do this', 'Then do that', 'Then this']         |
|  8 | Chicken Fillet Role |    123 | NULL                                                       |          1 |      4 | From spar. Good chicken fillet | 11:12:00 | 04:10:00 | ['First do this', 'Then do that', 'Then this']         |
|  9 | Chicken Fillet Role |    123 | NULL                                                       |          1 |      4 | From spar. Good chicken fillet | 11:12:00 | 04:10:00 | ['First do this', 'Then do that', 'Then this']         |
| 10 | Chicken Fillet Role |    123 | NULL                                                       |          1 |      4 | From spar. Good chicken fillet | 11:12:00 | 04:10:00 | ['First do this', 'Then do that', 'Then this']         |
| 11 | Chicken Fillet Role |    123 | NULL                                                       |          1 |      4 | From spar. Good chicken fillet | 11:12:00 | 04:10:00 | ['First do this', 'Then do that', 'Then this']         |
| 12 | Chicken Fillet Role |    123 | NULL                                                       |          1 |      4 | a short blurb                  | 04:20:00 | 01:00:00 | {}                                                     |
| 13 | Pie                 |    123 | NULL                                                       |          1 |      4 | A short blurb                  | 01:00:00 | 03:15:00 | ['First Instruction ', 'Second ', 'And then a third '] |
| 14 | Pasta               |    123 | NULL                                                       |          1 |      4 | Pasta dish                     | 02:20:00 | 03:15:00 | ['Cook the pasta', 'Eat the pasta']                    |
| 15 | Chicken             |    123 | NULL                                                       |          1 |      4 | A short blurb                  | 02:20:00 | 03:15:00 | ['Here is an example']                                 |
| 16 | Chicken Curry       |    123 | NULL                                                       |          1 |      4 | blurb                          | 02:20:00 | 03:15:00 | ['instruction']                                        |
| 17 | Chicken Curry       |    123 | NULL                                                       |          1 |      4 | Burb blurb                     | 02:20:00 | 03:15:00 | ['Here is an instruction']                             |
| 18 | Chicken Curry       |    123 | NULL                                                       |          1 |      4 | blurb                          | 02:20:00 | 03:15:00 | ['instruction ']                                       |
| 19 |                     |      0 | <FileStorage: 'IMG_20170420_104258392.jpg' ('image/jpeg')> |          0 |      0 |                                | 00:00:00 | 00:00:00 |                                                        |
| 20 | Chicken Curry       |    123 | NULL                                                       |          1 |      4 | no image upload                | 02:20:00 | 03:15:00 | ['f']                                                  |
| 21 | Chicken Curry       |    123 | <FileStorage: 'ut4.PNG' ('image/png')>                     |          1 |      4 | no gab in pic img title        | 02:20:00 | 03:15:00 | ['dd']                                                 |
| 22 | Chicken Curry       |    123 | <FileStorage: 'Visa photo.gif' ('image/gif')>              |          1 |      4 | Gab in title                   | 02:20:00 | 03:15:00 | ['ddddd']                                              |
| 23 | Chicken Curry       |    123 | NULL                                                       |          1 |      4 | A short Blurb                  | 02:20:00 | 03:15:00 | ['dd']                                                 |
| 24 | Chicken Curry       |    123 | NULL                                                       |          1 |      4 | A short Blurb                  | 02:20:00 | 03:15:00 | ['c']                                                  |
| 25 | Chicken Curry       |    123 | NULL                                                       |          1 |      4 | A short Blurb                  | 02:20:00 | 03:15:00 | ['d']                                                  |
| 26 | Chicken Curry       |    123 | NULL                                                       |          1 |      4 | A short Blurb                  | 02:20:00 | 03:15:00 | ['dd']                                                 |
| 27 | Chicken Curry       |    123 | NULL                                                       |          1 |      4 | A short Blurb                  | 02:20:00 | 03:15:00 | ['ddd']                                                |
| 28 | Chicken Curry       |    123 | NULL                                                       |          1 |      4 | A short Blurb                  | 02:20:00 | 03:15:00 | ['xxx']                                                |
| 29 | Chicken Curry       |    123 | NULL                                                       |          1 |      4 | A short Blurb                  | 02:20:00 | 03:15:00 | ['d']                                                  |
| 30 | Chicken Curry       |    123 | NULL                                                       |          1 |      4 | A short Blurb                  | 02:20:00 | 03:15:00 | ['c']                                                  |
| 31 | Chicken Curry       |    123 | NULL                                                       |          1 |      4 | A short Blurb                  | 02:20:00 | 03:15:00 | ['c']                                                  |
| 32 | Chicken Curry       |    123 | NULL                                                       |          1 |      4 | A short Blurb                  | 02:20:00 | 03:15:00 | ['fff']                                                |
| 33 | Chicken Curry       |    123 | NULL                                                       |          1 |      4 | A short Blurb                  | 02:20:00 | 03:15:00 | ['c']                                                  |
| 34 | Chicken Curry       |    123 | NULL                                                       |          1 |      4 | A short Blurb                  | 02:20:00 | 03:15:00 | ['ff']                                                 |
| 35 | Chicken Curry       |    123 | NULL                                                       |          1 |      4 | A short Blurb                  | 02:20:00 | 03:15:00 | ['dd']                                                 |
| 36 | Chicken Curry       |    123 | NULL                                                       |          1 |      4 | A short Blurb                  | 02:20:00 | 03:15:00 | ['cc']                                                 |
| 37 | Chicken Curry       |    123 | NULL                                                       |          1 |      4 | A short Blurb                  | 02:20:00 | 03:15:00 | ['ss']                                                 |
| 38 | Chicken Curry       |    123 | NULL                                                       |          2 |      6 | TEST BLURB                     | 02:20:00 | 03:15:00 | ['An instruction']                                     |
| 39 | Chicken Curry       |    123 | NULL                                                       |          2 |      6 | TEST BLURB                     | 02:20:00 | 03:15:00 | ['An instruction']                                     |
| 40 | Chicken Curry       |    123 | NULL                                                       |          1 |      4 | TEST BLAH                      | 02:20:00 | 03:15:00 | ['d']                                                  |
| 41 | Chicken Curry       |    123 | NULL                                                       |          1 |      4 | TEST BLAH                      | 02:20:00 | 03:15:00 | ['d']                                                  |
| 42 | Chicken Curry       |    123 | NULL                                                       |          1 |      4 | TEST BLURB                     | 02:20:00 | 03:15:00 | ['D']                                                  |
| 43 | Chicken Curry       |    123 | NULL                                                       |          1 |      4 | TEST BLURB                     | 02:20:00 | 03:15:00 | ['D']                                                  |
| 44 | Chicken Curry       |    123 | NULL                                                       |          1 |      4 | A short Blurb                  | 02:20:00 | 03:15:00 | ['dd']                                                 |
| 45 | Chicken Curry       |    123 | NULL                                                       |          1 |      4 | A short Blurb                  | 02:20:00 | 03:15:00 | ['d']                                                  |
| 46 | Chicken Curry       |    123 | NULL                                                       |          1 |      4 | A short Blurb                  | 02:20:00 | 03:15:00 | ['d']                                                  |
| 47 | Chicken Curry       |    123 | NULL                                                       |          1 |      4 | A short Blurb                  | 02:20:00 | 03:15:00 | ['d']                                                  |
| 48 | Chicken Curry       |    123 | NULL                                                       |          1 |      4 | A short Blurb                  | 02:20:00 | 03:15:00 | ['dd']                                                 |
| 49 | Chicken Curry       |    123 | NULL                                                       |          1 |      4 | A short Blurb                  | 02:20:00 | 03:15:00 | ['d']                                                  |
| 50 | Chicken Curry       |    123 | NULL                                                       |          1 |      4 | A short Blurb                  | 02:20:00 | 03:15:00 | ['d']                                                  |
| 51 | Chicken Curry       |    123 | NULL                                                       |          1 |      4 | A short Blurb                  | 02:20:00 | 03:15:00 | ['s']                                                  |
| 52 | Chicken Curry       |    123 | NULL                                                       |          1 |      4 | A short Blurb                  | 02:20:00 | 03:15:00 | ['d']                                                  |
| 53 | Chicken Curry       |    123 | NULL                                                       |          1 |      4 | A short Blurb                  | 02:20:00 | 03:15:00 | ['d']                                                  |
| 54 | Chicken Curry       |    123 | NULL                                                       |          1 |      4 | A short Blurb                  | 02:20:00 | 03:15:00 | ['d']                                                  |
| 55 | Chicken Curry       |    123 | NULL                                                       |          1 |      4 | A short Blurb                  | 02:20:00 | 03:15:00 | ['d']                                                  |
| 56 | Chicken Curry       |    123 | NULL                                                       |          1 |      4 | A short Blurb                  | 02:20:00 | 03:15:00 | ['d']                                                  |
| 57 | Chicken Curry       |    123 | NULL                                                       |          1 |      4 | A short Blurb                  | 02:20:00 | 03:15:00 | ['d']                                                  |
| 58 | Chicken Curry       |    123 | NULL                                                       |          1 |      4 | A short Blurb                  | 02:20:00 | 03:15:00 | ['d']                                                  |
| 59 | Chicken Curry       |    123 | NULL                                                       |          1 |      4 | A short Blurb                  | 02:20:00 | 03:15:00 | ['d']                                                  |
| 60 | Chicken Curry       |    123 | NULL                                                       |          1 |      4 | A short Blurb                  | 02:20:00 | 03:15:00 | ['ssa']                                                |
| 61 | Chicken Curry       |    123 | NULL                                                       |          1 |      4 | A short Blurb                  | 02:20:00 | 03:15:00 | ['sss']                                                |
| 62 | Chicken Curry       |    123 | NULL                                                       |          1 |      4 | A short Blurb                  | 02:20:00 | 03:15:00 | ['d']                                                  |
| 63 | Chicken Curry       |    123 | NULL                                                       |          1 |      4 | A short Blurb                  | 02:20:00 | 03:15:00 | ['Test Instructions']                                  |
| 64 | Chicken Curry       |    123 | NULL                                                       |          1 |      4 | A short Blurb                  | 02:20:00 | 03:15:00 | ['Test Instructions']                                  |
| 65 | Chicken Curry       |    123 | NULL                                                       |          1 |      4 | A short Blurb                  | 02:20:00 | 03:15:00 | ['Test Instructions']                                  |
| 66 | Chicken Curry       |    123 | NULL                                                       |          1 |      4 | A short Blurb                  | 02:20:00 | 03:15:00 | ['Test Instructions']                                  |
| 67 | Chicken Curry       |    123 | NULL                                                       |          1 |      4 | A short Blurb                  | 02:20:00 | 03:15:00 | ['Test Instructions']                                  |
| 68 | Chicken Curry       |    123 | NULL                                                       |          1 |      4 | A short Blurb                  | 02:20:00 | 03:15:00 | ['Test Instructions']                                  |
| 69 | Chicken Curry       |    123 | NULL                                                       |          1 |      4 | A short Blurb                  | 02:20:00 | 03:15:00 | ['Test Instructions']                                  |
| 70 | Beef Curry          |    123 | NULL                                                       |          1 |      4 | A short Blurb                  | 02:20:00 | 03:15:00 | ['Test Instructions']                                  |
| 71 | Chicken Curry       |    123 | NULL                                                       |          1 |      4 | A short Blurb                  | 02:20:00 | 03:15:00 | ['Test Instructions']                                  |
| 72 | Stew                |    123 | NULL                                                       |          1 |      4 | A short Blurb                  | 02:20:00 | 03:15:00 | ['Test Instructions']                                  |
| 73 | Chicken Curry       |    123 | NULL                                                       |          1 |      4 | A short Blurb                  | 02:20:00 | 03:15:00 | ['Test Instructions']                                  |
| 74 | Chicken Curry       |    123 | NULL                                                       |          1 |      4 | A short Blurb                  | 02:20:00 | 03:15:00 | ['Test Instructions']                                  |
| 75 | Chicken Curry       |    123 | NULL                                                       |          1 |      4 | A short Blurb                  | 02:20:00 | 03:15:00 | ['Test Instructions']                                  |
| 76 | Chicken Curry       |    123 | NULL                                                       |          1 |      4 | A short Blurb                  | 02:20:00 | 03:15:00 | ['Test Instructions']                                  |
| 77 | Chicken Curry       |    123 | NULL                                                       |          1 |      4 | A short Blurbd                 | 02:20:00 | 03:15:00 | ['Test Instructions']                                  |
| 78 | Chicken Curry       |    123 | NULL                                                       |          1 |      4 | A short Blurb                  | 02:20:00 | 03:15:00 | ['Test Instructions']                                  |
| 79 | Chicken Curry       |    123 | NULL                                                       |          1 |      4 | A short Blurb                  | 02:20:00 | 03:15:00 | ['Test Instructions']                                  |
| 80 | Chicken Curry       |    123 | NULL                                                       |          1 |      4 | A short Blurb                  | 02:20:00 | 03:15:00 | ['Test Instructions']                                  |
| 81 | Chicken Curry       |    123 | NULL                                                       |          1 |      4 | A short Blurb                  | 02:20:00 | 03:15:00 | ['Test Instructions']                                  |
| 82 | Chicken Curry       |    123 | NULL                                                       |          1 |      4 | A short Blurb                  | 02:20:00 | 03:15:00 | ['Test Instructions']                                  |
| 83 | Chicken Curry       |    123 | NULL                                                       |          1 |      4 | A short Blurb                  | 02:20:00 | 03:15:00 | ['Test Instructions']                                  |
| 84 | Chicken Curry       |    123 | NULL                                                       |          1 |      4 | A short Blurb                  | 02:20:00 | 03:15:00 | ['Test Instructions']                                  |
| 85 | Chicken Curry       |    123 | NULL                                                       |          1 |      4 | A short Blurb                  | 02:20:00 | 03:15:00 | ['Test Instructions']                                  |
+----+---------------------+--------+------------------------------------------------------------+------------+--------+--------------------------------+----------+----------+--------------------------------------------------------+
82 rows in set (0.01 sec)

mysql> SELECT * FROM Recipes;
+----+---------------------+--------+------------------------------------------------------------+------------+--------+--------------------------------+----------+----------+--------------------------------------------------------+
| Id | Name                | UserId | Image                                                      | Difficulty | Serves | Blurb                          | PrepTime | CookTime | Instructions                                           |
+----+---------------------+--------+------------------------------------------------------------+------------+--------+--------------------------------+----------+----------+--------------------------------------------------------+
|  2 | Chicken Fillet Role |    123 | NULL                                                       |          1 |      4 | From spar. Good chicken fillet | 11:12:00 | 04:10:00 | ['First do this', 'Then do that', 'Then this']         |
|  5 | Chicken Fillet Role |    123 | NULL                                                       |          1 |      4 | From spar. Good chicken fillet | 11:12:00 | 04:10:00 | ['First do this', 'Then do that', 'Then this']         |
|  6 | Chicken Fillet Role |    123 | NULL                                                       |          1 |      4 | From spar. Good chicken fillet | 11:12:00 | 04:10:00 | ['First do this', 'Then do that', 'Then this']         |
|  7 | Chicken Fillet Role |    123 | NULL                                                       |          1 |      4 | From spar. Good chicken fillet | 11:12:00 | 04:10:00 | ['First do this', 'Then do that', 'Then this']         |
|  8 | Chicken Fillet Role |    123 | NULL                                                       |          1 |      4 | From spar. Good chicken fillet | 11:12:00 | 04:10:00 | ['First do this', 'Then do that', 'Then this']         |
|  9 | Chicken Fillet Role |    123 | NULL                                                       |          1 |      4 | From spar. Good chicken fillet | 11:12:00 | 04:10:00 | ['First do this', 'Then do that', 'Then this']         |
| 10 | Chicken Fillet Role |    123 | NULL                                                       |          1 |      4 | From spar. Good chicken fillet | 11:12:00 | 04:10:00 | ['First do this', 'Then do that', 'Then this']         |
| 11 | Chicken Fillet Role |    123 | NULL                                                       |          1 |      4 | From spar. Good chicken fillet | 11:12:00 | 04:10:00 | ['First do this', 'Then do that', 'Then this']         |
| 12 | Chicken Fillet Role |    123 | NULL                                                       |          1 |      4 | a short blurb                  | 04:20:00 | 01:00:00 | {}                                                     |
| 13 | Pie                 |    123 | NULL                                                       |          1 |      4 | A short blurb                  | 01:00:00 | 03:15:00 | ['First Instruction ', 'Second ', 'And then a third '] |
| 14 | Pasta               |    123 | NULL                                                       |          1 |      4 | Pasta dish                     | 02:20:00 | 03:15:00 | ['Cook the pasta', 'Eat the pasta']                    |
| 15 | Chicken             |    123 | NULL                                                       |          1 |      4 | A short blurb                  | 02:20:00 | 03:15:00 | ['Here is an example']                                 |
| 16 | Chicken Curry       |    123 | NULL                                                       |          1 |      4 | blurb                          | 02:20:00 | 03:15:00 | ['instruction']                                        |
| 17 | Chicken Curry       |    123 | NULL                                                       |          1 |      4 | Burb blurb                     | 02:20:00 | 03:15:00 | ['Here is an instruction']                             |
| 18 | Chicken Curry       |    123 | NULL                                                       |          1 |      4 | blurb                          | 02:20:00 | 03:15:00 | ['instruction ']                                       |
| 19 |                     |      0 | <FileStorage: 'IMG_20170420_104258392.jpg' ('image/jpeg')> |          0 |      0 |                                | 00:00:00 | 00:00:00 |                                                        |
| 20 | Chicken Curry       |    123 | NULL                                                       |          1 |      4 | no image upload                | 02:20:00 | 03:15:00 | ['f']                                                  |
| 21 | Chicken Curry       |    123 | <FileStorage: 'ut4.PNG' ('image/png')>                     |          1 |      4 | no gab in pic img title        | 02:20:00 | 03:15:00 | ['dd']                                                 |
| 22 | Chicken Curry       |    123 | <FileStorage: 'Visa photo.gif' ('image/gif')>              |          1 |      4 | Gab in title                   | 02:20:00 | 03:15:00 | ['ddddd']                                              |
| 23 | Chicken Curry       |    123 | NULL                                                       |          1 |      4 | A short Blurb                  | 02:20:00 | 03:15:00 | ['dd']                                                 |
| 24 | Chicken Curry       |    123 | NULL                                                       |          1 |      4 | A short Blurb                  | 02:20:00 | 03:15:00 | ['c']                                                  |
| 25 | Chicken Curry       |    123 | NULL                                                       |          1 |      4 | A short Blurb                  | 02:20:00 | 03:15:00 | ['d']                                                  |
| 26 | Chicken Curry       |    123 | NULL                                                       |          1 |      4 | A short Blurb                  | 02:20:00 | 03:15:00 | ['dd']                                                 |
| 27 | Chicken Curry       |    123 | NULL                                                       |          1 |      4 | A short Blurb                  | 02:20:00 | 03:15:00 | ['ddd']                                                |
| 28 | Chicken Curry       |    123 | NULL                                                       |          1 |      4 | A short Blurb                  | 02:20:00 | 03:15:00 | ['xxx']                                                |
| 29 | Chicken Curry       |    123 | NULL                                                       |          1 |      4 | A short Blurb                  | 02:20:00 | 03:15:00 | ['d']                                                  |
| 30 | Chicken Curry       |    123 | NULL                                                       |          1 |      4 | A short Blurb                  | 02:20:00 | 03:15:00 | ['c']                                                  |
| 31 | Chicken Curry       |    123 | NULL                                                       |          1 |      4 | A short Blurb                  | 02:20:00 | 03:15:00 | ['c']                                                  |
| 32 | Chicken Curry       |    123 | NULL                                                       |          1 |      4 | A short Blurb                  | 02:20:00 | 03:15:00 | ['fff']                                                |
| 33 | Chicken Curry       |    123 | NULL                                                       |          1 |      4 | A short Blurb                  | 02:20:00 | 03:15:00 | ['c']                                                  |
| 34 | Chicken Curry       |    123 | NULL                                                       |          1 |      4 | A short Blurb                  | 02:20:00 | 03:15:00 | ['ff']                                                 |
| 35 | Chicken Curry       |    123 | NULL                                                       |          1 |      4 | A short Blurb                  | 02:20:00 | 03:15:00 | ['dd']                                                 |
| 36 | Chicken Curry       |    123 | NULL                                                       |          1 |      4 | A short Blurb                  | 02:20:00 | 03:15:00 | ['cc']                                                 |
| 37 | Chicken Curry       |    123 | NULL                                                       |          1 |      4 | A short Blurb                  | 02:20:00 | 03:15:00 | ['ss']                                                 |
| 38 | Chicken Curry       |    123 | NULL                                                       |          2 |      6 | TEST BLURB                     | 02:20:00 | 03:15:00 | ['An instruction']                                     |
| 39 | Chicken Curry       |    123 | NULL                                                       |          2 |      6 | TEST BLURB                     | 02:20:00 | 03:15:00 | ['An instruction']                                     |
| 40 | Chicken Curry       |    123 | NULL                                                       |          1 |      4 | TEST BLAH                      | 02:20:00 | 03:15:00 | ['d']                                                  |
| 41 | Chicken Curry       |    123 | NULL                                                       |          1 |      4 | TEST BLAH                      | 02:20:00 | 03:15:00 | ['d']                                                  |
| 42 | Chicken Curry       |    123 | NULL                                                       |          1 |      4 | TEST BLURB                     | 02:20:00 | 03:15:00 | ['D']                                                  |
| 43 | Chicken Curry       |    123 | NULL                                                       |          1 |      4 | TEST BLURB                     | 02:20:00 | 03:15:00 | ['D']                                                  |
| 44 | Chicken Curry       |    123 | NULL                                                       |          1 |      4 | A short Blurb                  | 02:20:00 | 03:15:00 | ['dd']                                                 |
| 45 | Chicken Curry       |    123 | NULL                                                       |          1 |      4 | A short Blurb                  | 02:20:00 | 03:15:00 | ['d']                                                  |
| 46 | Chicken Curry       |    123 | NULL                                                       |          1 |      4 | A short Blurb                  | 02:20:00 | 03:15:00 | ['d']                                                  |
| 47 | Chicken Curry       |    123 | NULL                                                       |          1 |      4 | A short Blurb                  | 02:20:00 | 03:15:00 | ['d']                                                  |
| 48 | Chicken Curry       |    123 | NULL                                                       |          1 |      4 | A short Blurb                  | 02:20:00 | 03:15:00 | ['dd']                                                 |
| 49 | Chicken Curry       |    123 | NULL                                                       |          1 |      4 | A short Blurb                  | 02:20:00 | 03:15:00 | ['d']                                                  |
| 50 | Chicken Curry       |    123 | NULL                                                       |          1 |      4 | A short Blurb                  | 02:20:00 | 03:15:00 | ['d']                                                  |
| 51 | Chicken Curry       |    123 | NULL                                                       |          1 |      4 | A short Blurb                  | 02:20:00 | 03:15:00 | ['s']                                                  |
| 52 | Chicken Curry       |    123 | NULL                                                       |          1 |      4 | A short Blurb                  | 02:20:00 | 03:15:00 | ['d']                                                  |
| 53 | Chicken Curry       |    123 | NULL                                                       |          1 |      4 | A short Blurb                  | 02:20:00 | 03:15:00 | ['d']                                                  |
| 54 | Chicken Curry       |    123 | NULL                                                       |          1 |      4 | A short Blurb                  | 02:20:00 | 03:15:00 | ['d']                                                  |
| 55 | Chicken Curry       |    123 | NULL                                                       |          1 |      4 | A short Blurb                  | 02:20:00 | 03:15:00 | ['d']                                                  |
| 56 | Chicken Curry       |    123 | NULL                                                       |          1 |      4 | A short Blurb                  | 02:20:00 | 03:15:00 | ['d']                                                  |
| 57 | Chicken Curry       |    123 | NULL                                                       |          1 |      4 | A short Blurb                  | 02:20:00 | 03:15:00 | ['d']                                                  |
| 58 | Chicken Curry       |    123 | NULL                                                       |          1 |      4 | A short Blurb                  | 02:20:00 | 03:15:00 | ['d']                                                  |
| 59 | Chicken Curry       |    123 | NULL                                                       |          1 |      4 | A short Blurb                  | 02:20:00 | 03:15:00 | ['d']                                                  |
| 60 | Chicken Curry       |    123 | NULL                                                       |          1 |      4 | A short Blurb                  | 02:20:00 | 03:15:00 | ['ssa']                                                |
| 61 | Chicken Curry       |    123 | NULL                                                       |          1 |      4 | A short Blurb                  | 02:20:00 | 03:15:00 | ['sss']                                                |
| 62 | Chicken Curry       |    123 | NULL                                                       |          1 |      4 | A short Blurb                  | 02:20:00 | 03:15:00 | ['d']                                                  |
| 63 | Chicken Curry       |    123 | NULL                                                       |          1 |      4 | A short Blurb                  | 02:20:00 | 03:15:00 | ['Test Instructions']                                  |
| 64 | Chicken Curry       |    123 | NULL                                                       |          1 |      4 | A short Blurb                  | 02:20:00 | 03:15:00 | ['Test Instructions']                                  |
| 65 | Chicken Curry       |    123 | NULL                                                       |          1 |      4 | A short Blurb                  | 02:20:00 | 03:15:00 | ['Test Instructions']                                  |
| 66 | Chicken Curry       |    123 | NULL                                                       |          1 |      4 | A short Blurb                  | 02:20:00 | 03:15:00 | ['Test Instructions']                                  |
| 67 | Chicken Curry       |    123 | NULL                                                       |          1 |      4 | A short Blurb                  | 02:20:00 | 03:15:00 | ['Test Instructions']                                  |
| 68 | Chicken Curry       |    123 | NULL                                                       |          1 |      4 | A short Blurb                  | 02:20:00 | 03:15:00 | ['Test Instructions']                                  |
| 69 | Chicken Curry       |    123 | NULL                                                       |          1 |      4 | A short Blurb                  | 02:20:00 | 03:15:00 | ['Test Instructions']                                  |
| 70 | Beef Curry          |    123 | NULL                                                       |          1 |      4 | A short Blurb                  | 02:20:00 | 03:15:00 | ['Test Instructions']                                  |
| 71 | Chicken Curry       |    123 | NULL                                                       |          1 |      4 | A short Blurb                  | 02:20:00 | 03:15:00 | ['Test Instructions']                                  |
| 72 | Stew                |    123 | NULL                                                       |          1 |      4 | A short Blurb                  | 02:20:00 | 03:15:00 | ['Test Instructions']                                  |
| 73 | Chicken Curry       |    123 | NULL                                                       |          1 |      4 | A short Blurb                  | 02:20:00 | 03:15:00 | ['Test Instructions']                                  |
| 74 | Chicken Curry       |    123 | NULL                                                       |          1 |      4 | A short Blurb                  | 02:20:00 | 03:15:00 | ['Test Instructions']                                  |
| 75 | Chicken Curry       |    123 | NULL                                                       |          1 |      4 | A short Blurb                  | 02:20:00 | 03:15:00 | ['Test Instructions']                                  |
| 76 | Chicken Curry       |    123 | NULL                                                       |          1 |      4 | A short Blurb                  | 02:20:00 | 03:15:00 | ['Test Instructions']                                  |
| 77 | Chicken Curry       |    123 | NULL                                                       |          1 |      4 | A short Blurbd                 | 02:20:00 | 03:15:00 | ['Test Instructions']                                  |
| 78 | Chicken Curry       |    123 | NULL                                                       |          1 |      4 | A short Blurb                  | 02:20:00 | 03:15:00 | ['Test Instructions']                                  |
| 79 | Chicken Curry       |    123 | NULL                                                       |          1 |      4 | A short Blurb                  | 02:20:00 | 03:15:00 | ['Test Instructions']                                  |
| 80 | Chicken Curry       |    123 | NULL                                                       |          1 |      4 | A short Blurb                  | 02:20:00 | 03:15:00 | ['Test Instructions']                                  |
| 81 | Chicken Curry       |    123 | NULL                                                       |          1 |      4 | A short Blurb                  | 02:20:00 | 03:15:00 | ['Test Instructions']                                  |
| 82 | Chicken Curry       |    123 | NULL                                                       |          1 |      4 | A short Blurb                  | 02:20:00 | 03:15:00 | ['Test Instructions']                                  |
| 83 | Chicken Curry       |    123 | NULL                                                       |          1 |      4 | A short Blurb                  | 02:20:00 | 03:15:00 | ['Test Instructions']                                  |
| 84 | Chicken Curry       |    123 | NULL                                                       |          1 |      4 | A short Blurb                  | 02:20:00 | 03:15:00 | ['Test Instructions']                                  |
| 85 | Chicken Curry       |    123 | NULL                                                       |          1 |      4 | A short Blurb                  | 02:20:00 | 03:15:00 | ['Test Instructions']                                  |
| 86 | Chicken Stew        |    123 | NULL                                                       |          1 |      4 | A short Blurb                  | 02:20:00 | 03:15:00 | ['Test Instructions']                                  |
+----+---------------------+--------+------------------------------------------------------------+------------+--------+--------------------------------+----------+----------+--------------------------------------------------------+
83 rows in set (0.00 sec)

mysql> SELECT * FROM RecipeIngredients;
Empty set (0.00 sec)

mysql> SELECT * FROM Categories;
+----+----------------+
| Id | Name           |
+----+----------------+
|  1 | Healthy        |
|  2 | Family & Kids  |
|  3 | Cakes & Baking |
|  4 | Cuisines       |
|  5 | Events         |
|  6 | Everyday       |
|  7 | Seasonal       |
|  8 | Special Diets  |
|  9 | Vegetarian     |
| 10 | Breakfast      |
| 11 | Starter        |
| 12 | Main Course    |
| 13 | Desert         |
| 14 | Dinner         |
| 15 | Soup           |
| 16 | Indian         |
| 17 | Chinese        |
| 18 | Thai           |
| 19 | Asian          |
| 20 | Italian        |
| 21 | French         |
| 22 | Spanish        |
| 23 | European       |
| 24 | Mexican        |
| 25 | Latin American |
| 26 | African        |
| 27 | American       |
| 28 | Australian     |
| 29 | British        |
| 30 | Irish          |
| 32 | Jewish         |
+----+----------------+
31 rows in set (0.00 sec)

mysql> SELECT * FROM Categories;
+----+----------------+
| Id | Name           |
+----+----------------+
|  1 | Healthy        |
|  2 | Family & Kids  |
|  3 | Cakes & Baking |
|  4 | Cuisines       |
|  5 | Events         |
|  6 | Everyday       |
|  7 | Seasonal       |
|  8 | Special Diets  |
|  9 | Vegetarian     |
| 10 | Breakfast      |
| 11 | Starter        |
| 12 | Main Course    |
| 13 | Desert         |
| 14 | Dinner         |
| 15 | Soup           |
| 16 | Indian         |
| 17 | Chinese        |
| 18 | Thai           |
| 19 | Asian          |
| 20 | Italian        |
| 21 | French         |
| 22 | Spanish        |
| 23 | European       |
| 24 | Mexican        |
| 25 | Latin American |
| 26 | African        |
| 27 | American       |
| 28 | Australian     |
| 29 | British        |
| 30 | Irish          |
| 32 | Jewish         |
+----+----------------+
31 rows in set (0.00 sec)

mysql> SELECT * FROM Recipes;
+----+---------------------+--------+------------------------------------------------------------+------------+--------+--------------------------------+----------+----------+--------------------------------------------------------+
| Id | Name                | UserId | Image                                                      | Difficulty | Serves | Blurb                          | PrepTime | CookTime | Instructions                                           |
+----+---------------------+--------+------------------------------------------------------------+------------+--------+--------------------------------+----------+----------+--------------------------------------------------------+
|  2 | Chicken Fillet Role |    123 | NULL                                                       |          1 |      4 | From spar. Good chicken fillet | 11:12:00 | 04:10:00 | ['First do this', 'Then do that', 'Then this']         |
|  5 | Chicken Fillet Role |    123 | NULL                                                       |          1 |      4 | From spar. Good chicken fillet | 11:12:00 | 04:10:00 | ['First do this', 'Then do that', 'Then this']         |
|  6 | Chicken Fillet Role |    123 | NULL                                                       |          1 |      4 | From spar. Good chicken fillet | 11:12:00 | 04:10:00 | ['First do this', 'Then do that', 'Then this']         |
|  7 | Chicken Fillet Role |    123 | NULL                                                       |          1 |      4 | From spar. Good chicken fillet | 11:12:00 | 04:10:00 | ['First do this', 'Then do that', 'Then this']         |
|  8 | Chicken Fillet Role |    123 | NULL                                                       |          1 |      4 | From spar. Good chicken fillet | 11:12:00 | 04:10:00 | ['First do this', 'Then do that', 'Then this']         |
|  9 | Chicken Fillet Role |    123 | NULL                                                       |          1 |      4 | From spar. Good chicken fillet | 11:12:00 | 04:10:00 | ['First do this', 'Then do that', 'Then this']         |
| 10 | Chicken Fillet Role |    123 | NULL                                                       |          1 |      4 | From spar. Good chicken fillet | 11:12:00 | 04:10:00 | ['First do this', 'Then do that', 'Then this']         |
| 11 | Chicken Fillet Role |    123 | NULL                                                       |          1 |      4 | From spar. Good chicken fillet | 11:12:00 | 04:10:00 | ['First do this', 'Then do that', 'Then this']         |
| 12 | Chicken Fillet Role |    123 | NULL                                                       |          1 |      4 | a short blurb                  | 04:20:00 | 01:00:00 | {}                                                     |
| 13 | Pie                 |    123 | NULL                                                       |          1 |      4 | A short blurb                  | 01:00:00 | 03:15:00 | ['First Instruction ', 'Second ', 'And then a third '] |
| 14 | Pasta               |    123 | NULL                                                       |          1 |      4 | Pasta dish                     | 02:20:00 | 03:15:00 | ['Cook the pasta', 'Eat the pasta']                    |
| 15 | Chicken             |    123 | NULL                                                       |          1 |      4 | A short blurb                  | 02:20:00 | 03:15:00 | ['Here is an example']                                 |
| 16 | Chicken Curry       |    123 | NULL                                                       |          1 |      4 | blurb                          | 02:20:00 | 03:15:00 | ['instruction']                                        |
| 17 | Chicken Curry       |    123 | NULL                                                       |          1 |      4 | Burb blurb                     | 02:20:00 | 03:15:00 | ['Here is an instruction']                             |
| 18 | Chicken Curry       |    123 | NULL                                                       |          1 |      4 | blurb                          | 02:20:00 | 03:15:00 | ['instruction ']                                       |
| 19 |                     |      0 | <FileStorage: 'IMG_20170420_104258392.jpg' ('image/jpeg')> |          0 |      0 |                                | 00:00:00 | 00:00:00 |                                                        |
| 20 | Chicken Curry       |    123 | NULL                                                       |          1 |      4 | no image upload                | 02:20:00 | 03:15:00 | ['f']                                                  |
| 21 | Chicken Curry       |    123 | <FileStorage: 'ut4.PNG' ('image/png')>                     |          1 |      4 | no gab in pic img title        | 02:20:00 | 03:15:00 | ['dd']                                                 |
| 22 | Chicken Curry       |    123 | <FileStorage: 'Visa photo.gif' ('image/gif')>              |          1 |      4 | Gab in title                   | 02:20:00 | 03:15:00 | ['ddddd']                                              |
| 23 | Chicken Curry       |    123 | NULL                                                       |          1 |      4 | A short Blurb                  | 02:20:00 | 03:15:00 | ['dd']                                                 |
| 24 | Chicken Curry       |    123 | NULL                                                       |          1 |      4 | A short Blurb                  | 02:20:00 | 03:15:00 | ['c']                                                  |
| 25 | Chicken Curry       |    123 | NULL                                                       |          1 |      4 | A short Blurb                  | 02:20:00 | 03:15:00 | ['d']                                                  |
| 26 | Chicken Curry       |    123 | NULL                                                       |          1 |      4 | A short Blurb                  | 02:20:00 | 03:15:00 | ['dd']                                                 |
| 27 | Chicken Curry       |    123 | NULL                                                       |          1 |      4 | A short Blurb                  | 02:20:00 | 03:15:00 | ['ddd']                                                |
| 28 | Chicken Curry       |    123 | NULL                                                       |          1 |      4 | A short Blurb                  | 02:20:00 | 03:15:00 | ['xxx']                                                |
| 29 | Chicken Curry       |    123 | NULL                                                       |          1 |      4 | A short Blurb                  | 02:20:00 | 03:15:00 | ['d']                                                  |
| 30 | Chicken Curry       |    123 | NULL                                                       |          1 |      4 | A short Blurb                  | 02:20:00 | 03:15:00 | ['c']                                                  |
| 31 | Chicken Curry       |    123 | NULL                                                       |          1 |      4 | A short Blurb                  | 02:20:00 | 03:15:00 | ['c']                                                  |
| 32 | Chicken Curry       |    123 | NULL                                                       |          1 |      4 | A short Blurb                  | 02:20:00 | 03:15:00 | ['fff']                                                |
| 33 | Chicken Curry       |    123 | NULL                                                       |          1 |      4 | A short Blurb                  | 02:20:00 | 03:15:00 | ['c']                                                  |
| 34 | Chicken Curry       |    123 | NULL                                                       |          1 |      4 | A short Blurb                  | 02:20:00 | 03:15:00 | ['ff']                                                 |
| 35 | Chicken Curry       |    123 | NULL                                                       |          1 |      4 | A short Blurb                  | 02:20:00 | 03:15:00 | ['dd']                                                 |
| 36 | Chicken Curry       |    123 | NULL                                                       |          1 |      4 | A short Blurb                  | 02:20:00 | 03:15:00 | ['cc']                                                 |
| 37 | Chicken Curry       |    123 | NULL                                                       |          1 |      4 | A short Blurb                  | 02:20:00 | 03:15:00 | ['ss']                                                 |
| 38 | Chicken Curry       |    123 | NULL                                                       |          2 |      6 | TEST BLURB                     | 02:20:00 | 03:15:00 | ['An instruction']                                     |
| 39 | Chicken Curry       |    123 | NULL                                                       |          2 |      6 | TEST BLURB                     | 02:20:00 | 03:15:00 | ['An instruction']                                     |
| 40 | Chicken Curry       |    123 | NULL                                                       |          1 |      4 | TEST BLAH                      | 02:20:00 | 03:15:00 | ['d']                                                  |
| 41 | Chicken Curry       |    123 | NULL                                                       |          1 |      4 | TEST BLAH                      | 02:20:00 | 03:15:00 | ['d']                                                  |
| 42 | Chicken Curry       |    123 | NULL                                                       |          1 |      4 | TEST BLURB                     | 02:20:00 | 03:15:00 | ['D']                                                  |
| 43 | Chicken Curry       |    123 | NULL                                                       |          1 |      4 | TEST BLURB                     | 02:20:00 | 03:15:00 | ['D']                                                  |
| 44 | Chicken Curry       |    123 | NULL                                                       |          1 |      4 | A short Blurb                  | 02:20:00 | 03:15:00 | ['dd']                                                 |
| 45 | Chicken Curry       |    123 | NULL                                                       |          1 |      4 | A short Blurb                  | 02:20:00 | 03:15:00 | ['d']                                                  |
| 46 | Chicken Curry       |    123 | NULL                                                       |          1 |      4 | A short Blurb                  | 02:20:00 | 03:15:00 | ['d']                                                  |
| 47 | Chicken Curry       |    123 | NULL                                                       |          1 |      4 | A short Blurb                  | 02:20:00 | 03:15:00 | ['d']                                                  |
| 48 | Chicken Curry       |    123 | NULL                                                       |          1 |      4 | A short Blurb                  | 02:20:00 | 03:15:00 | ['dd']                                                 |
| 49 | Chicken Curry       |    123 | NULL                                                       |          1 |      4 | A short Blurb                  | 02:20:00 | 03:15:00 | ['d']                                                  |
| 50 | Chicken Curry       |    123 | NULL                                                       |          1 |      4 | A short Blurb                  | 02:20:00 | 03:15:00 | ['d']                                                  |
| 51 | Chicken Curry       |    123 | NULL                                                       |          1 |      4 | A short Blurb                  | 02:20:00 | 03:15:00 | ['s']                                                  |
| 52 | Chicken Curry       |    123 | NULL                                                       |          1 |      4 | A short Blurb                  | 02:20:00 | 03:15:00 | ['d']                                                  |
| 53 | Chicken Curry       |    123 | NULL                                                       |          1 |      4 | A short Blurb                  | 02:20:00 | 03:15:00 | ['d']                                                  |
| 54 | Chicken Curry       |    123 | NULL                                                       |          1 |      4 | A short Blurb                  | 02:20:00 | 03:15:00 | ['d']                                                  |
| 55 | Chicken Curry       |    123 | NULL                                                       |          1 |      4 | A short Blurb                  | 02:20:00 | 03:15:00 | ['d']                                                  |
| 56 | Chicken Curry       |    123 | NULL                                                       |          1 |      4 | A short Blurb                  | 02:20:00 | 03:15:00 | ['d']                                                  |
| 57 | Chicken Curry       |    123 | NULL                                                       |          1 |      4 | A short Blurb                  | 02:20:00 | 03:15:00 | ['d']                                                  |
| 58 | Chicken Curry       |    123 | NULL                                                       |          1 |      4 | A short Blurb                  | 02:20:00 | 03:15:00 | ['d']                                                  |
| 59 | Chicken Curry       |    123 | NULL                                                       |          1 |      4 | A short Blurb                  | 02:20:00 | 03:15:00 | ['d']                                                  |
| 60 | Chicken Curry       |    123 | NULL                                                       |          1 |      4 | A short Blurb                  | 02:20:00 | 03:15:00 | ['ssa']                                                |
| 61 | Chicken Curry       |    123 | NULL                                                       |          1 |      4 | A short Blurb                  | 02:20:00 | 03:15:00 | ['sss']                                                |
| 62 | Chicken Curry       |    123 | NULL                                                       |          1 |      4 | A short Blurb                  | 02:20:00 | 03:15:00 | ['d']                                                  |
| 63 | Chicken Curry       |    123 | NULL                                                       |          1 |      4 | A short Blurb                  | 02:20:00 | 03:15:00 | ['Test Instructions']                                  |
| 64 | Chicken Curry       |    123 | NULL                                                       |          1 |      4 | A short Blurb                  | 02:20:00 | 03:15:00 | ['Test Instructions']                                  |
| 65 | Chicken Curry       |    123 | NULL                                                       |          1 |      4 | A short Blurb                  | 02:20:00 | 03:15:00 | ['Test Instructions']                                  |
| 66 | Chicken Curry       |    123 | NULL                                                       |          1 |      4 | A short Blurb                  | 02:20:00 | 03:15:00 | ['Test Instructions']                                  |
| 67 | Chicken Curry       |    123 | NULL                                                       |          1 |      4 | A short Blurb                  | 02:20:00 | 03:15:00 | ['Test Instructions']                                  |
| 68 | Chicken Curry       |    123 | NULL                                                       |          1 |      4 | A short Blurb                  | 02:20:00 | 03:15:00 | ['Test Instructions']                                  |
| 69 | Chicken Curry       |    123 | NULL                                                       |          1 |      4 | A short Blurb                  | 02:20:00 | 03:15:00 | ['Test Instructions']                                  |
| 70 | Beef Curry          |    123 | NULL                                                       |          1 |      4 | A short Blurb                  | 02:20:00 | 03:15:00 | ['Test Instructions']                                  |
| 71 | Chicken Curry       |    123 | NULL                                                       |          1 |      4 | A short Blurb                  | 02:20:00 | 03:15:00 | ['Test Instructions']                                  |
| 72 | Stew                |    123 | NULL                                                       |          1 |      4 | A short Blurb                  | 02:20:00 | 03:15:00 | ['Test Instructions']                                  |
| 73 | Chicken Curry       |    123 | NULL                                                       |          1 |      4 | A short Blurb                  | 02:20:00 | 03:15:00 | ['Test Instructions']                                  |
| 74 | Chicken Curry       |    123 | NULL                                                       |          1 |      4 | A short Blurb                  | 02:20:00 | 03:15:00 | ['Test Instructions']                                  |
| 75 | Chicken Curry       |    123 | NULL                                                       |          1 |      4 | A short Blurb                  | 02:20:00 | 03:15:00 | ['Test Instructions']                                  |
| 76 | Chicken Curry       |    123 | NULL                                                       |          1 |      4 | A short Blurb                  | 02:20:00 | 03:15:00 | ['Test Instructions']                                  |
| 77 | Chicken Curry       |    123 | NULL                                                       |          1 |      4 | A short Blurbd                 | 02:20:00 | 03:15:00 | ['Test Instructions']                                  |
| 78 | Chicken Curry       |    123 | NULL                                                       |          1 |      4 | A short Blurb                  | 02:20:00 | 03:15:00 | ['Test Instructions']                                  |
| 79 | Chicken Curry       |    123 | NULL                                                       |          1 |      4 | A short Blurb                  | 02:20:00 | 03:15:00 | ['Test Instructions']                                  |
| 80 | Chicken Curry       |    123 | NULL                                                       |          1 |      4 | A short Blurb                  | 02:20:00 | 03:15:00 | ['Test Instructions']                                  |
| 81 | Chicken Curry       |    123 | NULL                                                       |          1 |      4 | A short Blurb                  | 02:20:00 | 03:15:00 | ['Test Instructions']                                  |
| 82 | Chicken Curry       |    123 | NULL                                                       |          1 |      4 | A short Blurb                  | 02:20:00 | 03:15:00 | ['Test Instructions']                                  |
| 83 | Chicken Curry       |    123 | NULL                                                       |          1 |      4 | A short Blurb                  | 02:20:00 | 03:15:00 | ['Test Instructions']                                  |
| 84 | Chicken Curry       |    123 | NULL                                                       |          1 |      4 | A short Blurb                  | 02:20:00 | 03:15:00 | ['Test Instructions']                                  |
| 85 | Chicken Curry       |    123 | NULL                                                       |          1 |      4 | A short Blurb                  | 02:20:00 | 03:15:00 | ['Test Instructions']                                  |
| 86 | Chicken Stew        |    123 | NULL                                                       |          1 |      4 | A short Blurb                  | 02:20:00 | 03:15:00 | ['Test Instructions']                                  |
| 87 | Chicken Curry       |    123 | NULL                                                       |          1 |      4 | A short Blurb                  | 02:20:00 | 03:15:00 | ['Test Instructions']                                  |
| 88 | Chicken Salad       |    123 | NULL                                                       |          1 |      4 | A short Blurb                  | 02:20:00 | 03:15:00 | ['Test Instructions']                                  |
| 89 | Lamb Curry          |    123 | NULL                                                       |          1 |      4 | A short Blurb                  | 02:20:00 | 03:15:00 | ['Test Instructions']                                  |
| 90 | Chicken Curry       |    123 | NULL                                                       |          1 |      4 | A short Blurb                  | 02:20:00 | 03:15:00 | ['Test Instructions']                                  |
+----+---------------------+--------+------------------------------------------------------------+------------+--------+--------------------------------+----------+----------+--------------------------------------------------------+
87 rows in set (0.00 sec)

mysql> SELECT * FROM Categories;
+----+----------------+
| Id | Name           |
+----+----------------+
|  1 | Healthy        |
|  2 | Family & Kids  |
|  3 | Cakes & Baking |
|  4 | Cuisines       |
|  5 | Events         |
|  6 | Everyday       |
|  7 | Seasonal       |
|  8 | Special Diets  |
|  9 | Vegetarian     |
| 10 | Breakfast      |
| 11 | Starter        |
| 12 | Main Course    |
| 13 | Desert         |
| 14 | Dinner         |
| 15 | Soup           |
| 16 | Indian         |
| 17 | Chinese        |
| 18 | Thai           |
| 19 | Asian          |
| 20 | Italian        |
| 21 | French         |
| 22 | Spanish        |
| 23 | European       |
| 24 | Mexican        |
| 25 | Latin American |
| 26 | African        |
| 27 | American       |
| 28 | Australian     |
| 29 | British        |
| 30 | Irish          |
| 32 | Jewish         |
+----+----------------+
31 rows in set (0.00 sec)

mysql> SELECT * FROM Categories;
+----+----------------+
| Id | Name           |
+----+----------------+
|  1 | Healthy        |
|  2 | Family & Kids  |
|  3 | Cakes & Baking |
|  4 | Cuisines       |
|  5 | Events         |
|  6 | Everyday       |
|  7 | Seasonal       |
|  8 | Special Diets  |
|  9 | Vegetarian     |
| 10 | Breakfast      |
| 11 | Starter        |
| 12 | Main Course    |
| 13 | Desert         |
| 14 | Dinner         |
| 15 | Soup           |
| 16 | Indian         |
| 17 | Chinese        |
| 18 | Thai           |
| 19 | Asian          |
| 20 | Italian        |
| 21 | French         |
| 22 | Spanish        |
| 23 | European       |
| 24 | Mexican        |
| 25 | Latin American |
| 26 | African        |
| 27 | American       |
| 28 | Australian     |
| 29 | British        |
| 30 | Irish          |
| 32 | Jewish         |
+----+----------------+
31 rows in set (0.00 sec)

mysql> SELECT * FROM Categories;
+----+----------------+
| Id | Name           |
+----+----------------+
|  1 | Healthy        |
|  2 | Family & Kids  |
|  3 | Cakes & Baking |
|  4 | Cuisines       |
|  5 | Events         |
|  6 | Everyday       |
|  7 | Seasonal       |
|  8 | Special Diets  |
|  9 | Vegetarian     |
| 10 | Breakfast      |
| 11 | Starter        |
| 12 | Main Course    |
| 13 | Desert         |
| 14 | Dinner         |
| 15 | Soup           |
| 16 | Indian         |
| 17 | Chinese        |
| 18 | Thai           |
| 19 | Asian          |
| 20 | Italian        |
| 21 | French         |
| 22 | Spanish        |
| 23 | European       |
| 24 | Mexican        |
| 25 | Latin American |
| 26 | African        |
| 27 | American       |
| 28 | Australian     |
| 29 | British        |
| 30 | Irish          |
| 32 | Jewish         |
| 44 | Cremen         |
| 45 | Patrick        |
+----+----------------+
33 rows in set (0.00 sec)

mysql> DELETE FROM Categories WHERE Name  = "Cremen";
Query OK, 1 row affected (0.02 sec)

mysql> DELETE FROM Categories WHERE Name  = "Patrick";
Query OK, 1 row affected (0.01 sec)

mysql> SELECT * FROM Ingredients;
+----+--------+
| Id | Name   |
+----+--------+
|  3 | Suger  |
|  4 | Salt   |
|  5 | Water  |
|  6 | Butter |
|  7 | Milk   |
+----+--------+
5 rows in set (0.00 sec)

mysql> SELECT * FROM RecipeIngredients;
+----------+--------------+----------+
| RecipeId | IngredientId | Quantity |
+----------+--------------+----------+
|       96 |            4 | 1/2 cup  |
+----------+--------------+----------+
1 row in set (0.00 sec)

mysql> DELETE FROM RecipeIngredients  WHERE RecipeId  = "96";
Query OK, 1 row affected (0.00 sec)

mysql> SELECT * FROM RecipeIngredients;
+----------+--------------+----------+
| RecipeId | IngredientId | Quantity |
+----------+--------------+----------+
|      100 |            3 | 1/2 cup  |
+----------+--------------+----------+
1 row in set (0.00 sec)

mysql> SELECT * FROM Ingredients;
+----+--------+
| Id | Name   |
+----+--------+
|  3 | Suger  |
|  4 | Salt   |
|  5 | Water  |
|  6 | Butter |
|  7 | Milk   |
|  8 | Coke   |
+----+--------+
6 rows in set (0.00 sec)

mysql> tegories WHERE Name  = "Patrick";
ERROR 1064 (42000): You have an error in your SQL syntax; check the manual that corresponds to your MySQL server version for the right syntax to use near 'tegories WHERE Name  = "Patrick"' at line 1
mysql> show tables;
+--------------------------------+
| Tables_in_milestoneProjectFour |
+--------------------------------+
| Categories                     |
| Ingredients                    |
| RecipeCategories               |
| RecipeCreators                 |
| RecipeIngredients              |
| Recipes                        |
| Reviews                        |
| UserFavourites                 |
| Users                          |
+--------------------------------+
9 rows in set (0.00 sec)

mysql> SELECT * FROM RecipeCategories;
Empty set (0.01 sec)

mysql> describe RecipeCategories;
+------------+---------+------+-----+---------+-------+
| Field      | Type    | Null | Key | Default | Extra |
+------------+---------+------+-----+---------+-------+
| RecipeId   | int(11) | NO   | MUL | NULL    |       |
| CategoryId | int(11) | NO   | MUL | NULL    |       |
+------------+---------+------+-----+---------+-------+
2 rows in set (0.00 sec)

mysql> SELECT * FROM  RecipeCategories;
+----------+------------+
| RecipeId | CategoryId |
+----------+------------+
|      101 |         24 |
+----------+------------+
1 row in set (0.00 sec)

mysql> SELECT * FROM  Categories;
+----+----------------+
| Id | Name           |
+----+----------------+
|  1 | Healthy        |
|  2 | Family & Kids  |
|  3 | Cakes & Baking |
|  4 | Cuisines       |
|  5 | Events         |
|  6 | Everyday       |
|  7 | Seasonal       |
|  8 | Special Diets  |
|  9 | Vegetarian     |
| 10 | Breakfast      |
| 11 | Starter        |
| 12 | Main Course    |
| 13 | Desert         |
| 14 | Dinner         |
| 15 | Soup           |
| 16 | Indian         |
| 17 | Chinese        |
| 18 | Thai           |
| 19 | Asian          |
| 20 | Italian        |
| 21 | French         |
| 22 | Spanish        |
| 23 | European       |
| 24 | Mexican        |
| 25 | Latin American |
| 26 | African        |
| 27 | American       |
| 28 | Australian     |
| 29 | British        |
| 30 | Irish          |
| 32 | Jewish         |
| 46 |                |
+----+----------------+
32 rows in set (0.00 sec)

mysql> SELECT * FROM  Recipes;
+-----+---------------------+--------+------------------------------------------------------------+------------+--------+--------------------------------+----------+----------+--------------------------------------------------------+
| Id  | Name                | UserId | Image                                                      | Difficulty | Serves | Blurb                          | PrepTime | CookTime | Instructions                                           |
+-----+---------------------+--------+------------------------------------------------------------+------------+--------+--------------------------------+----------+----------+--------------------------------------------------------+
|   2 | Chicken Fillet Role |    123 | NULL                                                       |          1 |      4 | From spar. Good chicken fillet | 11:12:00 | 04:10:00 | ['First do this', 'Then do that', 'Then this']         |
|   5 | Chicken Fillet Role |    123 | NULL                                                       |          1 |      4 | From spar. Good chicken fillet | 11:12:00 | 04:10:00 | ['First do this', 'Then do that', 'Then this']         |
|   6 | Chicken Fillet Role |    123 | NULL                                                       |          1 |      4 | From spar. Good chicken fillet | 11:12:00 | 04:10:00 | ['First do this', 'Then do that', 'Then this']         |
|   7 | Chicken Fillet Role |    123 | NULL                                                       |          1 |      4 | From spar. Good chicken fillet | 11:12:00 | 04:10:00 | ['First do this', 'Then do that', 'Then this']         |
|   8 | Chicken Fillet Role |    123 | NULL                                                       |          1 |      4 | From spar. Good chicken fillet | 11:12:00 | 04:10:00 | ['First do this', 'Then do that', 'Then this']         |
|   9 | Chicken Fillet Role |    123 | NULL                                                       |          1 |      4 | From spar. Good chicken fillet | 11:12:00 | 04:10:00 | ['First do this', 'Then do that', 'Then this']         |
|  10 | Chicken Fillet Role |    123 | NULL                                                       |          1 |      4 | From spar. Good chicken fillet | 11:12:00 | 04:10:00 | ['First do this', 'Then do that', 'Then this']         |
|  11 | Chicken Fillet Role |    123 | NULL                                                       |          1 |      4 | From spar. Good chicken fillet | 11:12:00 | 04:10:00 | ['First do this', 'Then do that', 'Then this']         |
|  12 | Chicken Fillet Role |    123 | NULL                                                       |          1 |      4 | a short blurb                  | 04:20:00 | 01:00:00 | {}                                                     |
|  13 | Pie                 |    123 | NULL                                                       |          1 |      4 | A short blurb                  | 01:00:00 | 03:15:00 | ['First Instruction ', 'Second ', 'And then a third '] |
|  14 | Pasta               |    123 | NULL                                                       |          1 |      4 | Pasta dish                     | 02:20:00 | 03:15:00 | ['Cook the pasta', 'Eat the pasta']                    |
|  15 | Chicken             |    123 | NULL                                                       |          1 |      4 | A short blurb                  | 02:20:00 | 03:15:00 | ['Here is an example']                                 |
|  16 | Chicken Curry       |    123 | NULL                                                       |          1 |      4 | blurb                          | 02:20:00 | 03:15:00 | ['instruction']                                        |
|  17 | Chicken Curry       |    123 | NULL                                                       |          1 |      4 | Burb blurb                     | 02:20:00 | 03:15:00 | ['Here is an instruction']                             |
|  18 | Chicken Curry       |    123 | NULL                                                       |          1 |      4 | blurb                          | 02:20:00 | 03:15:00 | ['instruction ']                                       |
|  19 |                     |      0 | <FileStorage: 'IMG_20170420_104258392.jpg' ('image/jpeg')> |          0 |      0 |                                | 00:00:00 | 00:00:00 |                                                        |
|  20 | Chicken Curry       |    123 | NULL                                                       |          1 |      4 | no image upload                | 02:20:00 | 03:15:00 | ['f']                                                  |
|  21 | Chicken Curry       |    123 | <FileStorage: 'ut4.PNG' ('image/png')>                     |          1 |      4 | no gab in pic img title        | 02:20:00 | 03:15:00 | ['dd']                                                 |
|  22 | Chicken Curry       |    123 | <FileStorage: 'Visa photo.gif' ('image/gif')>              |          1 |      4 | Gab in title                   | 02:20:00 | 03:15:00 | ['ddddd']                                              |
|  23 | Chicken Curry       |    123 | NULL                                                       |          1 |      4 | A short Blurb                  | 02:20:00 | 03:15:00 | ['dd']                                                 |
|  24 | Chicken Curry       |    123 | NULL                                                       |          1 |      4 | A short Blurb                  | 02:20:00 | 03:15:00 | ['c']                                                  |
|  25 | Chicken Curry       |    123 | NULL                                                       |          1 |      4 | A short Blurb                  | 02:20:00 | 03:15:00 | ['d']                                                  |
|  26 | Chicken Curry       |    123 | NULL                                                       |          1 |      4 | A short Blurb                  | 02:20:00 | 03:15:00 | ['dd']                                                 |
|  27 | Chicken Curry       |    123 | NULL                                                       |          1 |      4 | A short Blurb                  | 02:20:00 | 03:15:00 | ['ddd']                                                |
|  28 | Chicken Curry       |    123 | NULL                                                       |          1 |      4 | A short Blurb                  | 02:20:00 | 03:15:00 | ['xxx']                                                |
|  29 | Chicken Curry       |    123 | NULL                                                       |          1 |      4 | A short Blurb                  | 02:20:00 | 03:15:00 | ['d']                                                  |
|  30 | Chicken Curry       |    123 | NULL                                                       |          1 |      4 | A short Blurb                  | 02:20:00 | 03:15:00 | ['c']                                                  |
|  31 | Chicken Curry       |    123 | NULL                                                       |          1 |      4 | A short Blurb                  | 02:20:00 | 03:15:00 | ['c']                                                  |
|  32 | Chicken Curry       |    123 | NULL                                                       |          1 |      4 | A short Blurb                  | 02:20:00 | 03:15:00 | ['fff']                                                |
|  33 | Chicken Curry       |    123 | NULL                                                       |          1 |      4 | A short Blurb                  | 02:20:00 | 03:15:00 | ['c']                                                  |
|  34 | Chicken Curry       |    123 | NULL                                                       |          1 |      4 | A short Blurb                  | 02:20:00 | 03:15:00 | ['ff']                                                 |
|  35 | Chicken Curry       |    123 | NULL                                                       |          1 |      4 | A short Blurb                  | 02:20:00 | 03:15:00 | ['dd']                                                 |
|  36 | Chicken Curry       |    123 | NULL                                                       |          1 |      4 | A short Blurb                  | 02:20:00 | 03:15:00 | ['cc']                                                 |
|  37 | Chicken Curry       |    123 | NULL                                                       |          1 |      4 | A short Blurb                  | 02:20:00 | 03:15:00 | ['ss']                                                 |
|  38 | Chicken Curry       |    123 | NULL                                                       |          2 |      6 | TEST BLURB                     | 02:20:00 | 03:15:00 | ['An instruction']                                     |
|  39 | Chicken Curry       |    123 | NULL                                                       |          2 |      6 | TEST BLURB                     | 02:20:00 | 03:15:00 | ['An instruction']                                     |
|  40 | Chicken Curry       |    123 | NULL                                                       |          1 |      4 | TEST BLAH                      | 02:20:00 | 03:15:00 | ['d']                                                  |
|  41 | Chicken Curry       |    123 | NULL                                                       |          1 |      4 | TEST BLAH                      | 02:20:00 | 03:15:00 | ['d']                                                  |
|  42 | Chicken Curry       |    123 | NULL                                                       |          1 |      4 | TEST BLURB                     | 02:20:00 | 03:15:00 | ['D']                                                  |
|  43 | Chicken Curry       |    123 | NULL                                                       |          1 |      4 | TEST BLURB                     | 02:20:00 | 03:15:00 | ['D']                                                  |
|  44 | Chicken Curry       |    123 | NULL                                                       |          1 |      4 | A short Blurb                  | 02:20:00 | 03:15:00 | ['dd']                                                 |
|  45 | Chicken Curry       |    123 | NULL                                                       |          1 |      4 | A short Blurb                  | 02:20:00 | 03:15:00 | ['d']                                                  |
|  46 | Chicken Curry       |    123 | NULL                                                       |          1 |      4 | A short Blurb                  | 02:20:00 | 03:15:00 | ['d']                                                  |
|  47 | Chicken Curry       |    123 | NULL                                                       |          1 |      4 | A short Blurb                  | 02:20:00 | 03:15:00 | ['d']                                                  |
|  48 | Chicken Curry       |    123 | NULL                                                       |          1 |      4 | A short Blurb                  | 02:20:00 | 03:15:00 | ['dd']                                                 |
|  49 | Chicken Curry       |    123 | NULL                                                       |          1 |      4 | A short Blurb                  | 02:20:00 | 03:15:00 | ['d']                                                  |
|  50 | Chicken Curry       |    123 | NULL                                                       |          1 |      4 | A short Blurb                  | 02:20:00 | 03:15:00 | ['d']                                                  |
|  51 | Chicken Curry       |    123 | NULL                                                       |          1 |      4 | A short Blurb                  | 02:20:00 | 03:15:00 | ['s']                                                  |
|  52 | Chicken Curry       |    123 | NULL                                                       |          1 |      4 | A short Blurb                  | 02:20:00 | 03:15:00 | ['d']                                                  |
|  53 | Chicken Curry       |    123 | NULL                                                       |          1 |      4 | A short Blurb                  | 02:20:00 | 03:15:00 | ['d']                                                  |
|  54 | Chicken Curry       |    123 | NULL                                                       |          1 |      4 | A short Blurb                  | 02:20:00 | 03:15:00 | ['d']                                                  |
|  55 | Chicken Curry       |    123 | NULL                                                       |          1 |      4 | A short Blurb                  | 02:20:00 | 03:15:00 | ['d']                                                  |
|  56 | Chicken Curry       |    123 | NULL                                                       |          1 |      4 | A short Blurb                  | 02:20:00 | 03:15:00 | ['d']                                                  |
|  57 | Chicken Curry       |    123 | NULL                                                       |          1 |      4 | A short Blurb                  | 02:20:00 | 03:15:00 | ['d']                                                  |
|  58 | Chicken Curry       |    123 | NULL                                                       |          1 |      4 | A short Blurb                  | 02:20:00 | 03:15:00 | ['d']                                                  |
|  59 | Chicken Curry       |    123 | NULL                                                       |          1 |      4 | A short Blurb                  | 02:20:00 | 03:15:00 | ['d']                                                  |
|  60 | Chicken Curry       |    123 | NULL                                                       |          1 |      4 | A short Blurb                  | 02:20:00 | 03:15:00 | ['ssa']                                                |
|  61 | Chicken Curry       |    123 | NULL                                                       |          1 |      4 | A short Blurb                  | 02:20:00 | 03:15:00 | ['sss']                                                |
|  62 | Chicken Curry       |    123 | NULL                                                       |          1 |      4 | A short Blurb                  | 02:20:00 | 03:15:00 | ['d']                                                  |
|  63 | Chicken Curry       |    123 | NULL                                                       |          1 |      4 | A short Blurb                  | 02:20:00 | 03:15:00 | ['Test Instructions']                                  |
|  64 | Chicken Curry       |    123 | NULL                                                       |          1 |      4 | A short Blurb                  | 02:20:00 | 03:15:00 | ['Test Instructions']                                  |
|  65 | Chicken Curry       |    123 | NULL                                                       |          1 |      4 | A short Blurb                  | 02:20:00 | 03:15:00 | ['Test Instructions']                                  |
|  66 | Chicken Curry       |    123 | NULL                                                       |          1 |      4 | A short Blurb                  | 02:20:00 | 03:15:00 | ['Test Instructions']                                  |
|  67 | Chicken Curry       |    123 | NULL                                                       |          1 |      4 | A short Blurb                  | 02:20:00 | 03:15:00 | ['Test Instructions']                                  |
|  68 | Chicken Curry       |    123 | NULL                                                       |          1 |      4 | A short Blurb                  | 02:20:00 | 03:15:00 | ['Test Instructions']                                  |
|  69 | Chicken Curry       |    123 | NULL                                                       |          1 |      4 | A short Blurb                  | 02:20:00 | 03:15:00 | ['Test Instructions']                                  |
|  70 | Beef Curry          |    123 | NULL                                                       |          1 |      4 | A short Blurb                  | 02:20:00 | 03:15:00 | ['Test Instructions']                                  |
|  71 | Chicken Curry       |    123 | NULL                                                       |          1 |      4 | A short Blurb                  | 02:20:00 | 03:15:00 | ['Test Instructions']                                  |
|  72 | Stew                |    123 | NULL                                                       |          1 |      4 | A short Blurb                  | 02:20:00 | 03:15:00 | ['Test Instructions']                                  |
|  73 | Chicken Curry       |    123 | NULL                                                       |          1 |      4 | A short Blurb                  | 02:20:00 | 03:15:00 | ['Test Instructions']                                  |
|  74 | Chicken Curry       |    123 | NULL                                                       |          1 |      4 | A short Blurb                  | 02:20:00 | 03:15:00 | ['Test Instructions']                                  |
|  75 | Chicken Curry       |    123 | NULL                                                       |          1 |      4 | A short Blurb                  | 02:20:00 | 03:15:00 | ['Test Instructions']                                  |
|  76 | Chicken Curry       |    123 | NULL                                                       |          1 |      4 | A short Blurb                  | 02:20:00 | 03:15:00 | ['Test Instructions']                                  |
|  77 | Chicken Curry       |    123 | NULL                                                       |          1 |      4 | A short Blurbd                 | 02:20:00 | 03:15:00 | ['Test Instructions']                                  |
|  78 | Chicken Curry       |    123 | NULL                                                       |          1 |      4 | A short Blurb                  | 02:20:00 | 03:15:00 | ['Test Instructions']                                  |
|  79 | Chicken Curry       |    123 | NULL                                                       |          1 |      4 | A short Blurb                  | 02:20:00 | 03:15:00 | ['Test Instructions']                                  |
|  80 | Chicken Curry       |    123 | NULL                                                       |          1 |      4 | A short Blurb                  | 02:20:00 | 03:15:00 | ['Test Instructions']                                  |
|  81 | Chicken Curry       |    123 | NULL                                                       |          1 |      4 | A short Blurb                  | 02:20:00 | 03:15:00 | ['Test Instructions']                                  |
|  82 | Chicken Curry       |    123 | NULL                                                       |          1 |      4 | A short Blurb                  | 02:20:00 | 03:15:00 | ['Test Instructions']                                  |
|  83 | Chicken Curry       |    123 | NULL                                                       |          1 |      4 | A short Blurb                  | 02:20:00 | 03:15:00 | ['Test Instructions']                                  |
|  84 | Chicken Curry       |    123 | NULL                                                       |          1 |      4 | A short Blurb                  | 02:20:00 | 03:15:00 | ['Test Instructions']                                  |
|  85 | Chicken Curry       |    123 | NULL                                                       |          1 |      4 | A short Blurb                  | 02:20:00 | 03:15:00 | ['Test Instructions']                                  |
|  86 | Chicken Stew        |    123 | NULL                                                       |          1 |      4 | A short Blurb                  | 02:20:00 | 03:15:00 | ['Test Instructions']                                  |
|  87 | Chicken Curry       |    123 | NULL                                                       |          1 |      4 | A short Blurb                  | 02:20:00 | 03:15:00 | ['Test Instructions']                                  |
|  88 | Chicken Salad       |    123 | NULL                                                       |          1 |      4 | A short Blurb                  | 02:20:00 | 03:15:00 | ['Test Instructions']                                  |
|  89 | Lamb Curry          |    123 | NULL                                                       |          1 |      4 | A short Blurb                  | 02:20:00 | 03:15:00 | ['Test Instructions']                                  |
|  90 | Chicken Curry       |    123 | NULL                                                       |          1 |      4 | A short Blurb                  | 02:20:00 | 03:15:00 | ['Test Instructions']                                  |
|  91 | Chicken Curry       |    123 | NULL                                                       |          1 |      4 | A short Blurb                  | 02:20:00 | 03:15:00 | ['Test Instructions']                                  |
|  92 | Chicken Curry       |    123 | NULL                                                       |          1 |      4 | A short Blurb                  | 02:20:00 | 03:15:00 | ['Test Instructions']                                  |
|  93 | Chicken Curry       |    123 | NULL                                                       |          1 |      4 | A short Blurb                  | 02:20:00 | 03:15:00 | ['Test Instructions']                                  |
|  94 | Chicken Curry       |    123 | NULL                                                       |          1 |      4 | A short Blurb                  | 02:20:00 | 03:15:00 | ['Test Instructions']                                  |
|  95 | Chicken Curry       |    123 | NULL                                                       |          1 |      4 | A short Blurb                  | 02:20:00 | 03:15:00 | ['Test Instructions']                                  |
|  96 | Chicken Curry       |    123 | NULL                                                       |          1 |      4 | A short Blurb                  | 02:20:00 | 03:15:00 | ['Test Instructions']                                  |
|  97 | Chicken Curry       |    123 | NULL                                                       |          1 |      4 | A short Blurb                  | 02:20:00 | 03:15:00 | ['Test Instructions']                                  |
|  98 | Chicken Curry       |    123 | NULL                                                       |          1 |      4 | A short Blurb                  | 02:20:00 | 03:15:00 | ['Test Instructions']                                  |
|  99 | Chicken Curry       |    123 | NULL                                                       |          1 |      4 | A short Blurb                  | 02:20:00 | 03:15:00 | ['Test Instructions']                                  |
| 100 | Chicken Curry       |    123 | NULL                                                       |          1 |      4 | A short Blurb                  | 02:20:00 | 03:15:00 | ['Test Instructions']                                  |
| 101 | Chicken Curry       |    123 | NULL                                                       |          1 |      4 | A short Blurb                  | 02:20:00 | 03:15:00 | ['Test Instructions']                                  |
+-----+---------------------+--------+------------------------------------------------------------+------------+--------+--------------------------------+----------+----------+--------------------------------------------------------+
98 rows in set (0.00 sec)

mysql> show tables;
+--------------------------------+
| Tables_in_milestoneProjectFour |
+--------------------------------+
| Categories                     |
| Ingredients                    |
| RecipeCategories               |
| RecipeCreators                 |
| RecipeIngredients              |
| Recipes                        |
| Reviews                        |
| UserFavourites                 |
| Users                          |
+--------------------------------+
9 rows in set (0.00 sec)

mysql> describe Users;
+----------+-------------+------+-----+---------+----------------+
| Field    | Type        | Null | Key | Default | Extra          |
+----------+-------------+------+-----+---------+----------------+
| Id       | int(11)     | NO   | PRI | NULL    | auto_increment |
| Username | varchar(10) | YES  |     | NULL    |                |
| Password | char(32)    | YES  |     | NULL    |                |
+----------+-------------+------+-----+---------+----------------+
3 rows in set (0.00 sec)

mysql> SELECT * FROM  Users;
+----+----------+----------+
| Id | Username | Password |
+----+----------+----------+
|  1 | paddywc  | ddd      |
+----+----------+----------+
1 row in set (0.01 sec)

mysql> SELECT * FROM  Users;
+----+----------+-----------+
| Id | Username | Password  |
+----+----------+-----------+
|  1 | paddywc  | ddd       |
|  2 | paddywc  | PPPPFFDDE |
+----+----------+-----------+
2 rows in set (0.00 sec)

mysql> SELECT * FROM  Users;
+----+----------+-----------+
| Id | Username | Password  |
+----+----------+-----------+
|  1 | paddywc  | ddd       |
|  2 | paddywc  | PPPPFFDDE |
|  3 | paddywc  | oo        |
+----+----------+-----------+
3 rows in set (0.00 sec)

mysql> SELECT * FROM  Users;
+----+------------+-----------+
| Id | Username   | Password  |
+----+------------+-----------+
|  1 | paddywc    | ddd       |
|  2 | paddywc    | PPPPFFDDE |
|  3 | paddywc    | oo        |
|  4 | Not Paddyw | pppp      |
+----+------------+-----------+
4 rows in set (0.00 sec)

mysql> SELECT * FROM  Users;
+----+------------+----------------------------------+
| Id | Username   | Password                         |
+----+------------+----------------------------------+
|  1 | paddywc    | ddd                              |
|  2 | paddywc    | PPPPFFDDE                        |
|  3 | paddywc    | oo                               |
|  4 | Not Paddyw | pppp                             |
|  5 | Wilfred    | $5$rounds=535000$eYcKuIaEUYrc33w |
+----+------------+----------------------------------+
5 rows in set (0.00 sec)

mysql> describe Users;
+----------+-------------+------+-----+---------+----------------+
| Field    | Type        | Null | Key | Default | Extra          |
+----------+-------------+------+-----+---------+----------------+
| Id       | int(11)     | NO   | PRI | NULL    | auto_increment |
| Username | varchar(10) | YES  |     | NULL    |                |
| Password | char(32)    | YES  |     | NULL    |                |
+----------+-------------+------+-----+---------+----------------+
3 rows in set (0.00 sec)

mysql> ALTER TABLE Users DROP COLUMN Password;
Query OK, 5 rows affected (0.04 sec)
Records: 5  Duplicates: 0  Warnings: 0

mysql> truncate table Users;
ERROR 1701 (42000): Cannot truncate a table referenced in a foreign key constraint (`milestoneProjectFour`.`RecipeCreators`, CONSTRAINT `RecipeCreators_ibfk_2` FOREIGN KEY (`UserId`) REFERENCES `milestoneProjectFour`.`Users` (`Id`))
mysql> DELETE FROM Users Where Id <=5;
Query OK, 5 rows affected (0.02 sec)

mysql> SELECT * FROM Users;
Empty set (0.00 sec)

mysql> ALTER TABLE Users ADD COLUMN Password CAR(64);
ERROR 1064 (42000): You have an error in your SQL syntax; check the manual that corresponds to your MySQL server version for the right syntax to use near 'CAR(64)' at line 1
mysql> ALTER TABLE Users ADD COLUMN Password CHAR(64);
Query OK, 0 rows affected (0.03 sec)
Records: 0  Duplicates: 0  Warnings: 0

mysql> describe Users;
+----------+-------------+------+-----+---------+----------------+
| Field    | Type        | Null | Key | Default | Extra          |
+----------+-------------+------+-----+---------+----------------+
| Id       | int(11)     | NO   | PRI | NULL    | auto_increment |
| Username | varchar(10) | YES  |     | NULL    |                |
| Password | char(64)    | YES  |     | NULL    |                |
+----------+-------------+------+-----+---------+----------------+
3 rows in set (0.00 sec)

mysql> SELECT * FROM Users;
+----+----------+------------------------------------------------------------------+
| Id | Username | Password                                                         |
+----+----------+------------------------------------------------------------------+
|  6 | Paddywc  | $5$rounds=535000$QkiQtCyPRnrYhCur$vkW8i4KFb35QJ.8weLIRNqyWEMGuWT |
+----+----------+------------------------------------------------------------------+
1 row in set (0.01 sec)

mysql> DELETE FROM Users Where Id <=5;
Query OK, 0 rows affected (0.00 sec)

mysql> DELETE FROM Users Where Id <=10;
Query OK, 2 rows affected (0.01 sec)

mysql> ALTER TABLE Users DROP COLUMN Password;
Query OK, 0 rows affected (0.03 sec)
Records: 0  Duplicates: 0  Warnings: 0

mysql> describe Users;
+----------+-------------+------+-----+---------+----------------+
| Field    | Type        | Null | Key | Default | Extra          |
+----------+-------------+------+-----+---------+----------------+
| Id       | int(11)     | NO   | PRI | NULL    | auto_increment |
| Username | varchar(10) | YES  |     | NULL    |                |
+----------+-------------+------+-----+---------+----------------+
2 rows in set (0.00 sec)

mysql> ALTER TABLE Users ADD COLUMN Password BINARY(64);
Query OK, 0 rows affected (0.02 sec)
Records: 0  Duplicates: 0  Warnings: 0

mysql> describe Users;
+----------+-------------+------+-----+---------+----------------+
| Field    | Type        | Null | Key | Default | Extra          |
+----------+-------------+------+-----+---------+----------------+
| Id       | int(11)     | NO   | PRI | NULL    | auto_increment |
| Username | varchar(10) | YES  |     | NULL    |                |
| Password | binary(64)  | YES  |     | NULL    |                |
+----------+-------------+------+-----+---------+----------------+
3 rows in set (0.00 sec)

mysql> ALTER TABLE Users DROP COLUMN Password;
Query OK, 0 rows affected (0.02 sec)
Records: 0  Duplicates: 0  Warnings: 0

mysql> ALTER TABLE Users ADD COLUMN Password BINARY(32);
Query OK, 0 rows affected (0.02 sec)
Records: 0  Duplicates: 0  Warnings: 0

mysql> SELECT * FROM Users;
+----+----------+----------------------------------+
| Id | Username | Password                         |
+----+----------+----------------------------------+
|  8 | Paddywc  | $5$rounds=535000$zlsoA5b/FN1ihpc |
+----+----------+----------------------------------+
1 row in set (0.00 sec)

mysql> ALTER TABLE Users DROP COLUMN Password;
Query OK, 2 rows affected (0.03 sec)
Records: 2  Duplicates: 0  Warnings: 0

mysql> ALTER TABLE Users ADD COLUMN Password CHAR(77);
Query OK, 2 rows affected (0.03 sec)
Records: 2  Duplicates: 0  Warnings: 0

mysql> DELETE FROM Users Where Id <=50;
Query OK, 2 rows affected (0.04 sec)

mysql> ALTER TABLE Users DROP COLUMN Username;
Query OK, 2 rows affected (0.03 sec)
Records: 2  Duplicates: 0  Warnings: 0

mysql> ALTER TABLE Users ADD COLUMN Username VARCHAR(15);
Query OK, 2 rows affected (0.03 sec)
Records: 2  Duplicates: 0  Warnings: 0

mysql> DELETE FROM Users Where Id <=50;
Query OK, 2 rows affected (0.01 sec)

mysql> describe Users;
+----------+-------------+------+-----+---------+----------------+
| Field    | Type        | Null | Key | Default | Extra          |
+----------+-------------+------+-----+---------+----------------+
| Id       | int(11)     | NO   | PRI | NULL    | auto_increment |
| Password | char(77)    | YES  |     | NULL    |                |
| Username | varchar(15) | YES  |     | NULL    |                |
+----------+-------------+------+-----+---------+----------------+
3 rows in set (0.00 sec)

mysql> SELECT * FROM USers;
ERROR 1146 (42S02): Table 'milestoneProjectFour.USers' doesn't exist
mysql> SELECT * FROM Users;
+----+-------------------------------------------------------------------------------+----------+
| Id | Password                                                                      | Username |
+----+-------------------------------------------------------------------------------+----------+
| 12 | $5$rounds=535000$x4Sx2EEpC.FdzyQl$Lc3JN8Nhge7L0iN1Sdu8ydp52z5JyFuxohUXv4RXe.C | Paddywc  |
+----+-------------------------------------------------------------------------------+----------+
1 row in set (0.00 sec)

mysql> SELECT Password FROM Users WHERE Username = "Paddywc";
+-------------------------------------------------------------------------------+
| Password                                                                      |
+-------------------------------------------------------------------------------+
| $5$rounds=535000$x4Sx2EEpC.FdzyQl$Lc3JN8Nhge7L0iN1Sdu8ydp52z5JyFuxohUXv4RXe.C |
+-------------------------------------------------------------------------------+
1 row in set (0.00 sec)

mysql> SELECT * FROM Users;
+----+-------------------------------------------------------------------------------+----------+
| Id | Password                                                                      | Username |
+----+-------------------------------------------------------------------------------+----------+
| 12 | $5$rounds=535000$x4Sx2EEpC.FdzyQl$Lc3JN8Nhge7L0iN1Sdu8ydp52z5JyFuxohUXv4RXe.C | Paddywc  |
| 13 | $5$rounds=535000$if3SgeyN3T4BeeaK$UF0lq6NuRYTwlzUvtcaWyZZcvLLYH9CjtUpwQpo/rl6 | Cremen   |
| 14 | $5$rounds=535000$pZbmynuFWWyMfG8t$oPbvG4ZaMaKuulxkjNnO6XbpMpaCnAy1.TAjJotAaxB | Patrick  |
+----+-------------------------------------------------------------------------------+----------+
3 rows in set (0.00 sec)

mysql> SELECT * FROM Users;
+----+-------------------------------------------------------------------------------+----------+
| Id | Password                                                                      | Username |
+----+-------------------------------------------------------------------------------+----------+
| 12 | $5$rounds=535000$x4Sx2EEpC.FdzyQl$Lc3JN8Nhge7L0iN1Sdu8ydp52z5JyFuxohUXv4RXe.C | Paddywc  |
| 13 | $5$rounds=535000$if3SgeyN3T4BeeaK$UF0lq6NuRYTwlzUvtcaWyZZcvLLYH9CjtUpwQpo/rl6 | Cremen   |
| 14 | $5$rounds=535000$pZbmynuFWWyMfG8t$oPbvG4ZaMaKuulxkjNnO6XbpMpaCnAy1.TAjJotAaxB | Patrick  |
+----+-------------------------------------------------------------------------------+----------+
3 rows in set (0.00 sec)

mysql> SELECT * FROM Users;
+----+-------------------------------------------------------------------------------+----------+
| Id | Password                                                                      | Username |
+----+-------------------------------------------------------------------------------+----------+
| 12 | $5$rounds=535000$x4Sx2EEpC.FdzyQl$Lc3JN8Nhge7L0iN1Sdu8ydp52z5JyFuxohUXv4RXe.C | Paddywc  |
| 13 | $5$rounds=535000$if3SgeyN3T4BeeaK$UF0lq6NuRYTwlzUvtcaWyZZcvLLYH9CjtUpwQpo/rl6 | Cremen   |
| 14 | $5$rounds=535000$pZbmynuFWWyMfG8t$oPbvG4ZaMaKuulxkjNnO6XbpMpaCnAy1.TAjJotAaxB | Patrick  |
+----+-------------------------------------------------------------------------------+----------+
3 rows in set (0.00 sec)

mysql> SELECT * FROM Users;
+----+-------------------------------------------------------------------------------+-----------------+
| Id | Password                                                                      | Username        |
+----+-------------------------------------------------------------------------------+-----------------+
| 12 | $5$rounds=535000$x4Sx2EEpC.FdzyQl$Lc3JN8Nhge7L0iN1Sdu8ydp52z5JyFuxohUXv4RXe.C | Paddywc         |
| 13 | $5$rounds=535000$if3SgeyN3T4BeeaK$UF0lq6NuRYTwlzUvtcaWyZZcvLLYH9CjtUpwQpo/rl6 | Cremen          |
| 14 | $5$rounds=535000$pZbmynuFWWyMfG8t$oPbvG4ZaMaKuulxkjNnO6XbpMpaCnAy1.TAjJotAaxB | Patrick         |
| 15 | $5$rounds=535000$2zu7YJqsHbdweh4o$lHMJxAdnE9GjTROUS3OkioOj5pe8haxpFF3VfoM9FJ0 | Unique Username |
+----+-------------------------------------------------------------------------------+-----------------+
4 rows in set (0.00 sec)

mysql> view tables;
ERROR 1064 (42000): You have an error in your SQL syntax; check the manual that corresponds to your MySQL server version for the right syntax to use near 'view tables' at line 1
mysql> show tables;
+--------------------------------+
| Tables_in_milestoneProjectFour |
+--------------------------------+
| Categories                     |
| Ingredients                    |
| RecipeCategories               |
| RecipeCreators                 |
| RecipeIngredients              |
| Recipes                        |
| Reviews                        |
| UserFavourites                 |
| Users                          |
+--------------------------------+
9 rows in set (0.00 sec)

mysql> SELECT * From RecipeIngredients;
+----------+--------------+----------+
| RecipeId | IngredientId | Quantity |
+----------+--------------+----------+
|      100 |            3 | 1/2 cup  |
|      101 |            3 | 1/2 cup  |
+----------+--------------+----------+
2 rows in set (0.00 sec)

mysql> SELECT * From RecipeCategories;
+----------+------------+
| RecipeId | CategoryId |
+----------+------------+
|      101 |         24 |
+----------+------------+
1 row in set (0.00 sec)

mysql> SELECT * From Recipes;
+-----+---------------------+--------+------------------------------------------------------------+------------+--------+--------------------------------+----------+----------+--------------------------------------------------------+
| Id  | Name                | UserId | Image                                                      | Difficulty | Serves | Blurb                          | PrepTime | CookTime | Instructions                                           |
+-----+---------------------+--------+------------------------------------------------------------+------------+--------+--------------------------------+----------+----------+--------------------------------------------------------+
|   2 | Chicken Fillet Role |    123 | NULL                                                       |          1 |      4 | From spar. Good chicken fillet | 11:12:00 | 04:10:00 | ['First do this', 'Then do that', 'Then this']         |
|   5 | Chicken Fillet Role |    123 | NULL                                                       |          1 |      4 | From spar. Good chicken fillet | 11:12:00 | 04:10:00 | ['First do this', 'Then do that', 'Then this']         |
|   6 | Chicken Fillet Role |    123 | NULL                                                       |          1 |      4 | From spar. Good chicken fillet | 11:12:00 | 04:10:00 | ['First do this', 'Then do that', 'Then this']         |
|   7 | Chicken Fillet Role |    123 | NULL                                                       |          1 |      4 | From spar. Good chicken fillet | 11:12:00 | 04:10:00 | ['First do this', 'Then do that', 'Then this']         |
|   8 | Chicken Fillet Role |    123 | NULL                                                       |          1 |      4 | From spar. Good chicken fillet | 11:12:00 | 04:10:00 | ['First do this', 'Then do that', 'Then this']         |
|   9 | Chicken Fillet Role |    123 | NULL                                                       |          1 |      4 | From spar. Good chicken fillet | 11:12:00 | 04:10:00 | ['First do this', 'Then do that', 'Then this']         |
|  10 | Chicken Fillet Role |    123 | NULL                                                       |          1 |      4 | From spar. Good chicken fillet | 11:12:00 | 04:10:00 | ['First do this', 'Then do that', 'Then this']         |
|  11 | Chicken Fillet Role |    123 | NULL                                                       |          1 |      4 | From spar. Good chicken fillet | 11:12:00 | 04:10:00 | ['First do this', 'Then do that', 'Then this']         |
|  12 | Chicken Fillet Role |    123 | NULL                                                       |          1 |      4 | a short blurb                  | 04:20:00 | 01:00:00 | {}                                                     |
|  13 | Pie                 |    123 | NULL                                                       |          1 |      4 | A short blurb                  | 01:00:00 | 03:15:00 | ['First Instruction ', 'Second ', 'And then a third '] |
|  14 | Pasta               |    123 | NULL                                                       |          1 |      4 | Pasta dish                     | 02:20:00 | 03:15:00 | ['Cook the pasta', 'Eat the pasta']                    |
|  15 | Chicken             |    123 | NULL                                                       |          1 |      4 | A short blurb                  | 02:20:00 | 03:15:00 | ['Here is an example']                                 |
|  16 | Chicken Curry       |    123 | NULL                                                       |          1 |      4 | blurb                          | 02:20:00 | 03:15:00 | ['instruction']                                        |
|  17 | Chicken Curry       |    123 | NULL                                                       |          1 |      4 | Burb blurb                     | 02:20:00 | 03:15:00 | ['Here is an instruction']                             |
|  18 | Chicken Curry       |    123 | NULL                                                       |          1 |      4 | blurb                          | 02:20:00 | 03:15:00 | ['instruction ']                                       |
|  19 |                     |      0 | <FileStorage: 'IMG_20170420_104258392.jpg' ('image/jpeg')> |          0 |      0 |                                | 00:00:00 | 00:00:00 |                                                        |
|  20 | Chicken Curry       |    123 | NULL                                                       |          1 |      4 | no image upload                | 02:20:00 | 03:15:00 | ['f']                                                  |
|  21 | Chicken Curry       |    123 | <FileStorage: 'ut4.PNG' ('image/png')>                     |          1 |      4 | no gab in pic img title        | 02:20:00 | 03:15:00 | ['dd']                                                 |
|  22 | Chicken Curry       |    123 | <FileStorage: 'Visa photo.gif' ('image/gif')>              |          1 |      4 | Gab in title                   | 02:20:00 | 03:15:00 | ['ddddd']                                              |
|  23 | Chicken Curry       |    123 | NULL                                                       |          1 |      4 | A short Blurb                  | 02:20:00 | 03:15:00 | ['dd']                                                 |
|  24 | Chicken Curry       |    123 | NULL                                                       |          1 |      4 | A short Blurb                  | 02:20:00 | 03:15:00 | ['c']                                                  |
|  25 | Chicken Curry       |    123 | NULL                                                       |          1 |      4 | A short Blurb                  | 02:20:00 | 03:15:00 | ['d']                                                  |
|  26 | Chicken Curry       |    123 | NULL                                                       |          1 |      4 | A short Blurb                  | 02:20:00 | 03:15:00 | ['dd']                                                 |
|  27 | Chicken Curry       |    123 | NULL                                                       |          1 |      4 | A short Blurb                  | 02:20:00 | 03:15:00 | ['ddd']                                                |
|  28 | Chicken Curry       |    123 | NULL                                                       |          1 |      4 | A short Blurb                  | 02:20:00 | 03:15:00 | ['xxx']                                                |
|  29 | Chicken Curry       |    123 | NULL                                                       |          1 |      4 | A short Blurb                  | 02:20:00 | 03:15:00 | ['d']                                                  |
|  30 | Chicken Curry       |    123 | NULL                                                       |          1 |      4 | A short Blurb                  | 02:20:00 | 03:15:00 | ['c']                                                  |
|  31 | Chicken Curry       |    123 | NULL                                                       |          1 |      4 | A short Blurb                  | 02:20:00 | 03:15:00 | ['c']                                                  |
|  32 | Chicken Curry       |    123 | NULL                                                       |          1 |      4 | A short Blurb                  | 02:20:00 | 03:15:00 | ['fff']                                                |
|  33 | Chicken Curry       |    123 | NULL                                                       |          1 |      4 | A short Blurb                  | 02:20:00 | 03:15:00 | ['c']                                                  |
|  34 | Chicken Curry       |    123 | NULL                                                       |          1 |      4 | A short Blurb                  | 02:20:00 | 03:15:00 | ['ff']                                                 |
|  35 | Chicken Curry       |    123 | NULL                                                       |          1 |      4 | A short Blurb                  | 02:20:00 | 03:15:00 | ['dd']                                                 |
|  36 | Chicken Curry       |    123 | NULL                                                       |          1 |      4 | A short Blurb                  | 02:20:00 | 03:15:00 | ['cc']                                                 |
|  37 | Chicken Curry       |    123 | NULL                                                       |          1 |      4 | A short Blurb                  | 02:20:00 | 03:15:00 | ['ss']                                                 |
|  38 | Chicken Curry       |    123 | NULL                                                       |          2 |      6 | TEST BLURB                     | 02:20:00 | 03:15:00 | ['An instruction']                                     |
|  39 | Chicken Curry       |    123 | NULL                                                       |          2 |      6 | TEST BLURB                     | 02:20:00 | 03:15:00 | ['An instruction']                                     |
|  40 | Chicken Curry       |    123 | NULL                                                       |          1 |      4 | TEST BLAH                      | 02:20:00 | 03:15:00 | ['d']                                                  |
|  41 | Chicken Curry       |    123 | NULL                                                       |          1 |      4 | TEST BLAH                      | 02:20:00 | 03:15:00 | ['d']                                                  |
|  42 | Chicken Curry       |    123 | NULL                                                       |          1 |      4 | TEST BLURB                     | 02:20:00 | 03:15:00 | ['D']                                                  |
|  43 | Chicken Curry       |    123 | NULL                                                       |          1 |      4 | TEST BLURB                     | 02:20:00 | 03:15:00 | ['D']                                                  |
|  44 | Chicken Curry       |    123 | NULL                                                       |          1 |      4 | A short Blurb                  | 02:20:00 | 03:15:00 | ['dd']                                                 |
|  45 | Chicken Curry       |    123 | NULL                                                       |          1 |      4 | A short Blurb                  | 02:20:00 | 03:15:00 | ['d']                                                  |
|  46 | Chicken Curry       |    123 | NULL                                                       |          1 |      4 | A short Blurb                  | 02:20:00 | 03:15:00 | ['d']                                                  |
|  47 | Chicken Curry       |    123 | NULL                                                       |          1 |      4 | A short Blurb                  | 02:20:00 | 03:15:00 | ['d']                                                  |
|  48 | Chicken Curry       |    123 | NULL                                                       |          1 |      4 | A short Blurb                  | 02:20:00 | 03:15:00 | ['dd']                                                 |
|  49 | Chicken Curry       |    123 | NULL                                                       |          1 |      4 | A short Blurb                  | 02:20:00 | 03:15:00 | ['d']                                                  |
|  50 | Chicken Curry       |    123 | NULL                                                       |          1 |      4 | A short Blurb                  | 02:20:00 | 03:15:00 | ['d']                                                  |
|  51 | Chicken Curry       |    123 | NULL                                                       |          1 |      4 | A short Blurb                  | 02:20:00 | 03:15:00 | ['s']                                                  |
|  52 | Chicken Curry       |    123 | NULL                                                       |          1 |      4 | A short Blurb                  | 02:20:00 | 03:15:00 | ['d']                                                  |
|  53 | Chicken Curry       |    123 | NULL                                                       |          1 |      4 | A short Blurb                  | 02:20:00 | 03:15:00 | ['d']                                                  |
|  54 | Chicken Curry       |    123 | NULL                                                       |          1 |      4 | A short Blurb                  | 02:20:00 | 03:15:00 | ['d']                                                  |
|  55 | Chicken Curry       |    123 | NULL                                                       |          1 |      4 | A short Blurb                  | 02:20:00 | 03:15:00 | ['d']                                                  |
|  56 | Chicken Curry       |    123 | NULL                                                       |          1 |      4 | A short Blurb                  | 02:20:00 | 03:15:00 | ['d']                                                  |
|  57 | Chicken Curry       |    123 | NULL                                                       |          1 |      4 | A short Blurb                  | 02:20:00 | 03:15:00 | ['d']                                                  |
|  58 | Chicken Curry       |    123 | NULL                                                       |          1 |      4 | A short Blurb                  | 02:20:00 | 03:15:00 | ['d']                                                  |
|  59 | Chicken Curry       |    123 | NULL                                                       |          1 |      4 | A short Blurb                  | 02:20:00 | 03:15:00 | ['d']                                                  |
|  60 | Chicken Curry       |    123 | NULL                                                       |          1 |      4 | A short Blurb                  | 02:20:00 | 03:15:00 | ['ssa']                                                |
|  61 | Chicken Curry       |    123 | NULL                                                       |          1 |      4 | A short Blurb                  | 02:20:00 | 03:15:00 | ['sss']                                                |
|  62 | Chicken Curry       |    123 | NULL                                                       |          1 |      4 | A short Blurb                  | 02:20:00 | 03:15:00 | ['d']                                                  |
|  63 | Chicken Curry       |    123 | NULL                                                       |          1 |      4 | A short Blurb                  | 02:20:00 | 03:15:00 | ['Test Instructions']                                  |
|  64 | Chicken Curry       |    123 | NULL                                                       |          1 |      4 | A short Blurb                  | 02:20:00 | 03:15:00 | ['Test Instructions']                                  |
|  65 | Chicken Curry       |    123 | NULL                                                       |          1 |      4 | A short Blurb                  | 02:20:00 | 03:15:00 | ['Test Instructions']                                  |
|  66 | Chicken Curry       |    123 | NULL                                                       |          1 |      4 | A short Blurb                  | 02:20:00 | 03:15:00 | ['Test Instructions']                                  |
|  67 | Chicken Curry       |    123 | NULL                                                       |          1 |      4 | A short Blurb                  | 02:20:00 | 03:15:00 | ['Test Instructions']                                  |
|  68 | Chicken Curry       |    123 | NULL                                                       |          1 |      4 | A short Blurb                  | 02:20:00 | 03:15:00 | ['Test Instructions']                                  |
|  69 | Chicken Curry       |    123 | NULL                                                       |          1 |      4 | A short Blurb                  | 02:20:00 | 03:15:00 | ['Test Instructions']                                  |
|  70 | Beef Curry          |    123 | NULL                                                       |          1 |      4 | A short Blurb                  | 02:20:00 | 03:15:00 | ['Test Instructions']                                  |
|  71 | Chicken Curry       |    123 | NULL                                                       |          1 |      4 | A short Blurb                  | 02:20:00 | 03:15:00 | ['Test Instructions']                                  |
|  72 | Stew                |    123 | NULL                                                       |          1 |      4 | A short Blurb                  | 02:20:00 | 03:15:00 | ['Test Instructions']                                  |
|  73 | Chicken Curry       |    123 | NULL                                                       |          1 |      4 | A short Blurb                  | 02:20:00 | 03:15:00 | ['Test Instructions']                                  |
|  74 | Chicken Curry       |    123 | NULL                                                       |          1 |      4 | A short Blurb                  | 02:20:00 | 03:15:00 | ['Test Instructions']                                  |
|  75 | Chicken Curry       |    123 | NULL                                                       |          1 |      4 | A short Blurb                  | 02:20:00 | 03:15:00 | ['Test Instructions']                                  |
|  76 | Chicken Curry       |    123 | NULL                                                       |          1 |      4 | A short Blurb                  | 02:20:00 | 03:15:00 | ['Test Instructions']                                  |
|  77 | Chicken Curry       |    123 | NULL                                                       |          1 |      4 | A short Blurbd                 | 02:20:00 | 03:15:00 | ['Test Instructions']                                  |
|  78 | Chicken Curry       |    123 | NULL                                                       |          1 |      4 | A short Blurb                  | 02:20:00 | 03:15:00 | ['Test Instructions']                                  |
|  79 | Chicken Curry       |    123 | NULL                                                       |          1 |      4 | A short Blurb                  | 02:20:00 | 03:15:00 | ['Test Instructions']                                  |
|  80 | Chicken Curry       |    123 | NULL                                                       |          1 |      4 | A short Blurb                  | 02:20:00 | 03:15:00 | ['Test Instructions']                                  |
|  81 | Chicken Curry       |    123 | NULL                                                       |          1 |      4 | A short Blurb                  | 02:20:00 | 03:15:00 | ['Test Instructions']                                  |
|  82 | Chicken Curry       |    123 | NULL                                                       |          1 |      4 | A short Blurb                  | 02:20:00 | 03:15:00 | ['Test Instructions']                                  |
|  83 | Chicken Curry       |    123 | NULL                                                       |          1 |      4 | A short Blurb                  | 02:20:00 | 03:15:00 | ['Test Instructions']                                  |
|  84 | Chicken Curry       |    123 | NULL                                                       |          1 |      4 | A short Blurb                  | 02:20:00 | 03:15:00 | ['Test Instructions']                                  |
|  85 | Chicken Curry       |    123 | NULL                                                       |          1 |      4 | A short Blurb                  | 02:20:00 | 03:15:00 | ['Test Instructions']                                  |
|  86 | Chicken Stew        |    123 | NULL                                                       |          1 |      4 | A short Blurb                  | 02:20:00 | 03:15:00 | ['Test Instructions']                                  |
|  87 | Chicken Curry       |    123 | NULL                                                       |          1 |      4 | A short Blurb                  | 02:20:00 | 03:15:00 | ['Test Instructions']                                  |
|  88 | Chicken Salad       |    123 | NULL                                                       |          1 |      4 | A short Blurb                  | 02:20:00 | 03:15:00 | ['Test Instructions']                                  |
|  89 | Lamb Curry          |    123 | NULL                                                       |          1 |      4 | A short Blurb                  | 02:20:00 | 03:15:00 | ['Test Instructions']                                  |
|  90 | Chicken Curry       |    123 | NULL                                                       |          1 |      4 | A short Blurb                  | 02:20:00 | 03:15:00 | ['Test Instructions']                                  |
|  91 | Chicken Curry       |    123 | NULL                                                       |          1 |      4 | A short Blurb                  | 02:20:00 | 03:15:00 | ['Test Instructions']                                  |
|  92 | Chicken Curry       |    123 | NULL                                                       |          1 |      4 | A short Blurb                  | 02:20:00 | 03:15:00 | ['Test Instructions']                                  |
|  93 | Chicken Curry       |    123 | NULL                                                       |          1 |      4 | A short Blurb                  | 02:20:00 | 03:15:00 | ['Test Instructions']                                  |
|  94 | Chicken Curry       |    123 | NULL                                                       |          1 |      4 | A short Blurb                  | 02:20:00 | 03:15:00 | ['Test Instructions']                                  |
|  95 | Chicken Curry       |    123 | NULL                                                       |          1 |      4 | A short Blurb                  | 02:20:00 | 03:15:00 | ['Test Instructions']                                  |
|  96 | Chicken Curry       |    123 | NULL                                                       |          1 |      4 | A short Blurb                  | 02:20:00 | 03:15:00 | ['Test Instructions']                                  |
|  97 | Chicken Curry       |    123 | NULL                                                       |          1 |      4 | A short Blurb                  | 02:20:00 | 03:15:00 | ['Test Instructions']                                  |
|  98 | Chicken Curry       |    123 | NULL                                                       |          1 |      4 | A short Blurb                  | 02:20:00 | 03:15:00 | ['Test Instructions']                                  |
|  99 | Chicken Curry       |    123 | NULL                                                       |          1 |      4 | A short Blurb                  | 02:20:00 | 03:15:00 | ['Test Instructions']                                  |
| 100 | Chicken Curry       |    123 | NULL                                                       |          1 |      4 | A short Blurb                  | 02:20:00 | 03:15:00 | ['Test Instructions']                                  |
| 101 | Chicken Curry       |    123 | NULL                                                       |          1 |      4 | A short Blurb                  | 02:20:00 | 03:15:00 | ['Test Instructions']                                  |
+-----+---------------------+--------+------------------------------------------------------------+------------+--------+--------------------------------+----------+----------+--------------------------------------------------------+
98 rows in set (0.00 sec)

mysql> SELECT * FROM RecipeCategories;
+----------+------------+
| RecipeId | CategoryId |
+----------+------------+
|      101 |         24 |
|      102 |         24 |
|      102 |          7 |
|      102 |         47 |
+----------+------------+
4 rows in set (0.00 sec)

mysql> SELECT * FROM Categories;
+----+----------------+
| Id | Name           |
+----+----------------+
|  1 | Healthy        |
|  2 | Family & Kids  |
|  3 | Cakes & Baking |
|  4 | Cuisines       |
|  5 | Events         |
|  6 | Everyday       |
|  7 | Seasonal       |
|  8 | Special Diets  |
|  9 | Vegetarian     |
| 10 | Breakfast      |
| 11 | Starter        |
| 12 | Main Course    |
| 13 | Desert         |
| 14 | Dinner         |
| 15 | Soup           |
| 16 | Indian         |
| 17 | Chinese        |
| 18 | Thai           |
| 19 | Asian          |
| 20 | Italian        |
| 21 | French         |
| 22 | Spanish        |
| 23 | European       |
| 24 | Mexican        |
| 25 | Latin American |
| 26 | African        |
| 27 | American       |
| 28 | Australian     |
| 29 | British        |
| 30 | Irish          |
| 32 | Jewish         |
| 46 |                |
| 47 | Christmas      |
+----+----------------+
33 rows in set (0.00 sec)

mysql> SELECT CategoryId FROM RecipeCategories WHERE RecipeId="102";
+------------+
| CategoryId |
+------------+
|         24 |
|          7 |
|         47 |
+------------+
3 rows in set (0.00 sec)

mysql> SELECT Name FROM Categories
    -> INNER JOIN RecipeCategories on RecipeCategories.CategoryId = Categories.Id
    -> WHERE Categories.Id = 102;
Empty set (0.00 sec)

mysql> SELECT Name FROM Categories INNER JOIN RecipeCategories on RecipeCategories.CategoryId = Categories.Id WHERE Categories.Id = "102";
Empty set (0.00 sec)

mysql> SELECT Name FROM Categories INNER JOIN RecipeCategories on RecipeCategories.CategoryId = Categories.Id WHERE Categories.Id = "42";
Empty set (0.00 sec)

mysql> SELECT Name FROM Categories INNER JOIN RecipeCategories on RecipeCategories.CategoryId = Categories.Id WHERE Categories.Id = "24";
+---------+
| Name    |
+---------+
| Mexican |
| Mexican |
+---------+
2 rows in set (0.00 sec)

mysql> SELECT Name FROM Categories INNER JOIN RecipeCategories on RecipeCategories.CategoryId = Categories.Id WHERE RecipeCategories.RecipeId = "102";
+-----------+
| Name      |
+-----------+
| Mexican   |
| Seasonal  |
| Christmas |
+-----------+
3 rows in set (0.00 sec)

mysql> describe Recipes;
+--------------+--------------+------+-----+---------+----------------+
| Field        | Type         | Null | Key | Default | Extra          |
+--------------+--------------+------+-----+---------+----------------+
| Id           | int(11)      | NO   | PRI | NULL    | auto_increment |
| Name         | varchar(40)  | NO   |     | NULL    |                |
| UserId       | int(11)      | NO   | MUL | NULL    |                |
| Image        | blob         | YES  |     | NULL    |                |
| Difficulty   | tinyint(4)   | NO   |     | NULL    |                |
| Serves       | tinyint(4)   | NO   |     | NULL    |                |
| Blurb        | varchar(100) | NO   |     | NULL    |                |
| PrepTime     | time         | NO   |     | NULL    |                |
| CookTime     | time         | NO   |     | NULL    |                |
| Instructions | text         | NO   |     | NULL    |                |
+--------------+--------------+------+-----+---------+----------------+
10 rows in set (0.00 sec)

mysql> SELECT * FROM USERS;
ERROR 1146 (42S02): Table 'milestoneProjectFour.USERS' doesn't exist
mysql> SELECT * From Users;
+----+-------------------------------------------------------------------------------+-----------------+
| Id | Password                                                                      | Username        |
+----+-------------------------------------------------------------------------------+-----------------+
| 12 | $5$rounds=535000$x4Sx2EEpC.FdzyQl$Lc3JN8Nhge7L0iN1Sdu8ydp52z5JyFuxohUXv4RXe.C | Paddywc         |
| 13 | $5$rounds=535000$if3SgeyN3T4BeeaK$UF0lq6NuRYTwlzUvtcaWyZZcvLLYH9CjtUpwQpo/rl6 | Cremen          |
| 14 | $5$rounds=535000$pZbmynuFWWyMfG8t$oPbvG4ZaMaKuulxkjNnO6XbpMpaCnAy1.TAjJotAaxB | Patrick         |
| 15 | $5$rounds=535000$2zu7YJqsHbdweh4o$lHMJxAdnE9GjTROUS3OkioOj5pe8haxpFF3VfoM9FJ0 | Unique Username |
+----+-------------------------------------------------------------------------------+-----------------+
4 rows in set (0.00 sec)

mysql> UPDATE Recipes SET UserId = "12" WHERE UserId = "123";
Query OK, 98 rows affected (0.01 sec)
Rows matched: 98  Changed: 98  Warnings: 0

mysql> SELECT * FROM Recipes"
    "> :
    "> ;
    "> ;
    "> ;;d;
    "> dddd;
    "> "
    -> ;
ERROR 1064 (42000): You have an error in your SQL syntax; check the manual that corresponds to your MySQL server version for the right syntax to use near '"
:
;
;
;;d;
dddd;
"' at line 1
mysql> SELECT * From Recipes;
+-----+---------------------+--------+------------------------------------------------------------+------------+--------+--------------------------------+----------+----------+--------------------------------------------------------+
| Id  | Name                | UserId | Image                                                      | Difficulty | Serves | Blurb                          | PrepTime | CookTime | Instructions                                           |
+-----+---------------------+--------+------------------------------------------------------------+------------+--------+--------------------------------+----------+----------+--------------------------------------------------------+
|   2 | Chicken Fillet Role |     12 | NULL                                                       |          1 |      4 | From spar. Good chicken fillet | 11:12:00 | 04:10:00 | ['First do this', 'Then do that', 'Then this']         |
|   5 | Chicken Fillet Role |     12 | NULL                                                       |          1 |      4 | From spar. Good chicken fillet | 11:12:00 | 04:10:00 | ['First do this', 'Then do that', 'Then this']         |
|   6 | Chicken Fillet Role |     12 | NULL                                                       |          1 |      4 | From spar. Good chicken fillet | 11:12:00 | 04:10:00 | ['First do this', 'Then do that', 'Then this']         |
|   7 | Chicken Fillet Role |     12 | NULL                                                       |          1 |      4 | From spar. Good chicken fillet | 11:12:00 | 04:10:00 | ['First do this', 'Then do that', 'Then this']         |
|   8 | Chicken Fillet Role |     12 | NULL                                                       |          1 |      4 | From spar. Good chicken fillet | 11:12:00 | 04:10:00 | ['First do this', 'Then do that', 'Then this']         |
|   9 | Chicken Fillet Role |     12 | NULL                                                       |          1 |      4 | From spar. Good chicken fillet | 11:12:00 | 04:10:00 | ['First do this', 'Then do that', 'Then this']         |
|  10 | Chicken Fillet Role |     12 | NULL                                                       |          1 |      4 | From spar. Good chicken fillet | 11:12:00 | 04:10:00 | ['First do this', 'Then do that', 'Then this']         |
|  11 | Chicken Fillet Role |     12 | NULL                                                       |          1 |      4 | From spar. Good chicken fillet | 11:12:00 | 04:10:00 | ['First do this', 'Then do that', 'Then this']         |
|  12 | Chicken Fillet Role |     12 | NULL                                                       |          1 |      4 | a short blurb                  | 04:20:00 | 01:00:00 | {}                                                     |
|  13 | Pie                 |     12 | NULL                                                       |          1 |      4 | A short blurb                  | 01:00:00 | 03:15:00 | ['First Instruction ', 'Second ', 'And then a third '] |
|  14 | Pasta               |     12 | NULL                                                       |          1 |      4 | Pasta dish                     | 02:20:00 | 03:15:00 | ['Cook the pasta', 'Eat the pasta']                    |
|  15 | Chicken             |     12 | NULL                                                       |          1 |      4 | A short blurb                  | 02:20:00 | 03:15:00 | ['Here is an example']                                 |
|  16 | Chicken Curry       |     12 | NULL                                                       |          1 |      4 | blurb                          | 02:20:00 | 03:15:00 | ['instruction']                                        |
|  17 | Chicken Curry       |     12 | NULL                                                       |          1 |      4 | Burb blurb                     | 02:20:00 | 03:15:00 | ['Here is an instruction']                             |
|  18 | Chicken Curry       |     12 | NULL                                                       |          1 |      4 | blurb                          | 02:20:00 | 03:15:00 | ['instruction ']                                       |
|  19 |                     |      0 | <FileStorage: 'IMG_20170420_104258392.jpg' ('image/jpeg')> |          0 |      0 |                                | 00:00:00 | 00:00:00 |                                                        |
|  20 | Chicken Curry       |     12 | NULL                                                       |          1 |      4 | no image upload                | 02:20:00 | 03:15:00 | ['f']                                                  |
|  21 | Chicken Curry       |     12 | <FileStorage: 'ut4.PNG' ('image/png')>                     |          1 |      4 | no gab in pic img title        | 02:20:00 | 03:15:00 | ['dd']                                                 |
|  22 | Chicken Curry       |     12 | <FileStorage: 'Visa photo.gif' ('image/gif')>              |          1 |      4 | Gab in title                   | 02:20:00 | 03:15:00 | ['ddddd']                                              |
|  23 | Chicken Curry       |     12 | NULL                                                       |          1 |      4 | A short Blurb                  | 02:20:00 | 03:15:00 | ['dd']                                                 |
|  24 | Chicken Curry       |     12 | NULL                                                       |          1 |      4 | A short Blurb                  | 02:20:00 | 03:15:00 | ['c']                                                  |
|  25 | Chicken Curry       |     12 | NULL                                                       |          1 |      4 | A short Blurb                  | 02:20:00 | 03:15:00 | ['d']                                                  |
|  26 | Chicken Curry       |     12 | NULL                                                       |          1 |      4 | A short Blurb                  | 02:20:00 | 03:15:00 | ['dd']                                                 |
|  27 | Chicken Curry       |     12 | NULL                                                       |          1 |      4 | A short Blurb                  | 02:20:00 | 03:15:00 | ['ddd']                                                |
|  28 | Chicken Curry       |     12 | NULL                                                       |          1 |      4 | A short Blurb                  | 02:20:00 | 03:15:00 | ['xxx']                                                |
|  29 | Chicken Curry       |     12 | NULL                                                       |          1 |      4 | A short Blurb                  | 02:20:00 | 03:15:00 | ['d']                                                  |
|  30 | Chicken Curry       |     12 | NULL                                                       |          1 |      4 | A short Blurb                  | 02:20:00 | 03:15:00 | ['c']                                                  |
|  31 | Chicken Curry       |     12 | NULL                                                       |          1 |      4 | A short Blurb                  | 02:20:00 | 03:15:00 | ['c']                                                  |
|  32 | Chicken Curry       |     12 | NULL                                                       |          1 |      4 | A short Blurb                  | 02:20:00 | 03:15:00 | ['fff']                                                |
|  33 | Chicken Curry       |     12 | NULL                                                       |          1 |      4 | A short Blurb                  | 02:20:00 | 03:15:00 | ['c']                                                  |
|  34 | Chicken Curry       |     12 | NULL                                                       |          1 |      4 | A short Blurb                  | 02:20:00 | 03:15:00 | ['ff']                                                 |
|  35 | Chicken Curry       |     12 | NULL                                                       |          1 |      4 | A short Blurb                  | 02:20:00 | 03:15:00 | ['dd']                                                 |
|  36 | Chicken Curry       |     12 | NULL                                                       |          1 |      4 | A short Blurb                  | 02:20:00 | 03:15:00 | ['cc']                                                 |
|  37 | Chicken Curry       |     12 | NULL                                                       |          1 |      4 | A short Blurb                  | 02:20:00 | 03:15:00 | ['ss']                                                 |
|  38 | Chicken Curry       |     12 | NULL                                                       |          2 |      6 | TEST BLURB                     | 02:20:00 | 03:15:00 | ['An instruction']                                     |
|  39 | Chicken Curry       |     12 | NULL                                                       |          2 |      6 | TEST BLURB                     | 02:20:00 | 03:15:00 | ['An instruction']                                     |
|  40 | Chicken Curry       |     12 | NULL                                                       |          1 |      4 | TEST BLAH                      | 02:20:00 | 03:15:00 | ['d']                                                  |
|  41 | Chicken Curry       |     12 | NULL                                                       |          1 |      4 | TEST BLAH                      | 02:20:00 | 03:15:00 | ['d']                                                  |
|  42 | Chicken Curry       |     12 | NULL                                                       |          1 |      4 | TEST BLURB                     | 02:20:00 | 03:15:00 | ['D']                                                  |
|  43 | Chicken Curry       |     12 | NULL                                                       |          1 |      4 | TEST BLURB                     | 02:20:00 | 03:15:00 | ['D']                                                  |
|  44 | Chicken Curry       |     12 | NULL                                                       |          1 |      4 | A short Blurb                  | 02:20:00 | 03:15:00 | ['dd']                                                 |
|  45 | Chicken Curry       |     12 | NULL                                                       |          1 |      4 | A short Blurb                  | 02:20:00 | 03:15:00 | ['d']                                                  |
|  46 | Chicken Curry       |     12 | NULL                                                       |          1 |      4 | A short Blurb                  | 02:20:00 | 03:15:00 | ['d']                                                  |
|  47 | Chicken Curry       |     12 | NULL                                                       |          1 |      4 | A short Blurb                  | 02:20:00 | 03:15:00 | ['d']                                                  |
|  48 | Chicken Curry       |     12 | NULL                                                       |          1 |      4 | A short Blurb                  | 02:20:00 | 03:15:00 | ['dd']                                                 |
|  49 | Chicken Curry       |     12 | NULL                                                       |          1 |      4 | A short Blurb                  | 02:20:00 | 03:15:00 | ['d']                                                  |
|  50 | Chicken Curry       |     12 | NULL                                                       |          1 |      4 | A short Blurb                  | 02:20:00 | 03:15:00 | ['d']                                                  |
|  51 | Chicken Curry       |     12 | NULL                                                       |          1 |      4 | A short Blurb                  | 02:20:00 | 03:15:00 | ['s']                                                  |
|  52 | Chicken Curry       |     12 | NULL                                                       |          1 |      4 | A short Blurb                  | 02:20:00 | 03:15:00 | ['d']                                                  |
|  53 | Chicken Curry       |     12 | NULL                                                       |          1 |      4 | A short Blurb                  | 02:20:00 | 03:15:00 | ['d']                                                  |
|  54 | Chicken Curry       |     12 | NULL                                                       |          1 |      4 | A short Blurb                  | 02:20:00 | 03:15:00 | ['d']                                                  |
|  55 | Chicken Curry       |     12 | NULL                                                       |          1 |      4 | A short Blurb                  | 02:20:00 | 03:15:00 | ['d']                                                  |
|  56 | Chicken Curry       |     12 | NULL                                                       |          1 |      4 | A short Blurb                  | 02:20:00 | 03:15:00 | ['d']                                                  |
|  57 | Chicken Curry       |     12 | NULL                                                       |          1 |      4 | A short Blurb                  | 02:20:00 | 03:15:00 | ['d']                                                  |
|  58 | Chicken Curry       |     12 | NULL                                                       |          1 |      4 | A short Blurb                  | 02:20:00 | 03:15:00 | ['d']                                                  |
|  59 | Chicken Curry       |     12 | NULL                                                       |          1 |      4 | A short Blurb                  | 02:20:00 | 03:15:00 | ['d']                                                  |
|  60 | Chicken Curry       |     12 | NULL                                                       |          1 |      4 | A short Blurb                  | 02:20:00 | 03:15:00 | ['ssa']                                                |
|  61 | Chicken Curry       |     12 | NULL                                                       |          1 |      4 | A short Blurb                  | 02:20:00 | 03:15:00 | ['sss']                                                |
|  62 | Chicken Curry       |     12 | NULL                                                       |          1 |      4 | A short Blurb                  | 02:20:00 | 03:15:00 | ['d']                                                  |
|  63 | Chicken Curry       |     12 | NULL                                                       |          1 |      4 | A short Blurb                  | 02:20:00 | 03:15:00 | ['Test Instructions']                                  |
|  64 | Chicken Curry       |     12 | NULL                                                       |          1 |      4 | A short Blurb                  | 02:20:00 | 03:15:00 | ['Test Instructions']                                  |
|  65 | Chicken Curry       |     12 | NULL                                                       |          1 |      4 | A short Blurb                  | 02:20:00 | 03:15:00 | ['Test Instructions']                                  |
|  66 | Chicken Curry       |     12 | NULL                                                       |          1 |      4 | A short Blurb                  | 02:20:00 | 03:15:00 | ['Test Instructions']                                  |
|  67 | Chicken Curry       |     12 | NULL                                                       |          1 |      4 | A short Blurb                  | 02:20:00 | 03:15:00 | ['Test Instructions']                                  |
|  68 | Chicken Curry       |     12 | NULL                                                       |          1 |      4 | A short Blurb                  | 02:20:00 | 03:15:00 | ['Test Instructions']                                  |
|  69 | Chicken Curry       |     12 | NULL                                                       |          1 |      4 | A short Blurb                  | 02:20:00 | 03:15:00 | ['Test Instructions']                                  |
|  70 | Beef Curry          |     12 | NULL                                                       |          1 |      4 | A short Blurb                  | 02:20:00 | 03:15:00 | ['Test Instructions']                                  |
|  71 | Chicken Curry       |     12 | NULL                                                       |          1 |      4 | A short Blurb                  | 02:20:00 | 03:15:00 | ['Test Instructions']                                  |
|  72 | Stew                |     12 | NULL                                                       |          1 |      4 | A short Blurb                  | 02:20:00 | 03:15:00 | ['Test Instructions']                                  |
|  73 | Chicken Curry       |     12 | NULL                                                       |          1 |      4 | A short Blurb                  | 02:20:00 | 03:15:00 | ['Test Instructions']                                  |
|  74 | Chicken Curry       |     12 | NULL                                                       |          1 |      4 | A short Blurb                  | 02:20:00 | 03:15:00 | ['Test Instructions']                                  |
|  75 | Chicken Curry       |     12 | NULL                                                       |          1 |      4 | A short Blurb                  | 02:20:00 | 03:15:00 | ['Test Instructions']                                  |
|  76 | Chicken Curry       |     12 | NULL                                                       |          1 |      4 | A short Blurb                  | 02:20:00 | 03:15:00 | ['Test Instructions']                                  |
|  77 | Chicken Curry       |     12 | NULL                                                       |          1 |      4 | A short Blurbd                 | 02:20:00 | 03:15:00 | ['Test Instructions']                                  |
|  78 | Chicken Curry       |     12 | NULL                                                       |          1 |      4 | A short Blurb                  | 02:20:00 | 03:15:00 | ['Test Instructions']                                  |
|  79 | Chicken Curry       |     12 | NULL                                                       |          1 |      4 | A short Blurb                  | 02:20:00 | 03:15:00 | ['Test Instructions']                                  |
|  80 | Chicken Curry       |     12 | NULL                                                       |          1 |      4 | A short Blurb                  | 02:20:00 | 03:15:00 | ['Test Instructions']                                  |
|  81 | Chicken Curry       |     12 | NULL                                                       |          1 |      4 | A short Blurb                  | 02:20:00 | 03:15:00 | ['Test Instructions']                                  |
|  82 | Chicken Curry       |     12 | NULL                                                       |          1 |      4 | A short Blurb                  | 02:20:00 | 03:15:00 | ['Test Instructions']                                  |
|  83 | Chicken Curry       |     12 | NULL                                                       |          1 |      4 | A short Blurb                  | 02:20:00 | 03:15:00 | ['Test Instructions']                                  |
|  84 | Chicken Curry       |     12 | NULL                                                       |          1 |      4 | A short Blurb                  | 02:20:00 | 03:15:00 | ['Test Instructions']                                  |
|  85 | Chicken Curry       |     12 | NULL                                                       |          1 |      4 | A short Blurb                  | 02:20:00 | 03:15:00 | ['Test Instructions']                                  |
|  86 | Chicken Stew        |     12 | NULL                                                       |          1 |      4 | A short Blurb                  | 02:20:00 | 03:15:00 | ['Test Instructions']                                  |
|  87 | Chicken Curry       |     12 | NULL                                                       |          1 |      4 | A short Blurb                  | 02:20:00 | 03:15:00 | ['Test Instructions']                                  |
|  88 | Chicken Salad       |     12 | NULL                                                       |          1 |      4 | A short Blurb                  | 02:20:00 | 03:15:00 | ['Test Instructions']                                  |
|  89 | Lamb Curry          |     12 | NULL                                                       |          1 |      4 | A short Blurb                  | 02:20:00 | 03:15:00 | ['Test Instructions']                                  |
|  90 | Chicken Curry       |     12 | NULL                                                       |          1 |      4 | A short Blurb                  | 02:20:00 | 03:15:00 | ['Test Instructions']                                  |
|  91 | Chicken Curry       |     12 | NULL                                                       |          1 |      4 | A short Blurb                  | 02:20:00 | 03:15:00 | ['Test Instructions']                                  |
|  92 | Chicken Curry       |     12 | NULL                                                       |          1 |      4 | A short Blurb                  | 02:20:00 | 03:15:00 | ['Test Instructions']                                  |
|  93 | Chicken Curry       |     12 | NULL                                                       |          1 |      4 | A short Blurb                  | 02:20:00 | 03:15:00 | ['Test Instructions']                                  |
|  94 | Chicken Curry       |     12 | NULL                                                       |          1 |      4 | A short Blurb                  | 02:20:00 | 03:15:00 | ['Test Instructions']                                  |
|  95 | Chicken Curry       |     12 | NULL                                                       |          1 |      4 | A short Blurb                  | 02:20:00 | 03:15:00 | ['Test Instructions']                                  |
|  96 | Chicken Curry       |     12 | NULL                                                       |          1 |      4 | A short Blurb                  | 02:20:00 | 03:15:00 | ['Test Instructions']                                  |
|  97 | Chicken Curry       |     12 | NULL                                                       |          1 |      4 | A short Blurb                  | 02:20:00 | 03:15:00 | ['Test Instructions']                                  |
|  98 | Chicken Curry       |     12 | NULL                                                       |          1 |      4 | A short Blurb                  | 02:20:00 | 03:15:00 | ['Test Instructions']                                  |
|  99 | Chicken Curry       |     12 | NULL                                                       |          1 |      4 | A short Blurb                  | 02:20:00 | 03:15:00 | ['Test Instructions']                                  |
| 100 | Chicken Curry       |     12 | NULL                                                       |          1 |      4 | A short Blurb                  | 02:20:00 | 03:15:00 | ['Test Instructions']                                  |
| 101 | Chicken Curry       |     12 | NULL                                                       |          1 |      4 | A short Blurb                  | 02:20:00 | 03:15:00 | ['Test Instructions']                                  |
| 102 | Chicken Curry       |     12 | NULL                                                       |          1 |      4 | A short Blurb                  | 02:20:00 | 03:15:00 | ['Test Instructions']                                  |
+-----+---------------------+--------+------------------------------------------------------------+------------+--------+--------------------------------+----------+----------+--------------------------------------------------------+
99 rows in set (0.00 sec)

mysql> SELECT * FROM Ingredients;
+----+--------+
| Id | Name   |
+----+--------+
|  3 | Suger  |
|  4 | Salt   |
|  5 | Water  |
|  6 | Butter |
|  7 | Milk   |
|  8 | Coke   |
+----+--------+
6 rows in set (0.00 sec)

mysql> SELECT * FROM RecipeIngredients;
+----------+--------------+----------+
| RecipeId | IngredientId | Quantity |
+----------+--------------+----------+
|      100 |            3 | 1/2 cup  |
|      101 |            3 | 1/2 cup  |
|      102 |            3 | 1/2 cup  |
+----------+--------------+----------+
3 rows in set (0.00 sec)

mysql> SELECT * FROM RecipeIngredients;
+----------+--------------+----------+
| RecipeId | IngredientId | Quantity |
+----------+--------------+----------+
|      100 |            3 | 1/2 cup  |
|      101 |            3 | 1/2 cup  |
|      102 |            3 | 1/2 cup  |
|      103 |            3 | 1/2 cup  |
|      103 |            6 | 1 Pound  |
|      103 |            9 | 1/2 Tin  |
+----------+--------------+----------+
6 rows in set (0.00 sec)

mysql> SELECT * FROM RecipeIngredients;
+----------+--------------+----------+
| RecipeId | IngredientId | Quantity |
+----------+--------------+----------+
|      100 |            3 | 1/2 cup  |
|      101 |            3 | 1/2 cup  |
|      102 |            3 | 1/2 cup  |
|      103 |            3 | 1/2 cup  |
|      103 |            6 | 1 Pound  |
|      103 |            9 | 1/2 Tin  |
|      104 |            3 | 1/2 cup  |
|      104 |           10 | 2 Cubes  |
|      104 |           11 | 1 Pound  |
+----------+--------------+----------+
9 rows in set (0.00 sec)

mysql> SELECT * From Recipes; 
+-----+---------------------+--------+------------------------------------------------------------+------------+--------+--------------------------------+----------+----------+-------------------------------------------------------------------+
| Id  | Name                | UserId | Image                                                      | Difficulty | Serves | Blurb                          | PrepTime | CookTime | Instructions                                                      |
+-----+---------------------+--------+------------------------------------------------------------+------------+--------+--------------------------------+----------+----------+-------------------------------------------------------------------+
|   2 | Chicken Fillet Role |     12 | NULL                                                       |          1 |      4 | From spar. Good chicken fillet | 11:12:00 | 04:10:00 | ['First do this', 'Then do that', 'Then this']                    |
|   5 | Chicken Fillet Role |     12 | NULL                                                       |          1 |      4 | From spar. Good chicken fillet | 11:12:00 | 04:10:00 | ['First do this', 'Then do that', 'Then this']                    |
|   6 | Chicken Fillet Role |     12 | NULL                                                       |          1 |      4 | From spar. Good chicken fillet | 11:12:00 | 04:10:00 | ['First do this', 'Then do that', 'Then this']                    |
|   7 | Chicken Fillet Role |     12 | NULL                                                       |          1 |      4 | From spar. Good chicken fillet | 11:12:00 | 04:10:00 | ['First do this', 'Then do that', 'Then this']                    |
|   8 | Chicken Fillet Role |     12 | NULL                                                       |          1 |      4 | From spar. Good chicken fillet | 11:12:00 | 04:10:00 | ['First do this', 'Then do that', 'Then this']                    |
|   9 | Chicken Fillet Role |     12 | NULL                                                       |          1 |      4 | From spar. Good chicken fillet | 11:12:00 | 04:10:00 | ['First do this', 'Then do that', 'Then this']                    |
|  10 | Chicken Fillet Role |     12 | NULL                                                       |          1 |      4 | From spar. Good chicken fillet | 11:12:00 | 04:10:00 | ['First do this', 'Then do that', 'Then this']                    |
|  11 | Chicken Fillet Role |     12 | NULL                                                       |          1 |      4 | From spar. Good chicken fillet | 11:12:00 | 04:10:00 | ['First do this', 'Then do that', 'Then this']                    |
|  12 | Chicken Fillet Role |     12 | NULL                                                       |          1 |      4 | a short blurb                  | 04:20:00 | 01:00:00 | {}                                                                |
|  13 | Pie                 |     12 | NULL                                                       |          1 |      4 | A short blurb                  | 01:00:00 | 03:15:00 | ['First Instruction ', 'Second ', 'And then a third ']            |
|  14 | Pasta               |     12 | NULL                                                       |          1 |      4 | Pasta dish                     | 02:20:00 | 03:15:00 | ['Cook the pasta', 'Eat the pasta']                               |
|  15 | Chicken             |     12 | NULL                                                       |          1 |      4 | A short blurb                  | 02:20:00 | 03:15:00 | ['Here is an example']                                            |
|  16 | Chicken Curry       |     12 | NULL                                                       |          1 |      4 | blurb                          | 02:20:00 | 03:15:00 | ['instruction']                                                   |
|  17 | Chicken Curry       |     12 | NULL                                                       |          1 |      4 | Burb blurb                     | 02:20:00 | 03:15:00 | ['Here is an instruction']                                        |
|  18 | Chicken Curry       |     12 | NULL                                                       |          1 |      4 | blurb                          | 02:20:00 | 03:15:00 | ['instruction ']                                                  |
|  19 |                     |      0 | <FileStorage: 'IMG_20170420_104258392.jpg' ('image/jpeg')> |          0 |      0 |                                | 00:00:00 | 00:00:00 |                                                                   |
|  20 | Chicken Curry       |     12 | NULL                                                       |          1 |      4 | no image upload                | 02:20:00 | 03:15:00 | ['f']                                                             |
|  21 | Chicken Curry       |     12 | <FileStorage: 'ut4.PNG' ('image/png')>                     |          1 |      4 | no gab in pic img title        | 02:20:00 | 03:15:00 | ['dd']                                                            |
|  22 | Chicken Curry       |     12 | <FileStorage: 'Visa photo.gif' ('image/gif')>              |          1 |      4 | Gab in title                   | 02:20:00 | 03:15:00 | ['ddddd']                                                         |
|  23 | Chicken Curry       |     12 | NULL                                                       |          1 |      4 | A short Blurb                  | 02:20:00 | 03:15:00 | ['dd']                                                            |
|  24 | Chicken Curry       |     12 | NULL                                                       |          1 |      4 | A short Blurb                  | 02:20:00 | 03:15:00 | ['c']                                                             |
|  25 | Chicken Curry       |     12 | NULL                                                       |          1 |      4 | A short Blurb                  | 02:20:00 | 03:15:00 | ['d']                                                             |
|  26 | Chicken Curry       |     12 | NULL                                                       |          1 |      4 | A short Blurb                  | 02:20:00 | 03:15:00 | ['dd']                                                            |
|  27 | Chicken Curry       |     12 | NULL                                                       |          1 |      4 | A short Blurb                  | 02:20:00 | 03:15:00 | ['ddd']                                                           |
|  28 | Chicken Curry       |     12 | NULL                                                       |          1 |      4 | A short Blurb                  | 02:20:00 | 03:15:00 | ['xxx']                                                           |
|  29 | Chicken Curry       |     12 | NULL                                                       |          1 |      4 | A short Blurb                  | 02:20:00 | 03:15:00 | ['d']                                                             |
|  30 | Chicken Curry       |     12 | NULL                                                       |          1 |      4 | A short Blurb                  | 02:20:00 | 03:15:00 | ['c']                                                             |
|  31 | Chicken Curry       |     12 | NULL                                                       |          1 |      4 | A short Blurb                  | 02:20:00 | 03:15:00 | ['c']                                                             |
|  32 | Chicken Curry       |     12 | NULL                                                       |          1 |      4 | A short Blurb                  | 02:20:00 | 03:15:00 | ['fff']                                                           |
|  33 | Chicken Curry       |     12 | NULL                                                       |          1 |      4 | A short Blurb                  | 02:20:00 | 03:15:00 | ['c']                                                             |
|  34 | Chicken Curry       |     12 | NULL                                                       |          1 |      4 | A short Blurb                  | 02:20:00 | 03:15:00 | ['ff']                                                            |
|  35 | Chicken Curry       |     12 | NULL                                                       |          1 |      4 | A short Blurb                  | 02:20:00 | 03:15:00 | ['dd']                                                            |
|  36 | Chicken Curry       |     12 | NULL                                                       |          1 |      4 | A short Blurb                  | 02:20:00 | 03:15:00 | ['cc']                                                            |
|  37 | Chicken Curry       |     12 | NULL                                                       |          1 |      4 | A short Blurb                  | 02:20:00 | 03:15:00 | ['ss']                                                            |
|  38 | Chicken Curry       |     12 | NULL                                                       |          2 |      6 | TEST BLURB                     | 02:20:00 | 03:15:00 | ['An instruction']                                                |
|  39 | Chicken Curry       |     12 | NULL                                                       |          2 |      6 | TEST BLURB                     | 02:20:00 | 03:15:00 | ['An instruction']                                                |
|  40 | Chicken Curry       |     12 | NULL                                                       |          1 |      4 | TEST BLAH                      | 02:20:00 | 03:15:00 | ['d']                                                             |
|  41 | Chicken Curry       |     12 | NULL                                                       |          1 |      4 | TEST BLAH                      | 02:20:00 | 03:15:00 | ['d']                                                             |
|  42 | Chicken Curry       |     12 | NULL                                                       |          1 |      4 | TEST BLURB                     | 02:20:00 | 03:15:00 | ['D']                                                             |
|  43 | Chicken Curry       |     12 | NULL                                                       |          1 |      4 | TEST BLURB                     | 02:20:00 | 03:15:00 | ['D']                                                             |
|  44 | Chicken Curry       |     12 | NULL                                                       |          1 |      4 | A short Blurb                  | 02:20:00 | 03:15:00 | ['dd']                                                            |
|  45 | Chicken Curry       |     12 | NULL                                                       |          1 |      4 | A short Blurb                  | 02:20:00 | 03:15:00 | ['d']                                                             |
|  46 | Chicken Curry       |     12 | NULL                                                       |          1 |      4 | A short Blurb                  | 02:20:00 | 03:15:00 | ['d']                                                             |
|  47 | Chicken Curry       |     12 | NULL                                                       |          1 |      4 | A short Blurb                  | 02:20:00 | 03:15:00 | ['d']                                                             |
|  48 | Chicken Curry       |     12 | NULL                                                       |          1 |      4 | A short Blurb                  | 02:20:00 | 03:15:00 | ['dd']                                                            |
|  49 | Chicken Curry       |     12 | NULL                                                       |          1 |      4 | A short Blurb                  | 02:20:00 | 03:15:00 | ['d']                                                             |
|  50 | Chicken Curry       |     12 | NULL                                                       |          1 |      4 | A short Blurb                  | 02:20:00 | 03:15:00 | ['d']                                                             |
|  51 | Chicken Curry       |     12 | NULL                                                       |          1 |      4 | A short Blurb                  | 02:20:00 | 03:15:00 | ['s']                                                             |
|  52 | Chicken Curry       |     12 | NULL                                                       |          1 |      4 | A short Blurb                  | 02:20:00 | 03:15:00 | ['d']                                                             |
|  53 | Chicken Curry       |     12 | NULL                                                       |          1 |      4 | A short Blurb                  | 02:20:00 | 03:15:00 | ['d']                                                             |
|  54 | Chicken Curry       |     12 | NULL                                                       |          1 |      4 | A short Blurb                  | 02:20:00 | 03:15:00 | ['d']                                                             |
|  55 | Chicken Curry       |     12 | NULL                                                       |          1 |      4 | A short Blurb                  | 02:20:00 | 03:15:00 | ['d']                                                             |
|  56 | Chicken Curry       |     12 | NULL                                                       |          1 |      4 | A short Blurb                  | 02:20:00 | 03:15:00 | ['d']                                                             |
|  57 | Chicken Curry       |     12 | NULL                                                       |          1 |      4 | A short Blurb                  | 02:20:00 | 03:15:00 | ['d']                                                             |
|  58 | Chicken Curry       |     12 | NULL                                                       |          1 |      4 | A short Blurb                  | 02:20:00 | 03:15:00 | ['d']                                                             |
|  59 | Chicken Curry       |     12 | NULL                                                       |          1 |      4 | A short Blurb                  | 02:20:00 | 03:15:00 | ['d']                                                             |
|  60 | Chicken Curry       |     12 | NULL                                                       |          1 |      4 | A short Blurb                  | 02:20:00 | 03:15:00 | ['ssa']                                                           |
|  61 | Chicken Curry       |     12 | NULL                                                       |          1 |      4 | A short Blurb                  | 02:20:00 | 03:15:00 | ['sss']                                                           |
|  62 | Chicken Curry       |     12 | NULL                                                       |          1 |      4 | A short Blurb                  | 02:20:00 | 03:15:00 | ['d']                                                             |
|  63 | Chicken Curry       |     12 | NULL                                                       |          1 |      4 | A short Blurb                  | 02:20:00 | 03:15:00 | ['Test Instructions']                                             |
|  64 | Chicken Curry       |     12 | NULL                                                       |          1 |      4 | A short Blurb                  | 02:20:00 | 03:15:00 | ['Test Instructions']                                             |
|  65 | Chicken Curry       |     12 | NULL                                                       |          1 |      4 | A short Blurb                  | 02:20:00 | 03:15:00 | ['Test Instructions']                                             |
|  66 | Chicken Curry       |     12 | NULL                                                       |          1 |      4 | A short Blurb                  | 02:20:00 | 03:15:00 | ['Test Instructions']                                             |
|  67 | Chicken Curry       |     12 | NULL                                                       |          1 |      4 | A short Blurb                  | 02:20:00 | 03:15:00 | ['Test Instructions']                                             |
|  68 | Chicken Curry       |     12 | NULL                                                       |          1 |      4 | A short Blurb                  | 02:20:00 | 03:15:00 | ['Test Instructions']                                             |
|  69 | Chicken Curry       |     12 | NULL                                                       |          1 |      4 | A short Blurb                  | 02:20:00 | 03:15:00 | ['Test Instructions']                                             |
|  70 | Beef Curry          |     12 | NULL                                                       |          1 |      4 | A short Blurb                  | 02:20:00 | 03:15:00 | ['Test Instructions']                                             |
|  71 | Chicken Curry       |     12 | NULL                                                       |          1 |      4 | A short Blurb                  | 02:20:00 | 03:15:00 | ['Test Instructions']                                             |
|  72 | Stew                |     12 | NULL                                                       |          1 |      4 | A short Blurb                  | 02:20:00 | 03:15:00 | ['Test Instructions']                                             |
|  73 | Chicken Curry       |     12 | NULL                                                       |          1 |      4 | A short Blurb                  | 02:20:00 | 03:15:00 | ['Test Instructions']                                             |
|  74 | Chicken Curry       |     12 | NULL                                                       |          1 |      4 | A short Blurb                  | 02:20:00 | 03:15:00 | ['Test Instructions']                                             |
|  75 | Chicken Curry       |     12 | NULL                                                       |          1 |      4 | A short Blurb                  | 02:20:00 | 03:15:00 | ['Test Instructions']                                             |
|  76 | Chicken Curry       |     12 | NULL                                                       |          1 |      4 | A short Blurb                  | 02:20:00 | 03:15:00 | ['Test Instructions']                                             |
|  77 | Chicken Curry       |     12 | NULL                                                       |          1 |      4 | A short Blurbd                 | 02:20:00 | 03:15:00 | ['Test Instructions']                                             |
|  78 | Chicken Curry       |     12 | NULL                                                       |          1 |      4 | A short Blurb                  | 02:20:00 | 03:15:00 | ['Test Instructions']                                             |
|  79 | Chicken Curry       |     12 | NULL                                                       |          1 |      4 | A short Blurb                  | 02:20:00 | 03:15:00 | ['Test Instructions']                                             |
|  80 | Chicken Curry       |     12 | NULL                                                       |          1 |      4 | A short Blurb                  | 02:20:00 | 03:15:00 | ['Test Instructions']                                             |
|  81 | Chicken Curry       |     12 | NULL                                                       |          1 |      4 | A short Blurb                  | 02:20:00 | 03:15:00 | ['Test Instructions']                                             |
|  82 | Chicken Curry       |     12 | NULL                                                       |          1 |      4 | A short Blurb                  | 02:20:00 | 03:15:00 | ['Test Instructions']                                             |
|  83 | Chicken Curry       |     12 | NULL                                                       |          1 |      4 | A short Blurb                  | 02:20:00 | 03:15:00 | ['Test Instructions']                                             |
|  84 | Chicken Curry       |     12 | NULL                                                       |          1 |      4 | A short Blurb                  | 02:20:00 | 03:15:00 | ['Test Instructions']                                             |
|  85 | Chicken Curry       |     12 | NULL                                                       |          1 |      4 | A short Blurb                  | 02:20:00 | 03:15:00 | ['Test Instructions']                                             |
|  86 | Chicken Stew        |     12 | NULL                                                       |          1 |      4 | A short Blurb                  | 02:20:00 | 03:15:00 | ['Test Instructions']                                             |
|  87 | Chicken Curry       |     12 | NULL                                                       |          1 |      4 | A short Blurb                  | 02:20:00 | 03:15:00 | ['Test Instructions']                                             |
|  88 | Chicken Salad       |     12 | NULL                                                       |          1 |      4 | A short Blurb                  | 02:20:00 | 03:15:00 | ['Test Instructions']                                             |
|  89 | Lamb Curry          |     12 | NULL                                                       |          1 |      4 | A short Blurb                  | 02:20:00 | 03:15:00 | ['Test Instructions']                                             |
|  90 | Chicken Curry       |     12 | NULL                                                       |          1 |      4 | A short Blurb                  | 02:20:00 | 03:15:00 | ['Test Instructions']                                             |
|  91 | Chicken Curry       |     12 | NULL                                                       |          1 |      4 | A short Blurb                  | 02:20:00 | 03:15:00 | ['Test Instructions']                                             |
|  92 | Chicken Curry       |     12 | NULL                                                       |          1 |      4 | A short Blurb                  | 02:20:00 | 03:15:00 | ['Test Instructions']                                             |
|  93 | Chicken Curry       |     12 | NULL                                                       |          1 |      4 | A short Blurb                  | 02:20:00 | 03:15:00 | ['Test Instructions']                                             |
|  94 | Chicken Curry       |     12 | NULL                                                       |          1 |      4 | A short Blurb                  | 02:20:00 | 03:15:00 | ['Test Instructions']                                             |
|  95 | Chicken Curry       |     12 | NULL                                                       |          1 |      4 | A short Blurb                  | 02:20:00 | 03:15:00 | ['Test Instructions']                                             |
|  96 | Chicken Curry       |     12 | NULL                                                       |          1 |      4 | A short Blurb                  | 02:20:00 | 03:15:00 | ['Test Instructions']                                             |
|  97 | Chicken Curry       |     12 | NULL                                                       |          1 |      4 | A short Blurb                  | 02:20:00 | 03:15:00 | ['Test Instructions']                                             |
|  98 | Chicken Curry       |     12 | NULL                                                       |          1 |      4 | A short Blurb                  | 02:20:00 | 03:15:00 | ['Test Instructions']                                             |
|  99 | Chicken Curry       |     12 | NULL                                                       |          1 |      4 | A short Blurb                  | 02:20:00 | 03:15:00 | ['Test Instructions']                                             |
| 100 | Chicken Curry       |     12 | NULL                                                       |          1 |      4 | A short Blurb                  | 02:20:00 | 03:15:00 | ['Test Instructions']                                             |
| 101 | Chicken Curry       |     12 | NULL                                                       |          1 |      4 | A short Blurb                  | 02:20:00 | 03:15:00 | ['Test Instructions']                                             |
| 102 | Chicken Curry       |     12 | NULL                                                       |          1 |      4 | A short Blurb                  | 02:20:00 | 03:15:00 | ['Test Instructions']                                             |
| 103 | Chicken Curry       |    123 | NULL                                                       |          1 |      4 | A short Blurb                  | 02:20:00 | 03:15:00 | ['Test Instructions', 'Second Instruction', 'Third Instruction '] |
| 104 | Beef Curry          |    123 | NULL                                                       |          1 |      4 | A short Blurb                  | 02:20:00 | 03:15:00 | ['Test Instructions', 'Another Instruction ', 'And a third']      |
+-----+---------------------+--------+------------------------------------------------------------+------------+--------+--------------------------------+----------+----------+-------------------------------------------------------------------+
101 rows in set (0.00 sec)

mysql> SELECT * From Recipes ORDER BY Id DESC LIMIT 5; 
+-----+---------------+--------+-------+------------+--------+---------------+----------+----------+-------------------------------------------------------------------------+
| Id  | Name          | UserId | Image | Difficulty | Serves | Blurb         | PrepTime | CookTime | Instructions                                                            |
+-----+---------------+--------+-------+------------+--------+---------------+----------+----------+-------------------------------------------------------------------------+
| 105 | Chicken Curry |     12 | NULL  |          1 |      4 | A short Blurb | 02:20:00 | 03:15:00 | ['Test Instructions', 'Second Instruction ', 'And a third Instruction'] |
| 104 | Beef Curry    |    123 | NULL  |          1 |      4 | A short Blurb | 02:20:00 | 03:15:00 | ['Test Instructions', 'Another Instruction ', 'And a third']            |
| 103 | Chicken Curry |    123 | NULL  |          1 |      4 | A short Blurb | 02:20:00 | 03:15:00 | ['Test Instructions', 'Second Instruction', 'Third Instruction ']       |
| 102 | Chicken Curry |     12 | NULL  |          1 |      4 | A short Blurb | 02:20:00 | 03:15:00 | ['Test Instructions']                                                   |
| 101 | Chicken Curry |     12 | NULL  |          1 |      4 | A short Blurb | 02:20:00 | 03:15:00 | ['Test Instructions']                                                   |
+-----+---------------+--------+-------+------------+--------+---------------+----------+----------+-------------------------------------------------------------------------+
5 rows in set (0.00 sec)

mysql> git add . 
    -> g;
ERROR 1064 (42000): You have an error in your SQL syntax; check the manual that corresponds to your MySQL server version for the right syntax to use near 'git add . 
g' at line 1
mysql> describe UserRatings;
ERROR 1146 (42S02): Table 'milestoneProjectFour.UserRatings' doesn't exist
mysql> show tables;
+--------------------------------+
| Tables_in_milestoneProjectFour |
+--------------------------------+
| Categories                     |
| Ingredients                    |
| RecipeCategories               |
| RecipeCreators                 |
| RecipeIngredients              |
| Recipes                        |
| Reviews                        |
| UserFavourites                 |
| Users                          |
+--------------------------------+
9 rows in set (0.00 sec)

mysql> describe Reviews;
+----------+------------+------+-----+---------+-------+
| Field    | Type       | Null | Key | Default | Extra |
+----------+------------+------+-----+---------+-------+
| UserId   | int(11)    | NO   | MUL | NULL    |       |
| RecipeId | int(11)    | NO   | MUL | NULL    |       |
| Score    | tinyint(4) | NO   |     | NULL    |       |
+----------+------------+------+-----+---------+-------+
3 rows in set (0.00 sec)

mysql> INSERT INTO Reviews (UserId, RecipeId, Score) VALUES ("12", "105" , "5");
Query OK, 1 row affected (0.01 sec)

mysql> INSERT INTO Reviews (UserId, RecipeId, Score) VALUES ("11", "105" , "3");
ERROR 1452 (23000): Cannot add or update a child row: a foreign key constraint fails (`milestoneProjectFour`.`Reviews`, CONSTRAINT `Reviews_ibfk_1` FOREIGN KEY (`UserId`) REFERENCES `Users` (`Id`))
mysql> SELECT * FROM Users;
+----+-------------------------------------------------------------------------------+-----------------+
| Id | Password                                                                      | Username        |
+----+-------------------------------------------------------------------------------+-----------------+
| 12 | $5$rounds=535000$x4Sx2EEpC.FdzyQl$Lc3JN8Nhge7L0iN1Sdu8ydp52z5JyFuxohUXv4RXe.C | Paddywc         |
| 13 | $5$rounds=535000$if3SgeyN3T4BeeaK$UF0lq6NuRYTwlzUvtcaWyZZcvLLYH9CjtUpwQpo/rl6 | Cremen          |
| 14 | $5$rounds=535000$pZbmynuFWWyMfG8t$oPbvG4ZaMaKuulxkjNnO6XbpMpaCnAy1.TAjJotAaxB | Patrick         |
| 15 | $5$rounds=535000$2zu7YJqsHbdweh4o$lHMJxAdnE9GjTROUS3OkioOj5pe8haxpFF3VfoM9FJ0 | Unique Username |
+----+-------------------------------------------------------------------------------+-----------------+
4 rows in set (0.00 sec)

mysql> INSERT INTO Reviews (UserId, RecipeId, Score) VALUES ("14", "105" , "3");
Query OK, 1 row affected (0.00 sec)

mysql> INSERT INTO Reviews (UserId, RecipeId, Score) VALUES ("15", "105" , "5");
Query OK, 1 row affected (0.01 sec)

mysql> SELECT * FROM Reviews;
+--------+----------+-------+
| UserId | RecipeId | Score |
+--------+----------+-------+
|     12 |      105 |     5 |
|     14 |      105 |     3 |
|     15 |      105 |     5 |
+--------+----------+-------+
3 rows in set (0.00 sec)

mysql> SELECT * FROM RecipeCategories;
+----------+------------+
| RecipeId | CategoryId |
+----------+------------+
|      101 |         24 |
|      102 |         24 |
|      102 |          7 |
|      102 |         47 |
|      103 |          9 |
|      103 |         22 |
|      104 |         16 |
|      104 |         48 |
|      104 |         19 |
|      105 |          9 |
|      105 |         22 |
|      105 |         49 |
|      106 |          2 |
|      106 |          4 |
|      106 |          5 |
|      107 |          2 |
|      108 |          2 |
|      109 |          6 |
|      110 |          2 |
|      110 |         10 |
|      111 |          2 |
|      112 |          2 |
|      113 |          2 |
|      114 |         50 |
|      115 |         24 |
|      116 |         24 |
|      117 |         24 |
|      118 |         24 |
|      119 |         24 |
|      120 |         24 |
|      121 |          2 |
|      122 |          2 |
|      122 |         21 |
|      123 |          4 |
|      123 |         10 |
+----------+------------+
35 rows in set (0.00 sec)

mysql> SELECT * FROM Categories; 
+----+-----------------+
| Id | Name            |
+----+-----------------+
|  1 | Healthy         |
|  2 | Family and Kids |
|  3 | Cakes & Baking  |
|  4 | Cuisines        |
|  5 | Events          |
|  6 | Everyday        |
|  7 | Seasonal        |
|  8 | Special Diets   |
|  9 | Vegetarian      |
| 10 | Breakfast       |
| 11 | Starter         |
| 12 | Main Course     |
| 13 | Desert          |
| 14 | Dinner          |
| 15 | Soup            |
| 16 | Indian          |
| 17 | Chinese         |
| 18 | Thai            |
| 19 | Asian           |
| 20 | Italian         |
| 21 | French          |
| 22 | Spanish         |
| 23 | European        |
| 24 | Mexican         |
| 25 | Latin American  |
| 26 | African         |
| 27 | American        |
| 28 | Australian      |
| 29 | British         |
| 30 | Irish           |
| 32 | Jewish          |
| 47 | Christmas       |
| 48 | Spicy           |
| 49 | Curry           |
| 50 | Sweet           |
+----+-----------------+
35 rows in set (0.00 sec)

mysql> SELECT * FROM Recipes;
+-----+---------------+--------+------------+--------+---------------+----------+----------+-------------------------------------------------------------------------+-------------------+
| Id  | Name          | UserId | Difficulty | Serves | Blurb         | PrepTime | CookTime | Instructions                                                            | ImageName         |
+-----+---------------+--------+------------+--------+---------------+----------+----------+-------------------------------------------------------------------------+-------------------+
| 101 | Chicken Curry |     12 |          1 |      4 | A short Blurb | 02:20:00 | 03:15:00 | ['Test Instructions']                                                   | NULL              |
| 102 | Chicken Curry |     12 |          1 |      4 | A short Blurb | 02:20:00 | 03:15:00 | ['Test Instructions']                                                   | NULL              |
| 103 | Chicken Curry |    123 |          1 |      4 | A short Blurb | 02:20:00 | 03:15:00 | ['Test Instructions', 'Second Instruction', 'Third Instruction ']       | NULL              |
| 104 | Beef Curry    |    123 |          1 |      4 | A short Blurb | 02:20:00 | 03:15:00 | ['Test Instructions', 'Another Instruction ', 'And a third']            | NULL              |
| 105 | Chicken Curry |     12 |          1 |      4 | A short Blurb | 02:20:00 | 03:15:00 | ['Test Instructions', 'Second Instruction ', 'And a third Instruction'] | NULL              |
| 106 | Roast Pork    |      0 |          1 |      4 | A short Blurb | 01:20:00 | 01:20:00 | ['Test Instructions', 'Second instruction']                             | NULL              |
| 107 | Chicken Curry |      0 |          1 |      4 | A short Blurb | 02:20:00 | 03:15:00 | ['Test Instructions']                                                   | NULL              |
| 108 | Chicken Curry |      0 |          1 |      4 | A short Blurb | 02:20:00 | 03:15:00 | ['Test Instructions']                                                   | NULL              |
| 109 | Chicken Curry |     13 |          1 |      4 | A short Blurb | 02:20:00 | 03:15:00 | ['Test Instructions']                                                   | NULL              |
| 110 | Chicken Sambo |     13 |          2 |      4 | A short Blurb | 02:20:00 | 03:15:00 | ['Test Instructions']                                                   | NULL              |
| 111 | Chicken Curry |     13 |          1 |      4 | A short Blurb | 02:20:00 | 03:15:00 | ['Test Instructions']                                                   | NULL              |
| 112 | Chicken Curry |     13 |          1 |      4 | A short Blurb | 02:20:00 | 03:15:00 | ['Test Instructions']                                                   | NULL              |
| 113 | Chicken Curry |     13 |          1 |      4 | A short Blurb | 02:20:00 | 03:15:00 | ['Test Instructions']                                                   | NULL              |
| 114 | Chicken Curry |     13 |          1 |      4 | A short Blurb | 02:20:00 | 03:15:00 | ['Test Instructions']                                                   | NULL              |
| 115 | Chicken Curry |     13 |          1 |      4 | A short Blurb | 02:20:00 | 03:15:00 | ['Test Instructions']                                                   | NULL              |
| 116 | Chicken Curry |     13 |          1 |      4 | A short Blurb | 02:20:00 | 03:15:00 | ['Test Instructions']                                                   | NULL              |
| 117 | Chicken Curry |     13 |          1 |      4 | A short Blurb | 02:20:00 | 03:15:00 | ['Test Instructions']                                                   | NULL              |
| 118 | Chicken Curry |     13 |          1 |      4 | A short Blurb | 02:20:00 | 03:15:00 | ['Test Instructions']                                                   | NULL              |
| 119 | Chicken Curry |     13 |          1 |      4 | A short Blurb | 02:20:00 | 03:15:00 | ['Test Instructions']                                                   | 788Visa_photo.jpg |
| 120 | Chicken Curry |     13 |          1 |      4 | A short Blurb | 02:20:00 | 03:15:00 | ['Test Instructions']                                                   | NULL              |
| 121 | Pizza         |     14 |          1 |      4 | A short Blurb | 02:20:00 | 03:15:00 | ['Test Instructions']                                                   | NULL              |
| 122 | Salad         |     12 |          1 |      4 | A short Blurb | 02:20:00 | 03:15:00 | ['Test Instructions']                                                   | NULL              |
| 123 | Beef Curry    |     12 |          0 |      4 | A short Blurb | 02:25:00 | 02:10:00 | ['Test Instructions']                                                   | NULL              |
+-----+---------------+--------+------------+--------+---------------+----------+----------+-------------------------------------------------------------------------+-------------------+
23 rows in set (0.00 sec)

mysql> SELECT * FROM RecipeCategories;
+----------+------------+
| RecipeId | CategoryId |
+----------+------------+
|      101 |         24 |
|      102 |         24 |
|      102 |          7 |
|      102 |         47 |
|      103 |          9 |
|      103 |         22 |
|      104 |         16 |
|      104 |         48 |
|      104 |         19 |
|      105 |          9 |
|      105 |         22 |
|      105 |         49 |
|      106 |          2 |
|      106 |          4 |
|      106 |          5 |
|      107 |          2 |
|      108 |          2 |
|      109 |          6 |
|      110 |          2 |
|      110 |         10 |
|      111 |          2 |
|      112 |          2 |
|      113 |          2 |
|      114 |         50 |
|      115 |         24 |
|      116 |         24 |
|      117 |         24 |
|      118 |         24 |
|      119 |         24 |
|      120 |         24 |
|      121 |          2 |
|      122 |          2 |
|      122 |         21 |
|      123 |          4 |
|      123 |         10 |
+----------+------------+
35 rows in set (0.00 sec)

mysql> show tables;
+--------------------------------+
| Tables_in_milestoneProjectFour |
+--------------------------------+
| Categories                     |
| Ingredients                    |
| RecipeCategories               |
| RecipeCreators                 |
| RecipeIngredients              |
| Recipes                        |
| Reviews                        |
| UserFavourites                 |
| Users                          |
+--------------------------------+
9 rows in set (0.00 sec)

mysql> describe Reviews;
+----------+------------+------+-----+---------+-------+
| Field    | Type       | Null | Key | Default | Extra |
+----------+------------+------+-----+---------+-------+
| UserId   | int(11)    | NO   | MUL | NULL    |       |
| RecipeId | int(11)    | NO   | MUL | NULL    |       |
| Score    | tinyint(4) | NO   |     | NULL    |       |
+----------+------------+------+-----+---------+-------+
3 rows in set (0.01 sec)

mysql> SELECT * FROM Reviews;
+--------+----------+-------+
| UserId | RecipeId | Score |
+--------+----------+-------+
|     12 |      111 |     2 |
|     12 |      103 |     2 |
|     12 |      103 |     5 |
|     12 |      105 |     4 |
|     12 |      107 |     5 |
|     12 |      114 |     5 |
|     12 |      120 |     1 |
|     12 |      119 |     4 |
|     12 |      119 |     3 |
|     12 |      111 |     1 |
|     12 |      102 |     5 |
|     12 |      104 |     2 |
|     12 |      102 |     1 |
|     12 |      103 |     3 |
|     12 |      109 |     5 |
|     12 |      120 |     5 |
|     12 |      112 |     2 |
|     12 |      111 |     3 |
|     12 |      118 |     4 |
|     12 |      119 |     2 |
|     12 |      111 |     2 |
|     12 |      107 |     4 |
|     12 |      108 |     4 |
|     12 |      110 |     2 |
|     12 |      105 |     5 |
|     12 |      119 |     4 |
|     12 |      116 |     2 |
|     12 |      103 |     2 |
|     12 |      101 |     5 |
|     12 |      120 |     4 |
|     12 |      111 |     3 |
|     12 |      119 |     3 |
|     12 |      109 |     2 |
|     12 |      110 |     1 |
|     12 |      106 |     1 |
|     12 |      118 |     5 |
|     12 |      102 |     5 |
|     12 |      118 |     2 |
|     12 |      108 |     5 |
|     12 |      103 |     5 |
|     12 |      103 |     5 |
|     12 |      107 |     4 |
|     12 |      118 |     3 |
|     12 |      115 |     1 |
|     12 |      120 |     3 |
|     12 |      101 |     1 |
|     12 |      105 |     4 |
|     12 |      101 |     5 |
|     12 |      107 |     2 |
|     12 |      108 |     4 |
|     12 |      106 |     2 |
|     12 |      111 |     1 |
|     12 |      109 |     5 |
|     12 |      112 |     4 |
|     12 |      114 |     2 |
|     12 |      107 |     1 |
|     12 |      106 |     3 |
|     12 |      112 |     1 |
|     12 |      108 |     4 |
|     12 |      111 |     3 |
|     12 |      120 |     3 |
|     12 |      101 |     2 |
|     12 |      106 |     3 |
|     12 |      101 |     2 |
|     12 |      118 |     2 |
|     12 |      110 |     1 |
|     12 |      101 |     2 |
|     12 |      121 |     3 |
|     12 |      115 |     5 |
|     12 |      103 |     4 |
|     12 |      107 |     4 |
|     12 |      118 |     1 |
|     12 |      116 |     1 |
|     12 |      114 |     4 |
|     12 |      115 |     3 |
|     12 |      118 |     5 |
|     12 |      117 |     2 |
|     12 |      101 |     1 |
|     12 |      105 |     1 |
|     12 |      102 |     3 |
|     12 |      105 |     4 |
|     12 |      107 |     1 |
|     12 |      110 |     5 |
|     12 |      106 |     5 |
|     12 |      115 |     5 |
|     12 |      101 |     3 |
|     12 |      116 |     5 |
|     12 |      101 |     4 |
|     12 |      104 |     1 |
|     12 |      115 |     1 |
|     12 |      115 |     2 |
|     12 |      109 |     5 |
|     12 |      115 |     4 |
|     12 |      104 |     1 |
|     12 |      112 |     3 |
|     12 |      102 |     3 |
|     12 |      107 |     5 |
|     12 |      105 |     3 |
|     12 |      120 |     5 |
|     12 |      111 |     3 |
|     12 |      106 |     5 |
|     12 |      116 |     2 |
|     12 |      119 |     4 |
|     12 |      108 |     4 |
|     12 |      117 |     3 |
|     12 |      111 |     4 |
|     12 |      104 |     3 |
|     12 |      110 |     5 |
|     12 |      114 |     5 |
|     12 |      105 |     4 |
|     12 |      117 |     5 |
|     12 |      118 |     5 |
|     12 |      120 |     5 |
|     12 |      107 |     5 |
|     12 |      103 |     2 |
|     12 |      114 |     3 |
|     12 |      112 |     3 |
|     12 |      106 |     4 |
|     12 |      117 |     3 |
|     12 |      110 |     5 |
|     12 |      102 |     4 |
|     12 |      111 |     1 |
|     12 |      115 |     1 |
|     12 |      114 |     4 |
|     12 |      106 |     1 |
|     12 |      114 |     3 |
|     12 |      117 |     2 |
|     12 |      115 |     5 |
|     12 |      117 |     5 |
|     12 |      105 |     4 |
|     12 |      104 |     3 |
|     12 |      103 |     3 |
|     12 |      102 |     3 |
|     12 |      117 |     2 |
|     12 |      110 |     1 |
|     12 |      111 |     3 |
|     12 |      113 |     5 |
|     12 |      121 |     5 |
|     12 |      109 |     4 |
|     12 |      114 |     3 |
|     12 |      116 |     1 |
|     12 |      104 |     4 |
|     12 |      108 |     4 |
|     12 |      103 |     1 |
|     12 |      110 |     2 |
|     12 |      105 |     5 |
|     12 |      101 |     4 |
|     12 |      102 |     3 |
|     12 |      104 |     5 |
|     12 |      119 |     3 |
|     12 |      115 |     4 |
|     12 |      106 |     1 |
|     12 |      108 |     4 |
|     12 |      117 |     1 |
|     12 |      119 |     4 |
|     12 |      104 |     1 |
|     12 |      118 |     5 |
|     12 |      116 |     3 |
|     12 |      119 |     2 |
|     12 |      101 |     3 |
|     12 |      101 |     1 |
|     12 |      106 |     2 |
|     12 |      110 |     4 |
|     12 |      117 |     3 |
|     12 |      103 |     1 |
|     12 |      105 |     1 |
|     12 |      116 |     5 |
|     12 |      114 |     1 |
|     12 |      110 |     1 |
|     12 |      118 |     5 |
|     12 |      120 |     3 |
|     12 |      116 |     1 |
|     12 |      107 |     3 |
|     12 |      119 |     3 |
|     12 |      117 |     2 |
|     12 |      104 |     5 |
|     12 |      116 |     3 |
|     12 |      103 |     3 |
|     12 |      114 |     1 |
|     12 |      115 |     5 |
|     12 |      103 |     1 |
|     12 |      116 |     1 |
|     12 |      101 |     1 |
|     12 |      106 |     5 |
|     12 |      108 |     2 |
|     12 |      101 |     1 |
|     12 |      109 |     3 |
|     12 |      116 |     5 |
|     12 |      105 |     2 |
|     12 |      121 |     2 |
|     12 |      108 |     5 |
|     12 |      116 |     1 |
|     12 |      102 |     1 |
|     12 |      114 |     1 |
|     12 |      113 |     5 |
|     12 |      110 |     4 |
|     12 |      118 |     3 |
|     12 |      112 |     5 |
|     12 |      115 |     2 |
|     12 |      106 |     4 |
|     12 |      112 |     4 |
|     12 |      120 |     3 |
|     12 |      115 |     5 |
|     12 |      120 |     2 |
|     12 |      106 |     4 |
|     12 |      115 |     4 |
|     12 |      107 |     5 |
|     12 |      102 |     5 |
|     12 |      110 |     3 |
|     12 |      109 |     4 |
|     12 |      119 |     2 |
|     12 |      118 |     5 |
|     12 |      107 |     2 |
|     12 |      108 |     3 |
|     12 |      118 |     3 |
|     12 |      109 |     1 |
|     12 |      114 |     1 |
|     12 |      103 |     4 |
|     12 |      120 |     4 |
|     12 |      120 |     3 |
|     12 |      105 |     5 |
|     12 |      113 |     1 |
|     12 |      112 |     2 |
|     12 |      110 |     4 |
|     12 |      103 |     4 |
|     12 |      105 |     2 |
|     12 |      111 |     3 |
|     12 |      101 |     2 |
|     12 |      103 |     1 |
|     12 |      107 |     1 |
|     12 |      115 |     4 |
|     12 |      118 |     5 |
|     12 |      117 |     3 |
|     12 |      118 |     3 |
|     12 |      109 |     2 |
|     12 |      116 |     1 |
|     12 |      102 |     4 |
|     12 |      109 |     2 |
|     12 |      116 |     1 |
|     12 |      108 |     1 |
|     12 |      105 |     3 |
|     12 |      104 |     3 |
|     12 |      112 |     5 |
|     12 |      116 |     2 |
|     12 |      121 |     2 |
|     12 |      101 |     1 |
|     12 |      113 |     4 |
|     12 |      101 |     1 |
|     12 |      104 |     2 |
|     12 |      111 |     4 |
|     12 |      108 |     2 |
|     12 |      102 |     2 |
|     12 |      115 |     5 |
|     12 |      119 |     1 |
|     12 |      110 |     3 |
|     12 |      119 |     2 |
|     12 |      109 |     3 |
|     12 |      108 |     1 |
|     12 |      118 |     2 |
|     12 |      117 |     4 |
|     12 |      115 |     5 |
|     12 |      107 |     2 |
|     12 |      107 |     2 |
|     12 |      105 |     4 |
|     12 |      108 |     4 |
|     12 |      105 |     5 |
|     12 |      101 |     2 |
|     12 |      119 |     3 |
|     12 |      117 |     4 |
|     12 |      104 |     3 |
|     12 |      112 |     5 |
|     12 |      118 |     4 |
|     12 |      116 |     2 |
|     12 |      111 |     2 |
|     12 |      101 |     3 |
|     12 |      113 |     5 |
|     12 |      112 |     1 |
|     12 |      112 |     1 |
|     12 |      113 |     4 |
|     12 |      113 |     5 |
|     12 |      107 |     3 |
|     12 |      116 |     3 |
|     12 |      111 |     2 |
|     12 |      112 |     4 |
|     12 |      103 |     4 |
|     12 |      105 |     3 |
|     12 |      113 |     1 |
|     12 |      108 |     1 |
|     12 |      115 |     1 |
|     12 |      101 |     2 |
|     12 |      115 |     4 |
|     12 |      112 |     1 |
|     12 |      119 |     2 |
|     12 |      119 |     5 |
|     12 |      116 |     3 |
|     12 |      120 |     4 |
|     12 |      116 |     4 |
|     12 |      108 |     1 |
|     12 |      120 |     4 |
|     12 |      120 |     1 |
|     12 |      112 |     4 |
|     12 |      113 |     1 |
|     12 |      112 |     5 |
|     12 |      102 |     2 |
|     12 |      116 |     3 |
|     12 |      101 |     3 |
|     12 |      107 |     1 |
|     12 |      106 |     2 |
|     12 |      110 |     2 |
|     12 |      104 |     1 |
|     12 |      107 |     4 |
|     12 |      107 |     1 |
|     12 |      117 |     5 |
|     12 |      107 |     4 |
|     12 |      110 |     2 |
|     12 |      103 |     1 |
|     12 |      118 |     3 |
|     12 |      120 |     2 |
|     12 |      112 |     5 |
|     12 |      102 |     2 |
|     12 |      116 |     1 |
|     12 |      116 |     4 |
|     12 |      101 |     3 |
|     12 |      120 |     1 |
|     12 |      116 |     2 |
|     12 |      105 |     1 |
|     12 |      116 |     4 |
|     12 |      119 |     1 |
|     12 |      105 |     5 |
|     12 |      114 |     2 |
|     12 |      119 |     3 |
|     12 |      110 |     2 |
|     12 |      118 |     1 |
|     12 |      110 |     1 |
|     12 |      121 |     1 |
|     12 |      108 |     4 |
|     12 |      101 |     5 |
|     12 |      118 |     4 |
|     12 |      113 |     1 |
|     12 |      108 |     3 |
|     12 |      121 |     1 |
|     12 |      103 |     4 |
|     12 |      118 |     5 |
|     12 |      110 |     1 |
|     12 |      121 |     5 |
|     12 |      116 |     3 |
|     12 |      121 |     3 |
|     12 |      120 |     4 |
|     12 |      121 |     1 |
|     12 |      102 |     5 |
|     12 |      116 |     1 |
|     12 |      108 |     5 |
|     12 |      118 |     3 |
|     12 |      117 |     1 |
|     12 |      108 |     4 |
|     12 |      106 |     4 |
|     12 |      106 |     4 |
|     12 |      117 |     3 |
|     13 |      120 |     0 |
|     13 |      116 |     0 |
|     13 |      116 |     0 |
|     13 |      120 |     0 |
|     13 |      121 |     0 |
|     13 |      119 |     0 |
|     13 |      120 |     0 |
|     13 |      116 |     0 |
|     13 |      120 |     0 |
|     13 |      119 |     0 |
|     13 |      115 |     0 |
|     13 |      120 |     0 |
|     13 |      119 |     0 |
|     13 |      116 |     0 |
|     13 |      118 |     0 |
|     13 |      118 |     0 |
|     13 |      115 |     0 |
|     13 |      115 |     0 |
|     13 |      118 |     0 |
|     13 |      117 |     0 |
|     13 |      117 |     0 |
|     13 |      121 |     0 |
|     13 |      118 |     0 |
|     13 |      117 |     0 |
|     13 |      118 |     0 |
|     13 |      117 |     0 |
|     13 |      119 |     0 |
|     13 |      117 |     0 |
|     13 |      120 |     0 |
|     13 |      119 |     0 |
|     13 |      120 |     0 |
|     13 |      119 |     0 |
|     13 |      120 |     0 |
|     13 |      116 |     0 |
|     13 |      121 |     0 |
|     13 |      119 |     0 |
|     13 |      118 |     0 |
|     13 |      121 |     0 |
|     13 |      117 |     0 |
|     13 |      121 |     0 |
|     13 |      117 |     0 |
|     13 |      120 |     0 |
|     13 |      118 |     0 |
|     13 |      120 |     0 |
|     13 |      115 |     0 |
|     13 |      115 |     0 |
|     13 |      115 |     0 |
|     13 |      118 |     0 |
|     13 |      119 |     0 |
|     13 |      116 |     0 |
|     13 |      116 |     0 |
|     13 |      118 |     0 |
|     13 |      121 |     0 |
|     13 |      116 |     0 |
|     13 |      120 |     0 |
|     13 |      115 |     0 |
|     13 |      118 |     0 |
|     13 |      120 |     0 |
|     13 |      119 |     0 |
|     13 |      119 |     0 |
|     13 |      115 |     0 |
|     13 |      119 |     0 |
|     13 |      119 |     0 |
|     13 |      115 |     0 |
|     13 |      117 |     0 |
|     13 |      121 |     0 |
|     13 |      118 |     0 |
|     13 |      120 |     0 |
|     13 |      118 |     0 |
|     13 |      117 |     0 |
|     13 |      119 |     0 |
|     13 |      117 |     0 |
|     13 |      115 |     0 |
|     13 |      119 |     0 |
|     13 |      116 |     0 |
|     13 |      121 |     0 |
|     13 |      116 |     0 |
|     13 |      119 |     0 |
|     13 |      119 |     0 |
|     13 |      117 |     0 |
|     13 |      116 |     0 |
|     13 |      119 |     0 |
|     13 |      119 |     0 |
|     13 |      115 |     0 |
|     13 |      118 |     0 |
|     13 |      121 |     0 |
|     13 |      120 |     0 |
|     13 |      121 |     0 |
|     13 |      119 |     0 |
|     13 |      117 |     0 |
|     13 |      117 |     0 |
|     13 |      120 |     0 |
|     13 |      121 |     0 |
|     13 |      117 |     0 |
|     13 |      116 |     0 |
|     13 |      119 |     0 |
|     13 |      119 |     0 |
|     13 |      116 |     0 |
|     13 |      119 |     0 |
|     13 |      119 |     0 |
|     13 |      113 |     4 |
|     13 |      112 |     4 |
|     13 |      113 |     4 |
|     13 |      114 |     4 |
|     13 |      114 |     4 |
|     13 |      113 |     4 |
|     13 |      114 |     4 |
|     13 |      111 |     4 |
|     13 |      113 |     4 |
|     13 |      113 |     4 |
|     13 |      111 |     4 |
|     13 |      113 |     4 |
|     13 |      111 |     4 |
|     13 |      111 |     4 |
|     13 |      113 |     4 |
|     13 |      111 |     4 |
|     13 |      113 |     4 |
|     13 |      114 |     4 |
|     13 |      113 |     4 |
|     13 |      114 |     4 |
|     13 |      114 |     4 |
|     13 |      113 |     4 |
|     13 |      112 |     4 |
|     13 |      111 |     4 |
|     13 |      112 |     4 |
|     13 |      113 |     4 |
|     13 |      111 |     4 |
|     13 |      111 |     4 |
|     13 |      114 |     4 |
|     13 |      114 |     4 |
|     13 |      111 |     4 |
|     13 |      114 |     4 |
|     13 |      111 |     4 |
|     13 |      114 |     4 |
|     13 |      111 |     4 |
|     13 |      112 |     4 |
|     13 |      114 |     4 |
|     13 |      112 |     4 |
|     13 |      111 |     4 |
|     13 |      112 |     4 |
|     13 |      112 |     4 |
|     13 |      114 |     4 |
|     13 |      112 |     4 |
|     13 |      113 |     4 |
|     13 |      114 |     4 |
|     13 |      114 |     4 |
|     13 |      112 |     4 |
|     13 |      112 |     4 |
|     13 |      112 |     4 |
|     13 |      113 |     4 |
|     13 |      114 |     4 |
|     13 |      113 |     4 |
|     13 |      112 |     4 |
|     13 |      113 |     4 |
|     13 |      112 |     4 |
|     13 |      114 |     4 |
|     13 |      112 |     4 |
|     13 |      114 |     4 |
|     13 |      113 |     4 |
|     13 |      113 |     4 |
|     13 |      114 |     4 |
|     13 |      112 |     4 |
|     13 |      113 |     4 |
|     13 |      111 |     4 |
|     13 |      111 |     4 |
|     13 |      111 |     4 |
|     13 |      114 |     4 |
|     13 |      112 |     4 |
|     13 |      111 |     4 |
|     13 |      111 |     4 |
|     13 |      111 |     4 |
|     13 |      112 |     4 |
|     13 |      112 |     4 |
|     13 |      111 |     4 |
|     13 |      114 |     4 |
|     13 |      113 |     4 |
|     13 |      111 |     4 |
|     13 |      112 |     4 |
|     13 |      114 |     4 |
|     13 |      113 |     4 |
|     13 |      111 |     4 |
|     13 |      111 |     4 |
|     13 |      112 |     4 |
|     13 |      113 |     4 |
|     13 |      114 |     4 |
|     13 |      114 |     4 |
|     13 |      114 |     4 |
|     13 |      114 |     4 |
|     13 |      114 |     4 |
|     13 |      114 |     4 |
|     13 |      113 |     4 |
|     13 |      112 |     4 |
|     13 |      114 |     4 |
|     13 |      111 |     4 |
|     13 |      112 |     4 |
|     13 |      113 |     4 |
|     13 |      112 |     4 |
|     13 |      113 |     4 |
|     13 |      111 |     4 |
|     13 |      114 |     4 |
|     13 |      112 |     4 |
|     13 |      113 |     4 |
|     13 |      112 |     4 |
|     13 |      111 |     4 |
|     13 |      112 |     4 |
|     13 |      111 |     4 |
|     13 |      111 |     4 |
|     13 |      114 |     4 |
|     13 |      111 |     4 |
|     13 |      112 |     4 |
|     13 |      113 |     4 |
|     13 |      112 |     4 |
|     13 |      112 |     4 |
|     13 |      112 |     4 |
|     13 |      111 |     4 |
|     13 |      114 |     4 |
|     13 |      112 |     4 |
|     13 |      112 |     4 |
|     13 |      114 |     4 |
|     13 |      114 |     4 |
|     13 |      111 |     4 |
|     13 |      112 |     4 |
|     13 |      112 |     4 |
|     13 |      111 |     4 |
|     13 |      112 |     4 |
|     13 |      112 |     4 |
|     13 |      113 |     4 |
|     13 |      112 |     4 |
|     13 |      111 |     4 |
|     13 |      111 |     4 |
|     13 |      113 |     4 |
|     13 |      112 |     4 |
|     13 |      114 |     4 |
|     13 |      113 |     4 |
|     13 |      113 |     4 |
|     13 |      113 |     4 |
|     13 |      114 |     4 |
|     13 |      111 |     4 |
|     13 |      111 |     4 |
|     13 |      113 |     4 |
|     13 |      112 |     4 |
|     13 |      114 |     4 |
|     13 |      114 |     4 |
|     13 |      112 |     4 |
|     13 |      112 |     4 |
|     13 |      111 |     4 |
|     13 |      111 |     4 |
|     13 |      112 |     4 |
|     13 |      111 |     4 |
|     13 |      111 |     4 |
|     13 |      112 |     4 |
|     13 |      112 |     4 |
|     13 |      113 |     4 |
|     13 |      112 |     4 |
|     13 |      113 |     4 |
|     13 |      113 |     4 |
|     13 |      114 |     4 |
|     13 |      113 |     4 |
|     13 |      111 |     4 |
|     13 |      111 |     4 |
|     13 |      113 |     4 |
|     13 |      112 |     4 |
|     13 |      112 |     4 |
|     13 |      113 |     4 |
|     13 |      113 |     4 |
|     13 |      111 |     4 |
|     13 |      113 |     4 |
|     13 |      112 |     4 |
|     13 |      113 |     4 |
|     13 |      114 |     4 |
|     13 |      114 |     4 |
|     13 |      113 |     4 |
|     13 |      112 |     4 |
|     13 |      112 |     4 |
|     13 |      111 |     4 |
|     13 |      112 |     4 |
|     13 |      111 |     4 |
|     13 |      112 |     4 |
|     13 |      112 |     4 |
|     13 |      114 |     4 |
|     13 |      112 |     4 |
|     13 |      113 |     4 |
|     13 |      112 |     4 |
|     13 |      112 |     4 |
|     13 |      112 |     4 |
|     13 |      113 |     4 |
|     13 |      113 |     4 |
|     13 |      114 |     4 |
|     13 |      111 |     4 |
|     13 |      114 |     4 |
|     13 |      113 |     4 |
|     13 |      111 |     4 |
|     13 |      113 |     4 |
|     13 |      112 |     4 |
|     13 |      112 |     4 |
|     13 |      114 |     4 |
|     13 |      114 |     4 |
|     13 |      111 |     4 |
|     13 |      113 |     4 |
|     13 |      111 |     4 |
|     13 |      112 |     5 |
|     13 |      111 |     5 |
|     13 |      112 |     5 |
|     13 |      111 |     5 |
|     13 |      113 |     5 |
|     13 |      113 |     5 |
|     13 |      111 |     5 |
|     13 |      113 |     5 |
|     13 |      112 |     5 |
|     13 |      111 |     5 |
|     13 |      111 |     5 |
|     13 |      111 |     5 |
|     13 |      113 |     5 |
|     13 |      113 |     5 |
|     13 |      111 |     5 |
|     13 |      114 |     5 |
|     13 |      114 |     5 |
|     13 |      114 |     5 |
|     13 |      112 |     5 |
|     13 |      113 |     5 |
|     13 |      114 |     5 |
|     13 |      111 |     5 |
|     13 |      114 |     5 |
|     13 |      113 |     5 |
|     13 |      112 |     5 |
|     13 |      112 |     5 |
|     13 |      111 |     5 |
|     13 |      112 |     5 |
|     13 |      111 |     5 |
|     13 |      113 |     5 |
|     13 |      114 |     5 |
|     13 |      114 |     5 |
|     13 |      114 |     5 |
|     13 |      114 |     5 |
|     13 |      114 |     5 |
|     13 |      114 |     5 |
|     13 |      113 |     5 |
|     13 |      114 |     5 |
|     13 |      114 |     5 |
|     13 |      113 |     5 |
|     13 |      113 |     5 |
|     13 |      113 |     5 |
|     13 |      113 |     5 |
|     13 |      114 |     5 |
|     13 |      113 |     5 |
|     13 |      113 |     5 |
|     13 |      113 |     5 |
|     13 |      114 |     5 |
|     13 |      113 |     5 |
|     13 |      114 |     5 |
|     13 |      114 |     5 |
|     13 |      113 |     5 |
|     13 |      113 |     5 |
|     13 |      113 |     5 |
|     13 |      114 |     5 |
|     13 |      114 |     5 |
|     13 |      114 |     5 |
|     13 |      113 |     5 |
|     13 |      114 |     5 |
|     13 |      113 |     5 |
|     13 |      114 |     5 |
|     13 |      114 |     5 |
|     13 |      114 |     5 |
|     13 |      113 |     5 |
|     13 |      113 |     5 |
|     13 |      114 |     5 |
|     13 |      114 |     5 |
|     13 |      113 |     5 |
|     13 |      114 |     5 |
|     13 |      114 |     5 |
|     13 |      114 |     5 |
|     13 |      113 |     5 |
|     13 |      113 |     5 |
|     13 |      114 |     5 |
|     13 |      113 |     5 |
|     13 |      113 |     5 |
|     13 |      113 |     5 |
|     13 |      113 |     5 |
|     13 |      113 |     5 |
|     13 |      113 |     5 |
|     13 |      114 |     5 |
|     13 |      113 |     5 |
|     13 |      113 |     5 |
|     13 |      114 |     5 |
|     13 |      113 |     5 |
|     13 |      113 |     5 |
|     13 |      113 |     5 |
|     13 |      114 |     5 |
|     13 |      114 |     5 |
|     13 |      114 |     5 |
|     13 |      114 |     5 |
|     13 |      114 |     5 |
|     13 |      114 |     5 |
|     13 |      113 |     5 |
|     13 |      113 |     5 |
|     13 |      114 |     5 |
|     13 |      114 |     5 |
|     13 |      113 |     5 |
|     13 |      114 |     5 |
|     13 |      114 |     5 |
|     13 |      113 |     5 |
|     13 |      114 |     5 |
|     13 |      114 |     5 |
|     13 |      114 |     5 |
|     13 |      114 |     5 |
|     13 |      114 |     5 |
|     13 |      114 |     5 |
|     13 |      113 |     5 |
|     13 |      113 |     5 |
|     13 |      113 |     5 |
|     13 |      113 |     5 |
|     13 |      113 |     5 |
|     13 |      114 |     5 |
|     13 |      114 |     5 |
|     13 |      113 |     5 |
|     13 |      114 |     5 |
|     13 |      114 |     5 |
|     13 |      113 |     5 |
|     13 |      114 |     5 |
|     13 |      114 |     5 |
|     13 |      113 |     5 |
|     13 |      113 |     5 |
|     13 |      113 |     5 |
|     13 |      113 |     5 |
|     13 |      114 |     5 |
|     13 |      113 |     5 |
|     13 |      114 |     5 |
|     13 |      113 |     5 |
|     13 |      114 |     5 |
|     13 |      113 |     5 |
|     13 |      114 |     5 |
|     13 |      114 |     5 |
|     13 |      113 |     5 |
|     13 |      114 |     5 |
|     13 |      114 |     5 |
|     13 |      113 |     5 |
|     13 |      114 |     5 |
|     13 |      114 |     5 |
|     13 |      114 |     5 |
|     13 |      114 |     5 |
|     13 |      113 |     5 |
|     13 |      114 |     5 |
|     13 |      113 |     5 |
|     13 |      114 |     5 |
|     13 |      114 |     5 |
|     13 |      113 |     5 |
|     13 |      113 |     5 |
|     13 |      113 |     5 |
|     13 |      114 |     5 |
|     13 |      113 |     5 |
|     13 |      114 |     5 |
|     13 |      113 |     5 |
|     13 |      114 |     5 |
|     13 |      113 |     5 |
|     13 |      113 |     5 |
|     13 |      114 |     5 |
|     13 |      113 |     5 |
|     13 |      114 |     5 |
|     13 |      114 |     5 |
|     13 |      114 |     5 |
|     13 |      114 |     5 |
|     13 |      114 |     5 |
|     13 |      113 |     5 |
|     13 |      114 |     5 |
|     13 |      113 |     5 |
|     13 |      113 |     5 |
|     13 |      114 |     5 |
|     13 |      114 |     5 |
|     13 |      114 |     5 |
|     13 |      113 |     5 |
|     13 |      113 |     5 |
|     13 |      114 |     5 |
|     13 |      114 |     5 |
|     13 |      114 |     5 |
|     13 |      114 |     5 |
|     13 |      113 |     5 |
|     13 |      114 |     5 |
|     13 |      113 |     5 |
|     13 |      114 |     5 |
|     13 |      114 |     5 |
|     13 |      113 |     5 |
|     13 |      113 |     5 |
|     13 |      113 |     5 |
|     13 |      113 |     5 |
|     13 |      114 |     5 |
|     13 |      114 |     5 |
|     13 |      113 |     5 |
|     13 |      113 |     5 |
|     13 |      114 |     5 |
|     13 |      114 |     5 |
|     13 |      114 |     5 |
|     13 |      113 |     5 |
|     13 |      113 |     5 |
|     13 |      113 |     5 |
|     13 |      113 |     5 |
|     13 |      113 |     5 |
|     13 |      114 |     5 |
|     13 |      114 |     5 |
|     13 |      114 |     5 |
|     13 |      114 |     5 |
|     13 |      114 |     5 |
|     13 |      114 |     5 |
|     13 |      113 |     5 |
|     13 |      113 |     5 |
|     13 |      113 |     5 |
|     13 |      113 |     5 |
|     13 |      114 |     5 |
|     13 |      114 |     5 |
|     13 |      114 |     5 |
|     13 |      114 |     5 |
|     13 |      114 |     5 |
|     13 |      113 |     5 |
|     13 |      114 |     5 |
|     13 |      114 |     5 |
|     13 |      114 |     5 |
|     13 |      113 |     5 |
|     13 |      113 |     5 |
|     13 |      114 |     5 |
|     13 |      114 |     5 |
|     13 |      113 |     5 |
|     13 |      113 |     5 |
|     13 |      113 |     5 |
|     13 |      114 |     5 |
|     13 |      113 |     5 |
|     13 |      113 |     5 |
|     13 |      114 |     5 |
|     13 |      114 |     5 |
|     13 |      114 |     5 |
|     13 |      113 |     5 |
|     13 |      113 |     5 |
|     13 |      114 |     5 |
|     13 |      114 |     5 |
|     13 |      113 |     5 |
|     13 |      113 |     5 |
|     13 |      114 |     5 |
|     13 |      114 |     5 |
|     13 |      113 |     5 |
|     13 |      114 |     5 |
|     13 |      113 |     5 |
|     13 |      114 |     5 |
|     13 |      113 |     5 |
|     13 |      113 |     5 |
|     13 |      114 |     5 |
|     13 |      114 |     5 |
|     13 |      113 |     5 |
|     13 |      113 |     5 |
|     13 |      113 |     5 |
|     13 |      113 |     5 |
|     13 |      113 |     5 |
|     13 |      114 |     5 |
|     13 |      113 |     5 |
|     13 |      113 |     5 |
|     13 |      114 |     5 |
|     13 |      114 |     5 |
|     13 |      113 |     5 |
|     13 |      113 |     5 |
|     13 |      113 |     5 |
|     13 |      113 |     5 |
|     13 |      114 |     5 |
|     13 |      114 |     5 |
|     13 |      114 |     5 |
|     13 |      114 |     5 |
|     13 |      113 |     5 |
|     13 |      114 |     5 |
|     13 |      114 |     5 |
|     13 |      113 |     5 |
|     13 |      113 |     5 |
|     13 |      113 |     5 |
|     13 |      113 |     5 |
|     13 |      114 |     5 |
|     13 |      114 |     5 |
|     13 |      114 |     5 |
|     13 |      114 |     5 |
|     13 |      114 |     5 |
|     13 |      114 |     5 |
|     13 |      113 |     5 |
|     13 |      114 |     5 |
|     13 |      113 |     5 |
|     13 |      114 |     5 |
|     13 |      113 |     5 |
|     13 |      114 |     5 |
|     13 |      114 |     5 |
|     13 |      113 |     5 |
|     13 |      113 |     5 |
|     13 |      113 |     5 |
|     13 |      114 |     5 |
|     13 |      114 |     5 |
|     13 |      113 |     5 |
|     13 |      114 |     5 |
|     13 |      113 |     5 |
|     13 |      114 |     5 |
|     13 |      113 |     5 |
|     13 |      114 |     5 |
|     13 |      114 |     5 |
|     13 |      114 |     5 |
|     13 |      113 |     5 |
|     13 |      114 |     5 |
|     13 |      113 |     5 |
|     13 |      114 |     5 |
|     13 |      114 |     5 |
|     13 |      114 |     5 |
|     13 |      113 |     5 |
|     13 |      113 |     5 |
|     13 |      114 |     5 |
|     13 |      113 |     5 |
|     13 |      114 |     5 |
|     13 |      113 |     5 |
|     13 |      113 |     5 |
|     13 |      114 |     5 |
|     13 |      114 |     5 |
|     13 |      114 |     5 |
|     13 |      113 |     5 |
|     13 |      113 |     5 |
|     13 |      113 |     5 |
|     13 |      113 |     5 |
|     13 |      113 |     5 |
|     13 |      113 |     5 |
|     13 |      113 |     5 |
|     13 |      114 |     5 |
|     13 |      114 |     5 |
|     13 |      114 |     5 |
|     13 |      113 |     5 |
|     13 |      113 |     5 |
|     13 |      114 |     5 |
|     13 |      114 |     5 |
|     13 |      113 |     5 |
|     13 |      114 |     5 |
|     13 |      114 |     5 |
|     13 |      114 |     5 |
|     13 |      114 |     5 |
|     13 |      114 |     5 |
|     13 |      113 |     5 |
|     13 |      113 |     5 |
|     13 |      113 |     5 |
|     13 |      113 |     5 |
|     13 |      114 |     5 |
|     13 |      114 |     5 |
|     13 |      113 |     5 |
|     13 |      114 |     5 |
|     13 |      113 |     5 |
|     13 |      114 |     5 |
|     13 |      113 |     5 |
|     13 |      114 |     5 |
|     13 |      113 |     5 |
|     13 |      113 |     5 |
|     13 |      114 |     5 |
|     13 |      114 |     5 |
|     13 |      114 |     5 |
|     13 |      114 |     5 |
|     13 |      114 |     5 |
|     13 |      114 |     5 |
|     13 |      113 |     5 |
|     13 |      114 |     5 |
|     13 |      113 |     5 |
|     13 |      114 |     5 |
|     13 |      114 |     5 |
|     13 |      114 |     5 |
|     13 |      114 |     5 |
|     13 |      113 |     5 |
|     13 |      114 |     5 |
|     13 |      114 |     5 |
|     13 |      114 |     5 |
|     13 |      113 |     5 |
|     13 |      113 |     5 |
|     13 |      114 |     5 |
|     13 |      113 |     5 |
|     13 |      114 |     5 |
|     13 |      113 |     5 |
|     13 |      114 |     5 |
|     13 |      113 |     5 |
|     13 |      113 |     5 |
|     13 |      113 |     5 |
|     13 |      113 |     5 |
|     13 |      113 |     5 |
|     13 |      113 |     5 |
|     13 |      113 |     5 |
|     13 |      114 |     5 |
|     13 |      114 |     5 |
|     13 |      114 |     5 |
|     13 |      113 |     5 |
|     13 |      113 |     5 |
|     13 |      114 |     5 |
|     13 |      113 |     5 |
|     13 |      113 |     5 |
|     13 |      114 |     5 |
|     13 |      114 |     5 |
|     13 |      114 |     5 |
|     13 |      114 |     5 |
|     13 |      113 |     5 |
|     13 |      114 |     5 |
|     13 |      114 |     5 |
|     13 |      113 |     5 |
|     13 |      113 |     5 |
|     13 |      114 |     5 |
|     13 |      113 |     5 |
|     13 |      113 |     5 |
|     13 |      114 |     5 |
|     13 |      114 |     5 |
|     13 |      113 |     5 |
|     13 |      113 |     5 |
|     13 |      114 |     5 |
|     13 |      114 |     5 |
|     13 |      113 |     5 |
|     13 |      113 |     5 |
|     13 |      113 |     5 |
|     13 |      114 |     5 |
|     13 |      113 |     5 |
|     13 |      113 |     5 |
|     13 |      114 |     5 |
|     13 |      113 |     5 |
|     13 |      113 |     5 |
|     13 |      114 |     5 |
|     13 |      113 |     5 |
|     13 |      113 |     5 |
|     13 |      114 |     5 |
|     13 |      113 |     5 |
|     13 |      114 |     5 |
|     13 |      113 |     5 |
|     13 |      114 |     5 |
|     13 |      113 |     5 |
|     13 |      114 |     5 |
|     13 |      114 |     5 |
|     13 |      114 |     5 |
|     13 |      114 |     5 |
|     13 |      113 |     5 |
|     13 |      114 |     5 |
|     13 |      113 |     5 |
|     13 |      113 |     5 |
|     13 |      114 |     5 |
|     13 |      114 |     5 |
|     13 |      113 |     5 |
|     13 |      113 |     5 |
|     13 |      114 |     5 |
|     13 |      114 |     5 |
|     13 |      113 |     5 |
|     13 |      114 |     5 |
|     13 |      113 |     5 |
|     13 |      114 |     5 |
|     13 |      113 |     5 |
|     13 |      113 |     5 |
|     13 |      113 |     5 |
|     13 |      114 |     5 |
|     13 |      114 |     5 |
|     13 |      114 |     5 |
|     13 |      113 |     5 |
|     13 |      114 |     5 |
|     13 |      113 |     5 |
|     13 |      113 |     5 |
|     13 |      113 |     5 |
|     13 |      113 |     5 |
|     13 |      114 |     5 |
|     13 |      113 |     5 |
|     13 |      114 |     5 |
|     13 |      113 |     5 |
|     13 |      113 |     5 |
|     13 |      113 |     5 |
|     13 |      114 |     5 |
|     13 |      114 |     5 |
|     13 |      113 |     5 |
|     13 |      114 |     5 |
|     13 |      113 |     5 |
|     13 |      113 |     5 |
|     13 |      113 |     5 |
|     13 |      114 |     5 |
|     13 |      114 |     5 |
|     13 |      113 |     5 |
|     13 |      113 |     5 |
|     13 |      113 |     5 |
|     13 |      113 |     5 |
|     13 |      113 |     5 |
|     13 |      113 |     5 |
|     13 |      114 |     5 |
|     13 |      113 |     5 |
|     13 |      114 |     5 |
|     13 |      113 |     5 |
|     13 |      113 |     5 |
|     13 |      114 |     5 |
|     13 |      114 |     5 |
|     13 |      113 |     5 |
|     13 |      114 |     5 |
|     13 |      113 |     5 |
|     13 |      114 |     5 |
|     13 |      114 |     5 |
|     13 |      114 |     5 |
|     13 |      113 |     5 |
|     13 |      113 |     5 |
|     13 |      114 |     5 |
|     13 |      113 |     5 |
|     13 |      114 |     5 |
|     13 |      113 |     5 |
|     13 |      113 |     5 |
|     13 |      113 |     5 |
|     13 |      114 |     5 |
|     13 |      114 |     5 |
|     13 |      113 |     5 |
|     13 |      113 |     5 |
|     13 |      114 |     5 |
|     13 |      114 |     5 |
|     13 |      114 |     5 |
|     13 |      113 |     5 |
|     13 |      114 |     5 |
|     13 |      113 |     5 |
|     13 |      114 |     5 |
|     13 |      113 |     5 |
|     13 |      114 |     5 |
|     13 |      113 |     5 |
|     13 |      114 |     5 |
|     13 |      113 |     5 |
|     13 |      113 |     5 |
|     13 |      113 |     5 |
|     13 |      113 |     5 |
|     13 |      114 |     5 |
|     13 |      113 |     5 |
|     13 |      113 |     5 |
|     13 |      114 |     5 |
|     13 |      114 |     5 |
|     13 |      114 |     5 |
|     13 |      113 |     5 |
|     13 |      113 |     5 |
|     13 |      114 |     5 |
|     13 |      114 |     5 |
|     13 |      113 |     5 |
|     13 |      113 |     5 |
|     13 |      113 |     5 |
|     13 |      113 |     5 |
|     13 |      114 |     5 |
|     13 |      114 |     5 |
|     13 |      113 |     5 |
|     13 |      113 |     5 |
|     13 |      113 |     5 |
|     13 |      114 |     5 |
|     13 |      114 |     5 |
|     13 |      114 |     5 |
|     13 |      114 |     5 |
|     13 |      113 |     5 |
|     13 |      114 |     5 |
|     13 |      114 |     5 |
|     13 |      114 |     5 |
|     13 |      114 |     5 |
|     13 |      114 |     5 |
|     13 |      114 |     5 |
|     13 |      113 |     5 |
|     13 |      114 |     5 |
|     13 |      114 |     5 |
|     13 |      113 |     5 |
|     13 |      114 |     5 |
|     13 |      114 |     5 |
|     13 |      113 |     5 |
|     13 |      113 |     5 |
|     13 |      114 |     5 |
|     13 |      113 |     5 |
|     13 |      113 |     5 |
|     13 |      114 |     5 |
|     13 |      113 |     5 |
|     13 |      114 |     5 |
|     13 |      114 |     5 |
|     13 |      114 |     5 |
|     13 |      114 |     5 |
|     13 |      113 |     5 |
|     13 |      113 |     5 |
|     13 |      114 |     5 |
|     13 |      114 |     5 |
|     13 |      114 |     5 |
|     13 |      114 |     5 |
|     13 |      114 |     5 |
|     13 |      113 |     5 |
|     13 |      114 |     5 |
|     13 |      113 |     5 |
|     13 |      114 |     5 |
|     13 |      114 |     5 |
|     13 |      113 |     5 |
|     13 |      113 |     5 |
|     13 |      113 |     5 |
|     13 |      113 |     5 |
|     13 |      114 |     5 |
|     13 |      114 |     5 |
|     13 |      113 |     5 |
|     13 |      114 |     5 |
|     13 |      114 |     5 |
|     13 |      114 |     5 |
|     13 |      114 |     5 |
|     13 |      114 |     5 |
|     13 |      114 |     5 |
|     13 |      113 |     5 |
|     13 |      113 |     5 |
|     13 |      114 |     5 |
|     13 |      113 |     5 |
|     13 |      114 |     5 |
|     13 |      113 |     5 |
|     13 |      113 |     5 |
|     13 |      113 |     5 |
|     13 |      114 |     5 |
|     13 |      113 |     5 |
|     13 |      113 |     5 |
|     13 |      114 |     5 |
|     13 |      113 |     5 |
|     13 |      114 |     5 |
|     13 |      114 |     5 |
|     13 |      114 |     5 |
|     13 |      114 |     5 |
|     13 |      113 |     5 |
|     13 |      113 |     5 |
|     13 |      114 |     5 |
|     13 |      113 |     5 |
|     13 |      113 |     5 |
|     13 |      113 |     5 |
|     13 |      114 |     5 |
|     13 |      113 |     5 |
|     13 |      114 |     5 |
|     13 |      114 |     5 |
|     13 |      114 |     5 |
|     13 |      113 |     5 |
|     13 |      113 |     5 |
|     13 |      113 |     5 |
|     13 |      114 |     5 |
|     13 |      114 |     5 |
|     13 |      113 |     5 |
|     13 |      113 |     5 |
|     13 |      114 |     5 |
|     13 |      113 |     5 |
|     13 |      113 |     5 |
|     13 |      113 |     5 |
|     13 |      113 |     5 |
|     13 |      114 |     5 |
|     13 |      114 |     5 |
|     13 |      114 |     5 |
|     13 |      114 |     5 |
|     13 |      113 |     5 |
|     13 |      114 |     5 |
|     13 |      113 |     5 |
|     13 |      113 |     5 |
|     13 |      114 |     5 |
|     13 |      113 |     5 |
|     13 |      114 |     5 |
|     13 |      113 |     5 |
|     13 |      113 |     5 |
|     13 |      114 |     5 |
|     13 |      113 |     5 |
|     13 |      114 |     5 |
|     13 |      114 |     5 |
|     13 |      114 |     5 |
|     13 |      113 |     5 |
|     13 |      113 |     5 |
|     13 |      114 |     5 |
|     13 |      113 |     5 |
|     13 |      113 |     5 |
|     13 |      114 |     5 |
|     13 |      113 |     5 |
|     13 |      114 |     5 |
|     13 |      113 |     5 |
|     13 |      114 |     5 |
|     13 |      113 |     5 |
|     13 |      113 |     5 |
|     13 |      114 |     5 |
|     13 |      114 |     5 |
|     13 |      113 |     5 |
|     13 |      114 |     5 |
|     13 |      113 |     5 |
|     13 |      114 |     5 |
|     13 |      114 |     5 |
|     13 |      114 |     5 |
|     13 |      113 |     5 |
|     13 |      113 |     5 |
|     13 |      114 |     5 |
|     13 |      113 |     5 |
|     13 |      113 |     5 |
|     13 |      113 |     5 |
|     13 |      114 |     5 |
|     13 |      113 |     5 |
|     13 |      113 |     5 |
|     13 |      113 |     5 |
|     13 |      113 |     5 |
|     13 |      114 |     5 |
|     13 |      113 |     5 |
|     13 |      113 |     5 |
|     13 |      114 |     5 |
|     13 |      114 |     5 |
|     13 |      113 |     5 |
|     13 |      114 |     5 |
|     13 |      113 |     5 |
|     13 |      114 |     5 |
|     13 |      114 |     5 |
|     13 |      114 |     5 |
|     13 |      114 |     5 |
|     13 |      113 |     5 |
|     13 |      113 |     5 |
|     13 |      114 |     5 |
|     13 |      113 |     5 |
|     13 |      114 |     5 |
|     13 |      113 |     5 |
|     13 |      114 |     5 |
|     13 |      113 |     5 |
|     13 |      114 |     5 |
|     13 |      114 |     5 |
|     13 |      113 |     5 |
|     13 |      114 |     5 |
|     13 |      114 |     5 |
|     13 |      113 |     5 |
|     13 |      113 |     5 |
|     13 |      113 |     5 |
|     13 |      113 |     5 |
|     13 |      114 |     5 |
|     13 |      113 |     5 |
|     13 |      113 |     5 |
|     13 |      113 |     5 |
|     13 |      113 |     5 |
|     13 |      113 |     5 |
|     13 |      114 |     5 |
|     13 |      113 |     5 |
|     13 |      114 |     5 |
|     13 |      113 |     5 |
|     13 |      113 |     5 |
|     13 |      113 |     5 |
|     13 |      114 |     5 |
|     13 |      114 |     5 |
|     13 |      114 |     5 |
|     13 |      114 |     5 |
|     13 |      114 |     5 |
|     13 |      113 |     5 |
|     13 |      113 |     5 |
|     13 |      113 |     5 |
|     13 |      113 |     5 |
|     13 |      113 |     5 |
|     13 |      113 |     5 |
|     13 |      113 |     5 |
|     13 |      113 |     5 |
|     13 |      114 |     5 |
|     13 |      113 |     5 |
|     13 |      114 |     5 |
|     13 |      113 |     5 |
|     13 |      114 |     5 |
|     13 |      114 |     5 |
|     13 |      114 |     5 |
|     13 |      114 |     5 |
|     13 |      113 |     5 |
|     13 |      114 |     5 |
|     13 |      113 |     5 |
|     13 |      114 |     5 |
|     13 |      114 |     5 |
|     13 |      114 |     5 |
|     13 |      113 |     5 |
|     13 |      114 |     5 |
|     13 |      114 |     5 |
|     13 |      114 |     5 |
|     13 |      113 |     5 |
|     13 |      113 |     5 |
|     13 |      113 |     5 |
|     13 |      113 |     5 |
|     13 |      114 |     5 |
|     13 |      114 |     5 |
|     13 |      113 |     5 |
|     13 |      114 |     5 |
|     13 |      114 |     5 |
|     13 |      113 |     5 |
|     13 |      113 |     5 |
|     13 |      114 |     5 |
|     13 |      113 |     5 |
|     13 |      114 |     5 |
|     13 |      113 |     5 |
|     13 |      114 |     5 |
|     13 |      113 |     5 |
|     13 |      114 |     5 |
|     13 |      113 |     5 |
|     13 |      113 |     5 |
|     13 |      114 |     5 |
|     13 |      113 |     5 |
|     13 |      113 |     5 |
|     13 |      114 |     5 |
|     13 |      113 |     5 |
|     13 |      113 |     5 |
|     13 |      114 |     5 |
|     13 |      113 |     5 |
|     13 |      114 |     5 |
|     13 |      114 |     5 |
|     13 |      113 |     5 |
|     13 |      113 |     5 |
|     13 |      114 |     5 |
|     13 |      113 |     5 |
|     13 |      114 |     5 |
|     13 |      114 |     5 |
|     13 |      114 |     5 |
|     13 |      113 |     5 |
|     13 |      114 |     5 |
|     13 |      114 |     5 |
|     13 |      113 |     5 |
|     13 |      113 |     5 |
|     13 |      114 |     5 |
|     13 |      114 |     5 |
|     13 |      113 |     5 |
|     13 |      113 |     5 |
|     13 |      113 |     5 |
|     13 |      113 |     5 |
|     13 |      114 |     5 |
|     13 |      114 |     5 |
|     13 |      113 |     5 |
|     13 |      113 |     5 |
|     13 |      114 |     5 |
|     13 |      113 |     5 |
|     13 |      113 |     5 |
|     13 |      114 |     5 |
|     13 |      114 |     5 |
|     13 |      114 |     5 |
|     13 |      113 |     5 |
|     13 |      114 |     5 |
|     13 |      114 |     5 |
|     13 |      113 |     5 |
|     13 |      114 |     5 |
|     13 |      114 |     5 |
|     13 |      114 |     5 |
|     13 |      114 |     5 |
|     13 |      113 |     5 |
|     13 |      114 |     5 |
|     13 |      114 |     5 |
|     13 |      113 |     5 |
|     13 |      114 |     5 |
|     13 |      114 |     5 |
|     13 |      113 |     5 |
|     13 |      114 |     5 |
|     13 |      114 |     5 |
|     13 |      114 |     5 |
|     13 |      113 |     5 |
|     13 |      113 |     5 |
|     13 |      114 |     5 |
|     13 |      114 |     5 |
|     13 |      113 |     5 |
|     13 |      114 |     5 |
|     13 |      113 |     5 |
|     13 |      114 |     5 |
|     13 |      113 |     5 |
|     13 |      113 |     5 |
|     13 |      114 |     5 |
|     13 |      114 |     5 |
|     13 |      113 |     5 |
|     13 |      114 |     5 |
|     13 |      114 |     5 |
|     13 |      113 |     5 |
|     13 |      113 |     5 |
|     13 |      113 |     5 |
|     13 |      114 |     5 |
|     13 |      113 |     5 |
|     13 |      114 |     5 |
|     13 |      113 |     5 |
|     13 |      114 |     5 |
|     13 |      113 |     5 |
|     13 |      114 |     5 |
|     13 |      114 |     5 |
|     13 |      114 |     5 |
|     13 |      114 |     5 |
|     13 |      113 |     5 |
|     13 |      113 |     5 |
|     13 |      114 |     5 |
|     13 |      114 |     5 |
|     13 |      114 |     5 |
|     13 |      114 |     5 |
|     13 |      114 |     5 |
|     13 |      114 |     5 |
|     13 |      113 |     5 |
|     13 |      113 |     5 |
|     13 |      113 |     5 |
|     13 |      114 |     5 |
|     13 |      114 |     5 |
|     13 |      113 |     5 |
|     13 |      113 |     5 |
|     13 |      113 |     5 |
|     13 |      113 |     5 |
|     13 |      113 |     5 |
|     13 |      114 |     5 |
|     13 |      114 |     5 |
|     13 |      113 |     5 |
|     13 |      114 |     5 |
|     13 |      113 |     5 |
|     13 |      113 |     5 |
|     13 |      114 |     5 |
|     13 |      113 |     5 |
|     13 |      113 |     5 |
|     13 |      113 |     5 |
|     13 |      114 |     5 |
|     13 |      113 |     5 |
|     13 |      114 |     5 |
|     13 |      114 |     5 |
|     13 |      113 |     5 |
|     13 |      113 |     5 |
|     13 |      114 |     5 |
|     13 |      113 |     5 |
|     13 |      113 |     5 |
|     13 |      114 |     5 |
|     13 |      114 |     5 |
|     13 |      113 |     5 |
|     13 |      113 |     5 |
|     13 |      113 |     5 |
|     13 |      113 |     5 |
|     13 |      113 |     5 |
|     13 |      113 |     5 |
|     13 |      113 |     5 |
|     13 |      113 |     5 |
|     13 |      114 |     5 |
|     13 |      113 |     5 |
|     13 |      113 |     5 |
|     13 |      114 |     5 |
|     13 |      113 |     5 |
|     13 |      113 |     5 |
|     13 |      113 |     5 |
|     13 |      114 |     5 |
|     13 |      113 |     5 |
|     13 |      113 |     5 |
|     13 |      114 |     5 |
|     13 |      113 |     5 |
|     13 |      114 |     5 |
|     13 |      113 |     5 |
|     13 |      114 |     5 |
|     13 |      113 |     5 |
|     13 |      113 |     5 |
|     13 |      113 |     5 |
|     13 |      113 |     5 |
|     13 |      114 |     5 |
|     13 |      114 |     5 |
|     13 |      113 |     5 |
|     13 |      114 |     5 |
|     13 |      114 |     5 |
|     13 |      114 |     5 |
|     13 |      114 |     5 |
|     13 |      114 |     5 |
|     13 |      113 |     5 |
|     13 |      113 |     5 |
|     13 |      114 |     5 |
|     13 |      114 |     5 |
|     13 |      114 |     5 |
|     13 |      114 |     5 |
|     13 |      113 |     5 |
|     13 |      114 |     5 |
|     13 |      114 |     5 |
|     13 |      113 |     5 |
|     13 |      114 |     5 |
|     13 |      113 |     5 |
|     13 |      114 |     5 |
|     13 |      113 |     5 |
|     13 |      113 |     5 |
|     13 |      114 |     5 |
|     13 |      113 |     5 |
|     13 |      113 |     5 |
|     13 |      113 |     5 |
|     13 |      114 |     5 |
|     13 |      113 |     5 |
|     13 |      113 |     5 |
|     13 |      114 |     5 |
|     13 |      114 |     5 |
|     13 |      113 |     5 |
|     13 |      114 |     5 |
|     13 |      113 |     5 |
|     13 |      114 |     5 |
|     13 |      113 |     5 |
|     13 |      114 |     5 |
|     13 |      113 |     5 |
|     13 |      113 |     5 |
|     13 |      114 |     5 |
|     13 |      114 |     5 |
|     13 |      114 |     5 |
|     13 |      113 |     5 |
|     13 |      114 |     5 |
|     13 |      114 |     5 |
|     13 |      114 |     5 |
|     13 |      114 |     5 |
|     13 |      114 |     5 |
|     13 |      113 |     5 |
|     13 |      113 |     5 |
|     13 |      113 |     5 |
|     13 |      113 |     5 |
|     13 |      113 |     5 |
|     13 |      113 |     5 |
|     13 |      114 |     5 |
|     13 |      114 |     5 |
|     13 |      114 |     5 |
|     13 |      113 |     5 |
|     13 |      113 |     5 |
|     13 |      113 |     5 |
|     13 |      114 |     5 |
|     13 |      113 |     5 |
|     13 |      113 |     5 |
|     13 |      113 |     5 |
|     13 |      114 |     5 |
|     13 |      113 |     5 |
|     13 |      114 |     5 |
|     13 |      113 |     5 |
|     13 |      114 |     5 |
|     13 |      114 |     5 |
|     13 |      114 |     5 |
|     13 |      114 |     5 |
|     13 |      113 |     5 |
|     13 |      113 |     5 |
|     13 |      114 |     5 |
|     13 |      114 |     5 |
|     13 |      114 |     5 |
|     13 |      113 |     5 |
|     13 |      114 |     5 |
|     13 |      114 |     5 |
|     13 |      113 |     5 |
|     13 |      113 |     5 |
|     13 |      114 |     5 |
|     13 |      114 |     5 |
|     13 |      113 |     5 |
|     13 |      113 |     5 |
|     13 |      114 |     5 |
|     13 |      113 |     5 |
|     13 |      114 |     5 |
|     13 |      114 |     5 |
|     13 |      114 |     5 |
|     13 |      114 |     5 |
|     13 |      113 |     5 |
|     13 |      113 |     5 |
|     13 |      113 |     5 |
|     13 |      114 |     5 |
|     13 |      113 |     5 |
|     13 |      114 |     5 |
|     13 |      113 |     5 |
|     13 |      113 |     5 |
|     13 |      114 |     5 |
|     13 |      114 |     5 |
|     13 |      114 |     5 |
|     13 |      114 |     5 |
|     13 |      114 |     5 |
|     13 |      114 |     5 |
|     13 |      113 |     5 |
|     13 |      114 |     5 |
|     13 |      113 |     5 |
|     13 |      114 |     5 |
|     13 |      114 |     5 |
|     13 |      113 |     5 |
|     13 |      114 |     5 |
|     13 |      113 |     5 |
|     13 |      114 |     5 |
|     13 |      113 |     5 |
|     13 |      114 |     5 |
|     13 |      114 |     5 |
|     13 |      113 |     5 |
|     13 |      114 |     5 |
|     13 |      113 |     5 |
|     13 |      114 |     5 |
|     13 |      113 |     5 |
|     13 |      113 |     5 |
|     13 |      113 |     5 |
|     13 |      113 |     5 |
|     13 |      114 |     5 |
|     13 |      113 |     5 |
|     13 |      114 |     5 |
|     13 |      114 |     5 |
|     13 |      114 |     5 |
|     13 |      113 |     5 |
|     13 |      113 |     5 |
|     13 |      114 |     5 |
|     13 |      114 |     5 |
|     13 |      113 |     5 |
|     13 |      114 |     5 |
|     13 |      114 |     5 |
|     13 |      113 |     5 |
|     13 |      113 |     5 |
|     13 |      113 |     5 |
|     13 |      114 |     5 |
|     13 |      114 |     5 |
|     13 |      114 |     5 |
|     13 |      113 |     5 |
|     13 |      114 |     5 |
|     13 |      114 |     5 |
|     13 |      114 |     5 |
|     13 |      114 |     5 |
|     13 |      114 |     5 |
|     13 |      113 |     5 |
|     13 |      114 |     5 |
|     13 |      113 |     5 |
|     13 |      114 |     5 |
|     13 |      113 |     5 |
|     13 |      113 |     5 |
|     13 |      113 |     5 |
|     13 |      114 |     5 |
|     13 |      113 |     5 |
|     13 |      113 |     5 |
|     13 |      113 |     5 |
|     13 |      114 |     5 |
|     13 |      114 |     5 |
|     13 |      113 |     5 |
|     13 |      114 |     5 |
|     13 |      114 |     5 |
|     13 |      114 |     5 |
|     13 |      113 |     5 |
|     13 |      113 |     5 |
|     13 |      114 |     5 |
|     13 |      113 |     5 |
|     13 |      113 |     5 |
|     13 |      114 |     5 |
|     13 |      114 |     5 |
|     13 |      114 |     5 |
|     13 |      113 |     5 |
|     13 |      114 |     5 |
|     13 |      114 |     5 |
|     13 |      114 |     5 |
|     13 |      114 |     5 |
|     13 |      113 |     5 |
|     13 |      113 |     5 |
|     13 |      114 |     5 |
|     13 |      113 |     5 |
|     13 |      114 |     5 |
|     13 |      114 |     5 |
|     13 |      114 |     5 |
|     13 |      113 |     5 |
|     13 |      114 |     5 |
|     13 |      114 |     5 |
|     13 |      114 |     5 |
|     13 |      113 |     5 |
|     13 |      114 |     5 |
|     13 |      114 |     5 |
|     13 |      114 |     5 |
|     13 |      113 |     5 |
|     13 |      114 |     5 |
|     13 |      113 |     5 |
|     13 |      113 |     5 |
|     13 |      114 |     5 |
|     13 |      114 |     5 |
|     13 |      113 |     5 |
|     13 |      114 |     5 |
|     13 |      113 |     5 |
|     13 |      113 |     5 |
|     13 |      114 |     5 |
|     13 |      114 |     5 |
|     13 |      113 |     5 |
|     13 |      114 |     5 |
|     13 |      114 |     5 |
|     13 |      113 |     5 |
|     13 |      113 |     5 |
|     13 |      113 |     5 |
|     13 |      114 |     5 |
|     13 |      113 |     5 |
+--------+----------+-------+
1788 rows in set (0.00 sec)

mysql> SELECT * FROM Reviews;
+--------+----------+-------+
| UserId | RecipeId | Score |
+--------+----------+-------+
|     12 |      111 |     2 |
|     12 |      103 |     2 |
|     12 |      103 |     5 |
|     12 |      105 |     4 |
|     12 |      107 |     5 |
|     12 |      114 |     5 |
|     12 |      120 |     1 |
|     12 |      119 |     4 |
|     12 |      119 |     3 |
|     12 |      111 |     1 |
|     12 |      102 |     5 |
|     12 |      104 |     2 |
|     12 |      102 |     1 |
|     12 |      103 |     3 |
|     12 |      109 |     5 |
|     12 |      120 |     5 |
|     12 |      112 |     2 |
|     12 |      111 |     3 |
|     12 |      118 |     4 |
|     12 |      119 |     2 |
|     12 |      111 |     2 |
|     12 |      107 |     4 |
|     12 |      108 |     4 |
|     12 |      110 |     2 |
|     12 |      105 |     5 |
|     12 |      119 |     4 |
|     12 |      116 |     2 |
|     12 |      103 |     2 |
|     12 |      101 |     5 |
|     12 |      120 |     4 |
|     12 |      111 |     3 |
|     12 |      119 |     3 |
|     12 |      109 |     2 |
|     12 |      110 |     1 |
|     12 |      106 |     1 |
|     12 |      118 |     5 |
|     12 |      102 |     5 |
|     12 |      118 |     2 |
|     12 |      108 |     5 |
|     12 |      103 |     5 |
|     12 |      103 |     5 |
|     12 |      107 |     4 |
|     12 |      118 |     3 |
|     12 |      115 |     1 |
|     12 |      120 |     3 |
|     12 |      101 |     1 |
|     12 |      105 |     4 |
|     12 |      101 |     5 |
|     12 |      107 |     2 |
|     12 |      108 |     4 |
|     12 |      106 |     2 |
|     12 |      111 |     1 |
|     12 |      109 |     5 |
|     12 |      112 |     4 |
|     12 |      114 |     2 |
|     12 |      107 |     1 |
|     12 |      106 |     3 |
|     12 |      112 |     1 |
|     12 |      108 |     4 |
|     12 |      111 |     3 |
|     12 |      120 |     3 |
|     12 |      101 |     2 |
|     12 |      106 |     3 |
|     12 |      101 |     2 |
|     12 |      118 |     2 |
|     12 |      110 |     1 |
|     12 |      101 |     2 |
|     12 |      121 |     3 |
|     12 |      115 |     5 |
|     12 |      103 |     4 |
|     12 |      107 |     4 |
|     12 |      118 |     1 |
|     12 |      116 |     1 |
|     12 |      114 |     4 |
|     12 |      115 |     3 |
|     12 |      118 |     5 |
|     12 |      117 |     2 |
|     12 |      101 |     1 |
|     12 |      105 |     1 |
|     12 |      102 |     3 |
|     12 |      105 |     4 |
|     12 |      107 |     1 |
|     12 |      110 |     5 |
|     12 |      106 |     5 |
|     12 |      115 |     5 |
|     12 |      101 |     3 |
|     12 |      116 |     5 |
|     12 |      101 |     4 |
|     12 |      104 |     1 |
|     12 |      115 |     1 |
|     12 |      115 |     2 |
|     12 |      109 |     5 |
|     12 |      115 |     4 |
|     12 |      104 |     1 |
|     12 |      112 |     3 |
|     12 |      102 |     3 |
|     12 |      107 |     5 |
|     12 |      105 |     3 |
|     12 |      120 |     5 |
|     12 |      111 |     3 |
|     12 |      106 |     5 |
|     12 |      116 |     2 |
|     12 |      119 |     4 |
|     12 |      108 |     4 |
|     12 |      117 |     3 |
|     12 |      111 |     4 |
|     12 |      104 |     3 |
|     12 |      110 |     5 |
|     12 |      114 |     5 |
|     12 |      105 |     4 |
|     12 |      117 |     5 |
|     12 |      118 |     5 |
|     12 |      120 |     5 |
|     12 |      107 |     5 |
|     12 |      103 |     2 |
|     12 |      114 |     3 |
|     12 |      112 |     3 |
|     12 |      106 |     4 |
|     12 |      117 |     3 |
|     12 |      110 |     5 |
|     12 |      102 |     4 |
|     12 |      111 |     1 |
|     12 |      115 |     1 |
|     12 |      114 |     4 |
|     12 |      106 |     1 |
|     12 |      114 |     3 |
|     12 |      117 |     2 |
|     12 |      115 |     5 |
|     12 |      117 |     5 |
|     12 |      105 |     4 |
|     12 |      104 |     3 |
|     12 |      103 |     3 |
|     12 |      102 |     3 |
|     12 |      117 |     2 |
|     12 |      110 |     1 |
|     12 |      111 |     3 |
|     12 |      113 |     5 |
|     12 |      121 |     5 |
|     12 |      109 |     4 |
|     12 |      114 |     3 |
|     12 |      116 |     1 |
|     12 |      104 |     4 |
|     12 |      108 |     4 |
|     12 |      103 |     1 |
|     12 |      110 |     2 |
|     12 |      105 |     5 |
|     12 |      101 |     4 |
|     12 |      102 |     3 |
|     12 |      104 |     5 |
|     12 |      119 |     3 |
|     12 |      115 |     4 |
|     12 |      106 |     1 |
|     12 |      108 |     4 |
|     12 |      117 |     1 |
|     12 |      119 |     4 |
|     12 |      104 |     1 |
|     12 |      118 |     5 |
|     12 |      116 |     3 |
|     12 |      119 |     2 |
|     12 |      101 |     3 |
|     12 |      101 |     1 |
|     12 |      106 |     2 |
|     12 |      110 |     4 |
|     12 |      117 |     3 |
|     12 |      103 |     1 |
|     12 |      105 |     1 |
|     12 |      116 |     5 |
|     12 |      114 |     1 |
|     12 |      110 |     1 |
|     12 |      118 |     5 |
|     12 |      120 |     3 |
|     12 |      116 |     1 |
|     12 |      107 |     3 |
|     12 |      119 |     3 |
|     12 |      117 |     2 |
|     12 |      104 |     5 |
|     12 |      116 |     3 |
|     12 |      103 |     3 |
|     12 |      114 |     1 |
|     12 |      115 |     5 |
|     12 |      103 |     1 |
|     12 |      116 |     1 |
|     12 |      101 |     1 |
|     12 |      106 |     5 |
|     12 |      108 |     2 |
|     12 |      101 |     1 |
|     12 |      109 |     3 |
|     12 |      116 |     5 |
|     12 |      105 |     2 |
|     12 |      121 |     2 |
|     12 |      108 |     5 |
|     12 |      116 |     1 |
|     12 |      102 |     1 |
|     12 |      114 |     1 |
|     12 |      113 |     5 |
|     12 |      110 |     4 |
|     12 |      118 |     3 |
|     12 |      112 |     5 |
|     12 |      115 |     2 |
|     12 |      106 |     4 |
|     12 |      112 |     4 |
|     12 |      120 |     3 |
|     12 |      115 |     5 |
|     12 |      120 |     2 |
|     12 |      106 |     4 |
|     12 |      115 |     4 |
|     12 |      107 |     5 |
|     12 |      102 |     5 |
|     12 |      110 |     3 |
|     12 |      109 |     4 |
|     12 |      119 |     2 |
|     12 |      118 |     5 |
|     12 |      107 |     2 |
|     12 |      108 |     3 |
|     12 |      118 |     3 |
|     12 |      109 |     1 |
|     12 |      114 |     1 |
|     12 |      103 |     4 |
|     12 |      120 |     4 |
|     12 |      120 |     3 |
|     12 |      105 |     5 |
|     12 |      113 |     1 |
|     12 |      112 |     2 |
|     12 |      110 |     4 |
|     12 |      103 |     4 |
|     12 |      105 |     2 |
|     12 |      111 |     3 |
|     12 |      101 |     2 |
|     12 |      103 |     1 |
|     12 |      107 |     1 |
|     12 |      115 |     4 |
|     12 |      118 |     5 |
|     12 |      117 |     3 |
|     12 |      118 |     3 |
|     12 |      109 |     2 |
|     12 |      116 |     1 |
|     12 |      102 |     4 |
|     12 |      109 |     2 |
|     12 |      116 |     1 |
|     12 |      108 |     1 |
|     12 |      105 |     3 |
|     12 |      104 |     3 |
|     12 |      112 |     5 |
|     12 |      116 |     2 |
|     12 |      121 |     2 |
|     12 |      101 |     1 |
|     12 |      113 |     4 |
|     12 |      101 |     1 |
|     12 |      104 |     2 |
|     12 |      111 |     4 |
|     12 |      108 |     2 |
|     12 |      102 |     2 |
|     12 |      115 |     5 |
|     12 |      119 |     1 |
|     12 |      110 |     3 |
|     12 |      119 |     2 |
|     12 |      109 |     3 |
|     12 |      108 |     1 |
|     12 |      118 |     2 |
|     12 |      117 |     4 |
|     12 |      115 |     5 |
|     12 |      107 |     2 |
|     12 |      107 |     2 |
|     12 |      105 |     4 |
|     12 |      108 |     4 |
|     12 |      105 |     5 |
|     12 |      101 |     2 |
|     12 |      119 |     3 |
|     12 |      117 |     4 |
|     12 |      104 |     3 |
|     12 |      112 |     5 |
|     12 |      118 |     4 |
|     12 |      116 |     2 |
|     12 |      111 |     2 |
|     12 |      101 |     3 |
|     12 |      113 |     5 |
|     12 |      112 |     1 |
|     12 |      112 |     1 |
|     12 |      113 |     4 |
|     12 |      113 |     5 |
|     12 |      107 |     3 |
|     12 |      116 |     3 |
|     12 |      111 |     2 |
|     12 |      112 |     4 |
|     12 |      103 |     4 |
|     12 |      105 |     3 |
|     12 |      113 |     1 |
|     12 |      108 |     1 |
|     12 |      115 |     1 |
|     12 |      101 |     2 |
|     12 |      115 |     4 |
|     12 |      112 |     1 |
|     12 |      119 |     2 |
|     12 |      119 |     5 |
|     12 |      116 |     3 |
|     12 |      120 |     4 |
|     12 |      116 |     4 |
|     12 |      108 |     1 |
|     12 |      120 |     4 |
|     12 |      120 |     1 |
|     12 |      112 |     4 |
|     12 |      113 |     1 |
|     12 |      112 |     5 |
|     12 |      102 |     2 |
|     12 |      116 |     3 |
|     12 |      101 |     3 |
|     12 |      107 |     1 |
|     12 |      106 |     2 |
|     12 |      110 |     2 |
|     12 |      104 |     1 |
|     12 |      107 |     4 |
|     12 |      107 |     1 |
|     12 |      117 |     5 |
|     12 |      107 |     4 |
|     12 |      110 |     2 |
|     12 |      103 |     1 |
|     12 |      118 |     3 |
|     12 |      120 |     2 |
|     12 |      112 |     5 |
|     12 |      102 |     2 |
|     12 |      116 |     1 |
|     12 |      116 |     4 |
|     12 |      101 |     3 |
|     12 |      120 |     1 |
|     12 |      116 |     2 |
|     12 |      105 |     1 |
|     12 |      116 |     4 |
|     12 |      119 |     1 |
|     12 |      105 |     5 |
|     12 |      114 |     2 |
|     12 |      119 |     3 |
|     12 |      110 |     2 |
|     12 |      118 |     1 |
|     12 |      110 |     1 |
|     12 |      121 |     1 |
|     12 |      108 |     4 |
|     12 |      101 |     5 |
|     12 |      118 |     4 |
|     12 |      113 |     1 |
|     12 |      108 |     3 |
|     12 |      121 |     1 |
|     12 |      103 |     4 |
|     12 |      118 |     5 |
|     12 |      110 |     1 |
|     12 |      121 |     5 |
|     12 |      116 |     3 |
|     12 |      121 |     3 |
|     12 |      120 |     4 |
|     12 |      121 |     1 |
|     12 |      102 |     5 |
|     12 |      116 |     1 |
|     12 |      108 |     5 |
|     12 |      118 |     3 |
|     12 |      117 |     1 |
|     12 |      108 |     4 |
|     12 |      106 |     4 |
|     12 |      106 |     4 |
|     12 |      117 |     3 |
|     13 |      120 |     0 |
|     13 |      116 |     0 |
|     13 |      116 |     0 |
|     13 |      120 |     0 |
|     13 |      121 |     0 |
|     13 |      119 |     0 |
|     13 |      120 |     0 |
|     13 |      116 |     0 |
|     13 |      120 |     0 |
|     13 |      119 |     0 |
|     13 |      115 |     0 |
|     13 |      120 |     0 |
|     13 |      119 |     0 |
|     13 |      116 |     0 |
|     13 |      118 |     0 |
|     13 |      118 |     0 |
|     13 |      115 |     0 |
|     13 |      115 |     0 |
|     13 |      118 |     0 |
|     13 |      117 |     0 |
|     13 |      117 |     0 |
|     13 |      121 |     0 |
|     13 |      118 |     0 |
|     13 |      117 |     0 |
|     13 |      118 |     0 |
|     13 |      117 |     0 |
|     13 |      119 |     0 |
|     13 |      117 |     0 |
|     13 |      120 |     0 |
|     13 |      119 |     0 |
|     13 |      120 |     0 |
|     13 |      119 |     0 |
|     13 |      120 |     0 |
|     13 |      116 |     0 |
|     13 |      121 |     0 |
|     13 |      119 |     0 |
|     13 |      118 |     0 |
|     13 |      121 |     0 |
|     13 |      117 |     0 |
|     13 |      121 |     0 |
|     13 |      117 |     0 |
|     13 |      120 |     0 |
|     13 |      118 |     0 |
|     13 |      120 |     0 |
|     13 |      115 |     0 |
|     13 |      115 |     0 |
|     13 |      115 |     0 |
|     13 |      118 |     0 |
|     13 |      119 |     0 |
|     13 |      116 |     0 |
|     13 |      116 |     0 |
|     13 |      118 |     0 |
|     13 |      121 |     0 |
|     13 |      116 |     0 |
|     13 |      120 |     0 |
|     13 |      115 |     0 |
|     13 |      118 |     0 |
|     13 |      120 |     0 |
|     13 |      119 |     0 |
|     13 |      119 |     0 |
|     13 |      115 |     0 |
|     13 |      119 |     0 |
|     13 |      119 |     0 |
|     13 |      115 |     0 |
|     13 |      117 |     0 |
|     13 |      121 |     0 |
|     13 |      118 |     0 |
|     13 |      120 |     0 |
|     13 |      118 |     0 |
|     13 |      117 |     0 |
|     13 |      119 |     0 |
|     13 |      117 |     0 |
|     13 |      115 |     0 |
|     13 |      119 |     0 |
|     13 |      116 |     0 |
|     13 |      121 |     0 |
|     13 |      116 |     0 |
|     13 |      119 |     0 |
|     13 |      119 |     0 |
|     13 |      117 |     0 |
|     13 |      116 |     0 |
|     13 |      119 |     0 |
|     13 |      119 |     0 |
|     13 |      115 |     0 |
|     13 |      118 |     0 |
|     13 |      121 |     0 |
|     13 |      120 |     0 |
|     13 |      121 |     0 |
|     13 |      119 |     0 |
|     13 |      117 |     0 |
|     13 |      117 |     0 |
|     13 |      120 |     0 |
|     13 |      121 |     0 |
|     13 |      117 |     0 |
|     13 |      116 |     0 |
|     13 |      119 |     0 |
|     13 |      119 |     0 |
|     13 |      116 |     0 |
|     13 |      119 |     0 |
|     13 |      119 |     0 |
|     13 |      113 |     4 |
|     13 |      112 |     4 |
|     13 |      113 |     4 |
|     13 |      114 |     4 |
|     13 |      114 |     4 |
|     13 |      113 |     4 |
|     13 |      114 |     4 |
|     13 |      111 |     4 |
|     13 |      113 |     4 |
|     13 |      113 |     4 |
|     13 |      111 |     4 |
|     13 |      113 |     4 |
|     13 |      111 |     4 |
|     13 |      111 |     4 |
|     13 |      113 |     4 |
|     13 |      111 |     4 |
|     13 |      113 |     4 |
|     13 |      114 |     4 |
|     13 |      113 |     4 |
|     13 |      114 |     4 |
|     13 |      114 |     4 |
|     13 |      113 |     4 |
|     13 |      112 |     4 |
|     13 |      111 |     4 |
|     13 |      112 |     4 |
|     13 |      113 |     4 |
|     13 |      111 |     4 |
|     13 |      111 |     4 |
|     13 |      114 |     4 |
|     13 |      114 |     4 |
|     13 |      111 |     4 |
|     13 |      114 |     4 |
|     13 |      111 |     4 |
|     13 |      114 |     4 |
|     13 |      111 |     4 |
|     13 |      112 |     4 |
|     13 |      114 |     4 |
|     13 |      112 |     4 |
|     13 |      111 |     4 |
|     13 |      112 |     4 |
|     13 |      112 |     4 |
|     13 |      114 |     4 |
|     13 |      112 |     4 |
|     13 |      113 |     4 |
|     13 |      114 |     4 |
|     13 |      114 |     4 |
|     13 |      112 |     4 |
|     13 |      112 |     4 |
|     13 |      112 |     4 |
|     13 |      113 |     4 |
|     13 |      114 |     4 |
|     13 |      113 |     4 |
|     13 |      112 |     4 |
|     13 |      113 |     4 |
|     13 |      112 |     4 |
|     13 |      114 |     4 |
|     13 |      112 |     4 |
|     13 |      114 |     4 |
|     13 |      113 |     4 |
|     13 |      113 |     4 |
|     13 |      114 |     4 |
|     13 |      112 |     4 |
|     13 |      113 |     4 |
|     13 |      111 |     4 |
|     13 |      111 |     4 |
|     13 |      111 |     4 |
|     13 |      114 |     4 |
|     13 |      112 |     4 |
|     13 |      111 |     4 |
|     13 |      111 |     4 |
|     13 |      111 |     4 |
|     13 |      112 |     4 |
|     13 |      112 |     4 |
|     13 |      111 |     4 |
|     13 |      114 |     4 |
|     13 |      113 |     4 |
|     13 |      111 |     4 |
|     13 |      112 |     4 |
|     13 |      114 |     4 |
|     13 |      113 |     4 |
|     13 |      111 |     4 |
|     13 |      111 |     4 |
|     13 |      112 |     4 |
|     13 |      113 |     4 |
|     13 |      114 |     4 |
|     13 |      114 |     4 |
|     13 |      114 |     4 |
|     13 |      114 |     4 |
|     13 |      114 |     4 |
|     13 |      114 |     4 |
|     13 |      113 |     4 |
|     13 |      112 |     4 |
|     13 |      114 |     4 |
|     13 |      111 |     4 |
|     13 |      112 |     4 |
|     13 |      113 |     4 |
|     13 |      112 |     4 |
|     13 |      113 |     4 |
|     13 |      111 |     4 |
|     13 |      114 |     4 |
|     13 |      112 |     4 |
|     13 |      113 |     4 |
|     13 |      112 |     4 |
|     13 |      111 |     4 |
|     13 |      112 |     4 |
|     13 |      111 |     4 |
|     13 |      111 |     4 |
|     13 |      114 |     4 |
|     13 |      111 |     4 |
|     13 |      112 |     4 |
|     13 |      113 |     4 |
|     13 |      112 |     4 |
|     13 |      112 |     4 |
|     13 |      112 |     4 |
|     13 |      111 |     4 |
|     13 |      114 |     4 |
|     13 |      112 |     4 |
|     13 |      112 |     4 |
|     13 |      114 |     4 |
|     13 |      114 |     4 |
|     13 |      111 |     4 |
|     13 |      112 |     4 |
|     13 |      112 |     4 |
|     13 |      111 |     4 |
|     13 |      112 |     4 |
|     13 |      112 |     4 |
|     13 |      113 |     4 |
|     13 |      112 |     4 |
|     13 |      111 |     4 |
|     13 |      111 |     4 |
|     13 |      113 |     4 |
|     13 |      112 |     4 |
|     13 |      114 |     4 |
|     13 |      113 |     4 |
|     13 |      113 |     4 |
|     13 |      113 |     4 |
|     13 |      114 |     4 |
|     13 |      111 |     4 |
|     13 |      111 |     4 |
|     13 |      113 |     4 |
|     13 |      112 |     4 |
|     13 |      114 |     4 |
|     13 |      114 |     4 |
|     13 |      112 |     4 |
|     13 |      112 |     4 |
|     13 |      111 |     4 |
|     13 |      111 |     4 |
|     13 |      112 |     4 |
|     13 |      111 |     4 |
|     13 |      111 |     4 |
|     13 |      112 |     4 |
|     13 |      112 |     4 |
|     13 |      113 |     4 |
|     13 |      112 |     4 |
|     13 |      113 |     4 |
|     13 |      113 |     4 |
|     13 |      114 |     4 |
|     13 |      113 |     4 |
|     13 |      111 |     4 |
|     13 |      111 |     4 |
|     13 |      113 |     4 |
|     13 |      112 |     4 |
|     13 |      112 |     4 |
|     13 |      113 |     4 |
|     13 |      113 |     4 |
|     13 |      111 |     4 |
|     13 |      113 |     4 |
|     13 |      112 |     4 |
|     13 |      113 |     4 |
|     13 |      114 |     4 |
|     13 |      114 |     4 |
|     13 |      113 |     4 |
|     13 |      112 |     4 |
|     13 |      112 |     4 |
|     13 |      111 |     4 |
|     13 |      112 |     4 |
|     13 |      111 |     4 |
|     13 |      112 |     4 |
|     13 |      112 |     4 |
|     13 |      114 |     4 |
|     13 |      112 |     4 |
|     13 |      113 |     4 |
|     13 |      112 |     4 |
|     13 |      112 |     4 |
|     13 |      112 |     4 |
|     13 |      113 |     4 |
|     13 |      113 |     4 |
|     13 |      114 |     4 |
|     13 |      111 |     4 |
|     13 |      114 |     4 |
|     13 |      113 |     4 |
|     13 |      111 |     4 |
|     13 |      113 |     4 |
|     13 |      112 |     4 |
|     13 |      112 |     4 |
|     13 |      114 |     4 |
|     13 |      114 |     4 |
|     13 |      111 |     4 |
|     13 |      113 |     4 |
|     13 |      111 |     4 |
|     13 |      112 |     5 |
|     13 |      111 |     5 |
|     13 |      112 |     5 |
|     13 |      111 |     5 |
|     13 |      113 |     5 |
|     13 |      113 |     5 |
|     13 |      111 |     5 |
|     13 |      113 |     5 |
|     13 |      112 |     5 |
|     13 |      111 |     5 |
|     13 |      111 |     5 |
|     13 |      111 |     5 |
|     13 |      113 |     5 |
|     13 |      113 |     5 |
|     13 |      111 |     5 |
|     13 |      114 |     5 |
|     13 |      114 |     5 |
|     13 |      114 |     5 |
|     13 |      112 |     5 |
|     13 |      113 |     5 |
|     13 |      114 |     5 |
|     13 |      111 |     5 |
|     13 |      114 |     5 |
|     13 |      113 |     5 |
|     13 |      112 |     5 |
|     13 |      112 |     5 |
|     13 |      111 |     5 |
|     13 |      112 |     5 |
|     13 |      111 |     5 |
|     13 |      113 |     5 |
|     13 |      114 |     5 |
|     13 |      114 |     5 |
|     13 |      114 |     5 |
|     13 |      114 |     5 |
|     13 |      114 |     5 |
|     13 |      114 |     5 |
|     13 |      113 |     5 |
|     13 |      114 |     5 |
|     13 |      114 |     5 |
|     13 |      113 |     5 |
|     13 |      113 |     5 |
|     13 |      113 |     5 |
|     13 |      113 |     5 |
|     13 |      114 |     5 |
|     13 |      113 |     5 |
|     13 |      113 |     5 |
|     13 |      113 |     5 |
|     13 |      114 |     5 |
|     13 |      113 |     5 |
|     13 |      114 |     5 |
|     13 |      114 |     5 |
|     13 |      113 |     5 |
|     13 |      113 |     5 |
|     13 |      113 |     5 |
|     13 |      114 |     5 |
|     13 |      114 |     5 |
|     13 |      114 |     5 |
|     13 |      113 |     5 |
|     13 |      114 |     5 |
|     13 |      113 |     5 |
|     13 |      114 |     5 |
|     13 |      114 |     5 |
|     13 |      114 |     5 |
|     13 |      113 |     5 |
|     13 |      113 |     5 |
|     13 |      114 |     5 |
|     13 |      114 |     5 |
|     13 |      113 |     5 |
|     13 |      114 |     5 |
|     13 |      114 |     5 |
|     13 |      114 |     5 |
|     13 |      113 |     5 |
|     13 |      113 |     5 |
|     13 |      114 |     5 |
|     13 |      113 |     5 |
|     13 |      113 |     5 |
|     13 |      113 |     5 |
|     13 |      113 |     5 |
|     13 |      113 |     5 |
|     13 |      113 |     5 |
|     13 |      114 |     5 |
|     13 |      113 |     5 |
|     13 |      113 |     5 |
|     13 |      114 |     5 |
|     13 |      113 |     5 |
|     13 |      113 |     5 |
|     13 |      113 |     5 |
|     13 |      114 |     5 |
|     13 |      114 |     5 |
|     13 |      114 |     5 |
|     13 |      114 |     5 |
|     13 |      114 |     5 |
|     13 |      114 |     5 |
|     13 |      113 |     5 |
|     13 |      113 |     5 |
|     13 |      114 |     5 |
|     13 |      114 |     5 |
|     13 |      113 |     5 |
|     13 |      114 |     5 |
|     13 |      114 |     5 |
|     13 |      113 |     5 |
|     13 |      114 |     5 |
|     13 |      114 |     5 |
|     13 |      114 |     5 |
|     13 |      114 |     5 |
|     13 |      114 |     5 |
|     13 |      114 |     5 |
|     13 |      113 |     5 |
|     13 |      113 |     5 |
|     13 |      113 |     5 |
|     13 |      113 |     5 |
|     13 |      113 |     5 |
|     13 |      114 |     5 |
|     13 |      114 |     5 |
|     13 |      113 |     5 |
|     13 |      114 |     5 |
|     13 |      114 |     5 |
|     13 |      113 |     5 |
|     13 |      114 |     5 |
|     13 |      114 |     5 |
|     13 |      113 |     5 |
|     13 |      113 |     5 |
|     13 |      113 |     5 |
|     13 |      113 |     5 |
|     13 |      114 |     5 |
|     13 |      113 |     5 |
|     13 |      114 |     5 |
|     13 |      113 |     5 |
|     13 |      114 |     5 |
|     13 |      113 |     5 |
|     13 |      114 |     5 |
|     13 |      114 |     5 |
|     13 |      113 |     5 |
|     13 |      114 |     5 |
|     13 |      114 |     5 |
|     13 |      113 |     5 |
|     13 |      114 |     5 |
|     13 |      114 |     5 |
|     13 |      114 |     5 |
|     13 |      114 |     5 |
|     13 |      113 |     5 |
|     13 |      114 |     5 |
|     13 |      113 |     5 |
|     13 |      114 |     5 |
|     13 |      114 |     5 |
|     13 |      113 |     5 |
|     13 |      113 |     5 |
|     13 |      113 |     5 |
|     13 |      114 |     5 |
|     13 |      113 |     5 |
|     13 |      114 |     5 |
|     13 |      113 |     5 |
|     13 |      114 |     5 |
|     13 |      113 |     5 |
|     13 |      113 |     5 |
|     13 |      114 |     5 |
|     13 |      113 |     5 |
|     13 |      114 |     5 |
|     13 |      114 |     5 |
|     13 |      114 |     5 |
|     13 |      114 |     5 |
|     13 |      114 |     5 |
|     13 |      113 |     5 |
|     13 |      114 |     5 |
|     13 |      113 |     5 |
|     13 |      113 |     5 |
|     13 |      114 |     5 |
|     13 |      114 |     5 |
|     13 |      114 |     5 |
|     13 |      113 |     5 |
|     13 |      113 |     5 |
|     13 |      114 |     5 |
|     13 |      114 |     5 |
|     13 |      114 |     5 |
|     13 |      114 |     5 |
|     13 |      113 |     5 |
|     13 |      114 |     5 |
|     13 |      113 |     5 |
|     13 |      114 |     5 |
|     13 |      114 |     5 |
|     13 |      113 |     5 |
|     13 |      113 |     5 |
|     13 |      113 |     5 |
|     13 |      113 |     5 |
|     13 |      114 |     5 |
|     13 |      114 |     5 |
|     13 |      113 |     5 |
|     13 |      113 |     5 |
|     13 |      114 |     5 |
|     13 |      114 |     5 |
|     13 |      114 |     5 |
|     13 |      113 |     5 |
|     13 |      113 |     5 |
|     13 |      113 |     5 |
|     13 |      113 |     5 |
|     13 |      113 |     5 |
|     13 |      114 |     5 |
|     13 |      114 |     5 |
|     13 |      114 |     5 |
|     13 |      114 |     5 |
|     13 |      114 |     5 |
|     13 |      114 |     5 |
|     13 |      113 |     5 |
|     13 |      113 |     5 |
|     13 |      113 |     5 |
|     13 |      113 |     5 |
|     13 |      114 |     5 |
|     13 |      114 |     5 |
|     13 |      114 |     5 |
|     13 |      114 |     5 |
|     13 |      114 |     5 |
|     13 |      113 |     5 |
|     13 |      114 |     5 |
|     13 |      114 |     5 |
|     13 |      114 |     5 |
|     13 |      113 |     5 |
|     13 |      113 |     5 |
|     13 |      114 |     5 |
|     13 |      114 |     5 |
|     13 |      113 |     5 |
|     13 |      113 |     5 |
|     13 |      113 |     5 |
|     13 |      114 |     5 |
|     13 |      113 |     5 |
|     13 |      113 |     5 |
|     13 |      114 |     5 |
|     13 |      114 |     5 |
|     13 |      114 |     5 |
|     13 |      113 |     5 |
|     13 |      113 |     5 |
|     13 |      114 |     5 |
|     13 |      114 |     5 |
|     13 |      113 |     5 |
|     13 |      113 |     5 |
|     13 |      114 |     5 |
|     13 |      114 |     5 |
|     13 |      113 |     5 |
|     13 |      114 |     5 |
|     13 |      113 |     5 |
|     13 |      114 |     5 |
|     13 |      113 |     5 |
|     13 |      113 |     5 |
|     13 |      114 |     5 |
|     13 |      114 |     5 |
|     13 |      113 |     5 |
|     13 |      113 |     5 |
|     13 |      113 |     5 |
|     13 |      113 |     5 |
|     13 |      113 |     5 |
|     13 |      114 |     5 |
|     13 |      113 |     5 |
|     13 |      113 |     5 |
|     13 |      114 |     5 |
|     13 |      114 |     5 |
|     13 |      113 |     5 |
|     13 |      113 |     5 |
|     13 |      113 |     5 |
|     13 |      113 |     5 |
|     13 |      114 |     5 |
|     13 |      114 |     5 |
|     13 |      114 |     5 |
|     13 |      114 |     5 |
|     13 |      113 |     5 |
|     13 |      114 |     5 |
|     13 |      114 |     5 |
|     13 |      113 |     5 |
|     13 |      113 |     5 |
|     13 |      113 |     5 |
|     13 |      113 |     5 |
|     13 |      114 |     5 |
|     13 |      114 |     5 |
|     13 |      114 |     5 |
|     13 |      114 |     5 |
|     13 |      114 |     5 |
|     13 |      114 |     5 |
|     13 |      113 |     5 |
|     13 |      114 |     5 |
|     13 |      113 |     5 |
|     13 |      114 |     5 |
|     13 |      113 |     5 |
|     13 |      114 |     5 |
|     13 |      114 |     5 |
|     13 |      113 |     5 |
|     13 |      113 |     5 |
|     13 |      113 |     5 |
|     13 |      114 |     5 |
|     13 |      114 |     5 |
|     13 |      113 |     5 |
|     13 |      114 |     5 |
|     13 |      113 |     5 |
|     13 |      114 |     5 |
|     13 |      113 |     5 |
|     13 |      114 |     5 |
|     13 |      114 |     5 |
|     13 |      114 |     5 |
|     13 |      113 |     5 |
|     13 |      114 |     5 |
|     13 |      113 |     5 |
|     13 |      114 |     5 |
|     13 |      114 |     5 |
|     13 |      114 |     5 |
|     13 |      113 |     5 |
|     13 |      113 |     5 |
|     13 |      114 |     5 |
|     13 |      113 |     5 |
|     13 |      114 |     5 |
|     13 |      113 |     5 |
|     13 |      113 |     5 |
|     13 |      114 |     5 |
|     13 |      114 |     5 |
|     13 |      114 |     5 |
|     13 |      113 |     5 |
|     13 |      113 |     5 |
|     13 |      113 |     5 |
|     13 |      113 |     5 |
|     13 |      113 |     5 |
|     13 |      113 |     5 |
|     13 |      113 |     5 |
|     13 |      114 |     5 |
|     13 |      114 |     5 |
|     13 |      114 |     5 |
|     13 |      113 |     5 |
|     13 |      113 |     5 |
|     13 |      114 |     5 |
|     13 |      114 |     5 |
|     13 |      113 |     5 |
|     13 |      114 |     5 |
|     13 |      114 |     5 |
|     13 |      114 |     5 |
|     13 |      114 |     5 |
|     13 |      114 |     5 |
|     13 |      113 |     5 |
|     13 |      113 |     5 |
|     13 |      113 |     5 |
|     13 |      113 |     5 |
|     13 |      114 |     5 |
|     13 |      114 |     5 |
|     13 |      113 |     5 |
|     13 |      114 |     5 |
|     13 |      113 |     5 |
|     13 |      114 |     5 |
|     13 |      113 |     5 |
|     13 |      114 |     5 |
|     13 |      113 |     5 |
|     13 |      113 |     5 |
|     13 |      114 |     5 |
|     13 |      114 |     5 |
|     13 |      114 |     5 |
|     13 |      114 |     5 |
|     13 |      114 |     5 |
|     13 |      114 |     5 |
|     13 |      113 |     5 |
|     13 |      114 |     5 |
|     13 |      113 |     5 |
|     13 |      114 |     5 |
|     13 |      114 |     5 |
|     13 |      114 |     5 |
|     13 |      114 |     5 |
|     13 |      113 |     5 |
|     13 |      114 |     5 |
|     13 |      114 |     5 |
|     13 |      114 |     5 |
|     13 |      113 |     5 |
|     13 |      113 |     5 |
|     13 |      114 |     5 |
|     13 |      113 |     5 |
|     13 |      114 |     5 |
|     13 |      113 |     5 |
|     13 |      114 |     5 |
|     13 |      113 |     5 |
|     13 |      113 |     5 |
|     13 |      113 |     5 |
|     13 |      113 |     5 |
|     13 |      113 |     5 |
|     13 |      113 |     5 |
|     13 |      113 |     5 |
|     13 |      114 |     5 |
|     13 |      114 |     5 |
|     13 |      114 |     5 |
|     13 |      113 |     5 |
|     13 |      113 |     5 |
|     13 |      114 |     5 |
|     13 |      113 |     5 |
|     13 |      113 |     5 |
|     13 |      114 |     5 |
|     13 |      114 |     5 |
|     13 |      114 |     5 |
|     13 |      114 |     5 |
|     13 |      113 |     5 |
|     13 |      114 |     5 |
|     13 |      114 |     5 |
|     13 |      113 |     5 |
|     13 |      113 |     5 |
|     13 |      114 |     5 |
|     13 |      113 |     5 |
|     13 |      113 |     5 |
|     13 |      114 |     5 |
|     13 |      114 |     5 |
|     13 |      113 |     5 |
|     13 |      113 |     5 |
|     13 |      114 |     5 |
|     13 |      114 |     5 |
|     13 |      113 |     5 |
|     13 |      113 |     5 |
|     13 |      113 |     5 |
|     13 |      114 |     5 |
|     13 |      113 |     5 |
|     13 |      113 |     5 |
|     13 |      114 |     5 |
|     13 |      113 |     5 |
|     13 |      113 |     5 |
|     13 |      114 |     5 |
|     13 |      113 |     5 |
|     13 |      113 |     5 |
|     13 |      114 |     5 |
|     13 |      113 |     5 |
|     13 |      114 |     5 |
|     13 |      113 |     5 |
|     13 |      114 |     5 |
|     13 |      113 |     5 |
|     13 |      114 |     5 |
|     13 |      114 |     5 |
|     13 |      114 |     5 |
|     13 |      114 |     5 |
|     13 |      113 |     5 |
|     13 |      114 |     5 |
|     13 |      113 |     5 |
|     13 |      113 |     5 |
|     13 |      114 |     5 |
|     13 |      114 |     5 |
|     13 |      113 |     5 |
|     13 |      113 |     5 |
|     13 |      114 |     5 |
|     13 |      114 |     5 |
|     13 |      113 |     5 |
|     13 |      114 |     5 |
|     13 |      113 |     5 |
|     13 |      114 |     5 |
|     13 |      113 |     5 |
|     13 |      113 |     5 |
|     13 |      113 |     5 |
|     13 |      114 |     5 |
|     13 |      114 |     5 |
|     13 |      114 |     5 |
|     13 |      113 |     5 |
|     13 |      114 |     5 |
|     13 |      113 |     5 |
|     13 |      113 |     5 |
|     13 |      113 |     5 |
|     13 |      113 |     5 |
|     13 |      114 |     5 |
|     13 |      113 |     5 |
|     13 |      114 |     5 |
|     13 |      113 |     5 |
|     13 |      113 |     5 |
|     13 |      113 |     5 |
|     13 |      114 |     5 |
|     13 |      114 |     5 |
|     13 |      113 |     5 |
|     13 |      114 |     5 |
|     13 |      113 |     5 |
|     13 |      113 |     5 |
|     13 |      113 |     5 |
|     13 |      114 |     5 |
|     13 |      114 |     5 |
|     13 |      113 |     5 |
|     13 |      113 |     5 |
|     13 |      113 |     5 |
|     13 |      113 |     5 |
|     13 |      113 |     5 |
|     13 |      113 |     5 |
|     13 |      114 |     5 |
|     13 |      113 |     5 |
|     13 |      114 |     5 |
|     13 |      113 |     5 |
|     13 |      113 |     5 |
|     13 |      114 |     5 |
|     13 |      114 |     5 |
|     13 |      113 |     5 |
|     13 |      114 |     5 |
|     13 |      113 |     5 |
|     13 |      114 |     5 |
|     13 |      114 |     5 |
|     13 |      114 |     5 |
|     13 |      113 |     5 |
|     13 |      113 |     5 |
|     13 |      114 |     5 |
|     13 |      113 |     5 |
|     13 |      114 |     5 |
|     13 |      113 |     5 |
|     13 |      113 |     5 |
|     13 |      113 |     5 |
|     13 |      114 |     5 |
|     13 |      114 |     5 |
|     13 |      113 |     5 |
|     13 |      113 |     5 |
|     13 |      114 |     5 |
|     13 |      114 |     5 |
|     13 |      114 |     5 |
|     13 |      113 |     5 |
|     13 |      114 |     5 |
|     13 |      113 |     5 |
|     13 |      114 |     5 |
|     13 |      113 |     5 |
|     13 |      114 |     5 |
|     13 |      113 |     5 |
|     13 |      114 |     5 |
|     13 |      113 |     5 |
|     13 |      113 |     5 |
|     13 |      113 |     5 |
|     13 |      113 |     5 |
|     13 |      114 |     5 |
|     13 |      113 |     5 |
|     13 |      113 |     5 |
|     13 |      114 |     5 |
|     13 |      114 |     5 |
|     13 |      114 |     5 |
|     13 |      113 |     5 |
|     13 |      113 |     5 |
|     13 |      114 |     5 |
|     13 |      114 |     5 |
|     13 |      113 |     5 |
|     13 |      113 |     5 |
|     13 |      113 |     5 |
|     13 |      113 |     5 |
|     13 |      114 |     5 |
|     13 |      114 |     5 |
|     13 |      113 |     5 |
|     13 |      113 |     5 |
|     13 |      113 |     5 |
|     13 |      114 |     5 |
|     13 |      114 |     5 |
|     13 |      114 |     5 |
|     13 |      114 |     5 |
|     13 |      113 |     5 |
|     13 |      114 |     5 |
|     13 |      114 |     5 |
|     13 |      114 |     5 |
|     13 |      114 |     5 |
|     13 |      114 |     5 |
|     13 |      114 |     5 |
|     13 |      113 |     5 |
|     13 |      114 |     5 |
|     13 |      114 |     5 |
|     13 |      113 |     5 |
|     13 |      114 |     5 |
|     13 |      114 |     5 |
|     13 |      113 |     5 |
|     13 |      113 |     5 |
|     13 |      114 |     5 |
|     13 |      113 |     5 |
|     13 |      113 |     5 |
|     13 |      114 |     5 |
|     13 |      113 |     5 |
|     13 |      114 |     5 |
|     13 |      114 |     5 |
|     13 |      114 |     5 |
|     13 |      114 |     5 |
|     13 |      113 |     5 |
|     13 |      113 |     5 |
|     13 |      114 |     5 |
|     13 |      114 |     5 |
|     13 |      114 |     5 |
|     13 |      114 |     5 |
|     13 |      114 |     5 |
|     13 |      113 |     5 |
|     13 |      114 |     5 |
|     13 |      113 |     5 |
|     13 |      114 |     5 |
|     13 |      114 |     5 |
|     13 |      113 |     5 |
|     13 |      113 |     5 |
|     13 |      113 |     5 |
|     13 |      113 |     5 |
|     13 |      114 |     5 |
|     13 |      114 |     5 |
|     13 |      113 |     5 |
|     13 |      114 |     5 |
|     13 |      114 |     5 |
|     13 |      114 |     5 |
|     13 |      114 |     5 |
|     13 |      114 |     5 |
|     13 |      114 |     5 |
|     13 |      113 |     5 |
|     13 |      113 |     5 |
|     13 |      114 |     5 |
|     13 |      113 |     5 |
|     13 |      114 |     5 |
|     13 |      113 |     5 |
|     13 |      113 |     5 |
|     13 |      113 |     5 |
|     13 |      114 |     5 |
|     13 |      113 |     5 |
|     13 |      113 |     5 |
|     13 |      114 |     5 |
|     13 |      113 |     5 |
|     13 |      114 |     5 |
|     13 |      114 |     5 |
|     13 |      114 |     5 |
|     13 |      114 |     5 |
|     13 |      113 |     5 |
|     13 |      113 |     5 |
|     13 |      114 |     5 |
|     13 |      113 |     5 |
|     13 |      113 |     5 |
|     13 |      113 |     5 |
|     13 |      114 |     5 |
|     13 |      113 |     5 |
|     13 |      114 |     5 |
|     13 |      114 |     5 |
|     13 |      114 |     5 |
|     13 |      113 |     5 |
|     13 |      113 |     5 |
|     13 |      113 |     5 |
|     13 |      114 |     5 |
|     13 |      114 |     5 |
|     13 |      113 |     5 |
|     13 |      113 |     5 |
|     13 |      114 |     5 |
|     13 |      113 |     5 |
|     13 |      113 |     5 |
|     13 |      113 |     5 |
|     13 |      113 |     5 |
|     13 |      114 |     5 |
|     13 |      114 |     5 |
|     13 |      114 |     5 |
|     13 |      114 |     5 |
|     13 |      113 |     5 |
|     13 |      114 |     5 |
|     13 |      113 |     5 |
|     13 |      113 |     5 |
|     13 |      114 |     5 |
|     13 |      113 |     5 |
|     13 |      114 |     5 |
|     13 |      113 |     5 |
|     13 |      113 |     5 |
|     13 |      114 |     5 |
|     13 |      113 |     5 |
|     13 |      114 |     5 |
|     13 |      114 |     5 |
|     13 |      114 |     5 |
|     13 |      113 |     5 |
|     13 |      113 |     5 |
|     13 |      114 |     5 |
|     13 |      113 |     5 |
|     13 |      113 |     5 |
|     13 |      114 |     5 |
|     13 |      113 |     5 |
|     13 |      114 |     5 |
|     13 |      113 |     5 |
|     13 |      114 |     5 |
|     13 |      113 |     5 |
|     13 |      113 |     5 |
|     13 |      114 |     5 |
|     13 |      114 |     5 |
|     13 |      113 |     5 |
|     13 |      114 |     5 |
|     13 |      113 |     5 |
|     13 |      114 |     5 |
|     13 |      114 |     5 |
|     13 |      114 |     5 |
|     13 |      113 |     5 |
|     13 |      113 |     5 |
|     13 |      114 |     5 |
|     13 |      113 |     5 |
|     13 |      113 |     5 |
|     13 |      113 |     5 |
|     13 |      114 |     5 |
|     13 |      113 |     5 |
|     13 |      113 |     5 |
|     13 |      113 |     5 |
|     13 |      113 |     5 |
|     13 |      114 |     5 |
|     13 |      113 |     5 |
|     13 |      113 |     5 |
|     13 |      114 |     5 |
|     13 |      114 |     5 |
|     13 |      113 |     5 |
|     13 |      114 |     5 |
|     13 |      113 |     5 |
|     13 |      114 |     5 |
|     13 |      114 |     5 |
|     13 |      114 |     5 |
|     13 |      114 |     5 |
|     13 |      113 |     5 |
|     13 |      113 |     5 |
|     13 |      114 |     5 |
|     13 |      113 |     5 |
|     13 |      114 |     5 |
|     13 |      113 |     5 |
|     13 |      114 |     5 |
|     13 |      113 |     5 |
|     13 |      114 |     5 |
|     13 |      114 |     5 |
|     13 |      113 |     5 |
|     13 |      114 |     5 |
|     13 |      114 |     5 |
|     13 |      113 |     5 |
|     13 |      113 |     5 |
|     13 |      113 |     5 |
|     13 |      113 |     5 |
|     13 |      114 |     5 |
|     13 |      113 |     5 |
|     13 |      113 |     5 |
|     13 |      113 |     5 |
|     13 |      113 |     5 |
|     13 |      113 |     5 |
|     13 |      114 |     5 |
|     13 |      113 |     5 |
|     13 |      114 |     5 |
|     13 |      113 |     5 |
|     13 |      113 |     5 |
|     13 |      113 |     5 |
|     13 |      114 |     5 |
|     13 |      114 |     5 |
|     13 |      114 |     5 |
|     13 |      114 |     5 |
|     13 |      114 |     5 |
|     13 |      113 |     5 |
|     13 |      113 |     5 |
|     13 |      113 |     5 |
|     13 |      113 |     5 |
|     13 |      113 |     5 |
|     13 |      113 |     5 |
|     13 |      113 |     5 |
|     13 |      113 |     5 |
|     13 |      114 |     5 |
|     13 |      113 |     5 |
|     13 |      114 |     5 |
|     13 |      113 |     5 |
|     13 |      114 |     5 |
|     13 |      114 |     5 |
|     13 |      114 |     5 |
|     13 |      114 |     5 |
|     13 |      113 |     5 |
|     13 |      114 |     5 |
|     13 |      113 |     5 |
|     13 |      114 |     5 |
|     13 |      114 |     5 |
|     13 |      114 |     5 |
|     13 |      113 |     5 |
|     13 |      114 |     5 |
|     13 |      114 |     5 |
|     13 |      114 |     5 |
|     13 |      113 |     5 |
|     13 |      113 |     5 |
|     13 |      113 |     5 |
|     13 |      113 |     5 |
|     13 |      114 |     5 |
|     13 |      114 |     5 |
|     13 |      113 |     5 |
|     13 |      114 |     5 |
|     13 |      114 |     5 |
|     13 |      113 |     5 |
|     13 |      113 |     5 |
|     13 |      114 |     5 |
|     13 |      113 |     5 |
|     13 |      114 |     5 |
|     13 |      113 |     5 |
|     13 |      114 |     5 |
|     13 |      113 |     5 |
|     13 |      114 |     5 |
|     13 |      113 |     5 |
|     13 |      113 |     5 |
|     13 |      114 |     5 |
|     13 |      113 |     5 |
|     13 |      113 |     5 |
|     13 |      114 |     5 |
|     13 |      113 |     5 |
|     13 |      113 |     5 |
|     13 |      114 |     5 |
|     13 |      113 |     5 |
|     13 |      114 |     5 |
|     13 |      114 |     5 |
|     13 |      113 |     5 |
|     13 |      113 |     5 |
|     13 |      114 |     5 |
|     13 |      113 |     5 |
|     13 |      114 |     5 |
|     13 |      114 |     5 |
|     13 |      114 |     5 |
|     13 |      113 |     5 |
|     13 |      114 |     5 |
|     13 |      114 |     5 |
|     13 |      113 |     5 |
|     13 |      113 |     5 |
|     13 |      114 |     5 |
|     13 |      114 |     5 |
|     13 |      113 |     5 |
|     13 |      113 |     5 |
|     13 |      113 |     5 |
|     13 |      113 |     5 |
|     13 |      114 |     5 |
|     13 |      114 |     5 |
|     13 |      113 |     5 |
|     13 |      113 |     5 |
|     13 |      114 |     5 |
|     13 |      113 |     5 |
|     13 |      113 |     5 |
|     13 |      114 |     5 |
|     13 |      114 |     5 |
|     13 |      114 |     5 |
|     13 |      113 |     5 |
|     13 |      114 |     5 |
|     13 |      114 |     5 |
|     13 |      113 |     5 |
|     13 |      114 |     5 |
|     13 |      114 |     5 |
|     13 |      114 |     5 |
|     13 |      114 |     5 |
|     13 |      113 |     5 |
|     13 |      114 |     5 |
|     13 |      114 |     5 |
|     13 |      113 |     5 |
|     13 |      114 |     5 |
|     13 |      114 |     5 |
|     13 |      113 |     5 |
|     13 |      114 |     5 |
|     13 |      114 |     5 |
|     13 |      114 |     5 |
|     13 |      113 |     5 |
|     13 |      113 |     5 |
|     13 |      114 |     5 |
|     13 |      114 |     5 |
|     13 |      113 |     5 |
|     13 |      114 |     5 |
|     13 |      113 |     5 |
|     13 |      114 |     5 |
|     13 |      113 |     5 |
|     13 |      113 |     5 |
|     13 |      114 |     5 |
|     13 |      114 |     5 |
|     13 |      113 |     5 |
|     13 |      114 |     5 |
|     13 |      114 |     5 |
|     13 |      113 |     5 |
|     13 |      113 |     5 |
|     13 |      113 |     5 |
|     13 |      114 |     5 |
|     13 |      113 |     5 |
|     13 |      114 |     5 |
|     13 |      113 |     5 |
|     13 |      114 |     5 |
|     13 |      113 |     5 |
|     13 |      114 |     5 |
|     13 |      114 |     5 |
|     13 |      114 |     5 |
|     13 |      114 |     5 |
|     13 |      113 |     5 |
|     13 |      113 |     5 |
|     13 |      114 |     5 |
|     13 |      114 |     5 |
|     13 |      114 |     5 |
|     13 |      114 |     5 |
|     13 |      114 |     5 |
|     13 |      114 |     5 |
|     13 |      113 |     5 |
|     13 |      113 |     5 |
|     13 |      113 |     5 |
|     13 |      114 |     5 |
|     13 |      114 |     5 |
|     13 |      113 |     5 |
|     13 |      113 |     5 |
|     13 |      113 |     5 |
|     13 |      113 |     5 |
|     13 |      113 |     5 |
|     13 |      114 |     5 |
|     13 |      114 |     5 |
|     13 |      113 |     5 |
|     13 |      114 |     5 |
|     13 |      113 |     5 |
|     13 |      113 |     5 |
|     13 |      114 |     5 |
|     13 |      113 |     5 |
|     13 |      113 |     5 |
|     13 |      113 |     5 |
|     13 |      114 |     5 |
|     13 |      113 |     5 |
|     13 |      114 |     5 |
|     13 |      114 |     5 |
|     13 |      113 |     5 |
|     13 |      113 |     5 |
|     13 |      114 |     5 |
|     13 |      113 |     5 |
|     13 |      113 |     5 |
|     13 |      114 |     5 |
|     13 |      114 |     5 |
|     13 |      113 |     5 |
|     13 |      113 |     5 |
|     13 |      113 |     5 |
|     13 |      113 |     5 |
|     13 |      113 |     5 |
|     13 |      113 |     5 |
|     13 |      113 |     5 |
|     13 |      113 |     5 |
|     13 |      114 |     5 |
|     13 |      113 |     5 |
|     13 |      113 |     5 |
|     13 |      114 |     5 |
|     13 |      113 |     5 |
|     13 |      113 |     5 |
|     13 |      113 |     5 |
|     13 |      114 |     5 |
|     13 |      113 |     5 |
|     13 |      113 |     5 |
|     13 |      114 |     5 |
|     13 |      113 |     5 |
|     13 |      114 |     5 |
|     13 |      113 |     5 |
|     13 |      114 |     5 |
|     13 |      113 |     5 |
|     13 |      113 |     5 |
|     13 |      113 |     5 |
|     13 |      113 |     5 |
|     13 |      114 |     5 |
|     13 |      114 |     5 |
|     13 |      113 |     5 |
|     13 |      114 |     5 |
|     13 |      114 |     5 |
|     13 |      114 |     5 |
|     13 |      114 |     5 |
|     13 |      114 |     5 |
|     13 |      113 |     5 |
|     13 |      113 |     5 |
|     13 |      114 |     5 |
|     13 |      114 |     5 |
|     13 |      114 |     5 |
|     13 |      114 |     5 |
|     13 |      113 |     5 |
|     13 |      114 |     5 |
|     13 |      114 |     5 |
|     13 |      113 |     5 |
|     13 |      114 |     5 |
|     13 |      113 |     5 |
|     13 |      114 |     5 |
|     13 |      113 |     5 |
|     13 |      113 |     5 |
|     13 |      114 |     5 |
|     13 |      113 |     5 |
|     13 |      113 |     5 |
|     13 |      113 |     5 |
|     13 |      114 |     5 |
|     13 |      113 |     5 |
|     13 |      113 |     5 |
|     13 |      114 |     5 |
|     13 |      114 |     5 |
|     13 |      113 |     5 |
|     13 |      114 |     5 |
|     13 |      113 |     5 |
|     13 |      114 |     5 |
|     13 |      113 |     5 |
|     13 |      114 |     5 |
|     13 |      113 |     5 |
|     13 |      113 |     5 |
|     13 |      114 |     5 |
|     13 |      114 |     5 |
|     13 |      114 |     5 |
|     13 |      113 |     5 |
|     13 |      114 |     5 |
|     13 |      114 |     5 |
|     13 |      114 |     5 |
|     13 |      114 |     5 |
|     13 |      114 |     5 |
|     13 |      113 |     5 |
|     13 |      113 |     5 |
|     13 |      113 |     5 |
|     13 |      113 |     5 |
|     13 |      113 |     5 |
|     13 |      113 |     5 |
|     13 |      114 |     5 |
|     13 |      114 |     5 |
|     13 |      114 |     5 |
|     13 |      113 |     5 |
|     13 |      113 |     5 |
|     13 |      113 |     5 |
|     13 |      114 |     5 |
|     13 |      113 |     5 |
|     13 |      113 |     5 |
|     13 |      113 |     5 |
|     13 |      114 |     5 |
|     13 |      113 |     5 |
|     13 |      114 |     5 |
|     13 |      113 |     5 |
|     13 |      114 |     5 |
|     13 |      114 |     5 |
|     13 |      114 |     5 |
|     13 |      114 |     5 |
|     13 |      113 |     5 |
|     13 |      113 |     5 |
|     13 |      114 |     5 |
|     13 |      114 |     5 |
|     13 |      114 |     5 |
|     13 |      113 |     5 |
|     13 |      114 |     5 |
|     13 |      114 |     5 |
|     13 |      113 |     5 |
|     13 |      113 |     5 |
|     13 |      114 |     5 |
|     13 |      114 |     5 |
|     13 |      113 |     5 |
|     13 |      113 |     5 |
|     13 |      114 |     5 |
|     13 |      113 |     5 |
|     13 |      114 |     5 |
|     13 |      114 |     5 |
|     13 |      114 |     5 |
|     13 |      114 |     5 |
|     13 |      113 |     5 |
|     13 |      113 |     5 |
|     13 |      113 |     5 |
|     13 |      114 |     5 |
|     13 |      113 |     5 |
|     13 |      114 |     5 |
|     13 |      113 |     5 |
|     13 |      113 |     5 |
|     13 |      114 |     5 |
|     13 |      114 |     5 |
|     13 |      114 |     5 |
|     13 |      114 |     5 |
|     13 |      114 |     5 |
|     13 |      114 |     5 |
|     13 |      113 |     5 |
|     13 |      114 |     5 |
|     13 |      113 |     5 |
|     13 |      114 |     5 |
|     13 |      114 |     5 |
|     13 |      113 |     5 |
|     13 |      114 |     5 |
|     13 |      113 |     5 |
|     13 |      114 |     5 |
|     13 |      113 |     5 |
|     13 |      114 |     5 |
|     13 |      114 |     5 |
|     13 |      113 |     5 |
|     13 |      114 |     5 |
|     13 |      113 |     5 |
|     13 |      114 |     5 |
|     13 |      113 |     5 |
|     13 |      113 |     5 |
|     13 |      113 |     5 |
|     13 |      113 |     5 |
|     13 |      114 |     5 |
|     13 |      113 |     5 |
|     13 |      114 |     5 |
|     13 |      114 |     5 |
|     13 |      114 |     5 |
|     13 |      113 |     5 |
|     13 |      113 |     5 |
|     13 |      114 |     5 |
|     13 |      114 |     5 |
|     13 |      113 |     5 |
|     13 |      114 |     5 |
|     13 |      114 |     5 |
|     13 |      113 |     5 |
|     13 |      113 |     5 |
|     13 |      113 |     5 |
|     13 |      114 |     5 |
|     13 |      114 |     5 |
|     13 |      114 |     5 |
|     13 |      113 |     5 |
|     13 |      114 |     5 |
|     13 |      114 |     5 |
|     13 |      114 |     5 |
|     13 |      114 |     5 |
|     13 |      114 |     5 |
|     13 |      113 |     5 |
|     13 |      114 |     5 |
|     13 |      113 |     5 |
|     13 |      114 |     5 |
|     13 |      113 |     5 |
|     13 |      113 |     5 |
|     13 |      113 |     5 |
|     13 |      114 |     5 |
|     13 |      113 |     5 |
|     13 |      113 |     5 |
|     13 |      113 |     5 |
|     13 |      114 |     5 |
|     13 |      114 |     5 |
|     13 |      113 |     5 |
|     13 |      114 |     5 |
|     13 |      114 |     5 |
|     13 |      114 |     5 |
|     13 |      113 |     5 |
|     13 |      113 |     5 |
|     13 |      114 |     5 |
|     13 |      113 |     5 |
|     13 |      113 |     5 |
|     13 |      114 |     5 |
|     13 |      114 |     5 |
|     13 |      114 |     5 |
|     13 |      113 |     5 |
|     13 |      114 |     5 |
|     13 |      114 |     5 |
|     13 |      114 |     5 |
|     13 |      114 |     5 |
|     13 |      113 |     5 |
|     13 |      113 |     5 |
|     13 |      114 |     5 |
|     13 |      113 |     5 |
|     13 |      114 |     5 |
|     13 |      114 |     5 |
|     13 |      114 |     5 |
|     13 |      113 |     5 |
|     13 |      114 |     5 |
|     13 |      114 |     5 |
|     13 |      114 |     5 |
|     13 |      113 |     5 |
|     13 |      114 |     5 |
|     13 |      114 |     5 |
|     13 |      114 |     5 |
|     13 |      113 |     5 |
|     13 |      114 |     5 |
|     13 |      113 |     5 |
|     13 |      113 |     5 |
|     13 |      114 |     5 |
|     13 |      114 |     5 |
|     13 |      113 |     5 |
|     13 |      114 |     5 |
|     13 |      113 |     5 |
|     13 |      113 |     5 |
|     13 |      114 |     5 |
|     13 |      114 |     5 |
|     13 |      113 |     5 |
|     13 |      114 |     5 |
|     13 |      114 |     5 |
|     13 |      113 |     5 |
|     13 |      113 |     5 |
|     13 |      113 |     5 |
|     13 |      114 |     5 |
|     13 |      113 |     5 |
|     14 |      122 |     4 |
+--------+----------+-------+
1789 rows in set (0.00 sec)

